  (v 0) 0x0
  (v 1) 0x0
  (v 2) 0x0
  (v 3) 0x0
  (v 4) 0x0
  (v 5) 0x0
  (v 6) 0x0
  (v 7) 0x0
  (v 8) 0x0
  (v 9) 0x0
  (v10) 0x0
  (v11) 0x0
  (v12) 0x0
  (v13) 0x0
  (v14) 0x0
  (v15) 0x0
  (v 0) 0x0
  (v 1) 0x0
  (v 2) 0x0
  (v 3) 0x0
  (v 4) 0x0
  (v 5) 0x0
  (v 6) 0x0
  (v 7) 0x0
  (v 8) 0x0
  (v 9) 0x0
  (v10) 0x0
  (v11) 0x0
  (v12) 0x0
  (v13) 0x0
  (v14) 0x0
  (v15) 0x0
  (v 0) 0x0
  (v 1) 0x0
  (v 2) 0x0
  (v 3) 0x0
  (v 4) 0x0
  (v 5) 0x0
  (v 6) 0x0
  (v 7) 0x0
  (v 8) 0x0
  (v 9) 0x0
  (v10) 0x0
  (v11) 0x0
  (v12) 0x0
  (v13) 0x0
  (v14) 0x0
  (v15) 0x0
  (v 0) 0x0
  (v 1) 0x0
  (v 2) 0x0
  (v 3) 0x0
  (v 4) 0x0
  (v 5) 0x0
  (v 6) 0x0
  (v 7) 0x0
  (v 8) 0x0
  (v 9) 0x0
  (v10) 0x0
  (v11) 0x0
  (v12) 0x0
  (v13) 0x0
  (v14) 0x0
  (v15) 0x0
  (v 0) 0x0
  (v 1) 0x0
  (v 2) 0x0
  (v 3) 0x0
  (v 4) 0x0
  (v 5) 0x0
  (v 6) 0x0
  (v 7) 0x0
  (v 8) 0x0
  (v 9) 0x0
  (v10) 0x0
  (v11) 0x0
  (v12) 0x0
  (v13) 0x0
  (v14) 0x0
  (v15) 0x0
  (v 0) 0x0
  (v 1) 0x0
  (v 2) 0x0
  (v 3) 0x0
  (v 4) 0x0
  (v 5) 0x0
  (v 6) 0x0
  (v 7) 0x0
  (v 8) 0x0
  (v 9) 0x0
  (v10) 0x0
  (v11) 0x0
  (v12) 0x0
  (v13) 0x0
  (v14) 0x0
  (v15) 0x0
  (v 0) 0x0
  (v 1) 0x0
  (v 2) 0x0
  (v 3) 0x0
  (v 4) 0x0
  (v 5) 0x0
  (v 6) 0x0
  (v 7) 0x0
  (v 8) 0x0
  (v 9) 0x0
  (v10) 0x0
  (v11) 0x0
  (v12) 0x0
  (v13) 0x0
  (v14) 0x0
  (v15) 0x1
  (v 0) 0x4
  (v 1) 0x0
  (v 2) 0x0
  (v 3) 0x0
  (v 4) 0x0
  (v 5) 0x0
  (v 6) 0x0
  (v 7) 0x0
  (v 8) 0x0
  (v 9) 0x0
  (v10) 0x0
  (v11) 0x0
  (v12) 0x0
  (v13) 0x0
  (v14) 0x0
  (v15) 0x1
  (v 0) 0x4
  (v 1) 0x0
  (v 2) 0x0
  (v 3) 0x0
  (v 4) 0x0
  (v 5) 0x0
  (v 6) 0x0
  (v 7) 0x0
  (v 8) 0x0
  (v 9) 0x0
  (v10) 0x0
  (v11) 0x0
  (v12) 0x0
  (v13) 0x0
  (v14) 0x0
  (v15) 0x1
  (v 0) 0x4
  (v 1) 0x0
  (v 2) 0x0
  (v 3) 0x0
  (v 4) 0x0
  (v 5) 0x0
  (v 6) 0x0
  (v 7) 0x0
  (v 8) 0x0
  (v 9) 0x0
  (v10) 0x0
  (v11) 0x0
  (v12) 0x0
  (v13) 0x0
  (v14) 0x0
  (v15) 0x1
  (v 0) 0x4
  (v 1) 0x0
  (v 2) 0x0
  (v 3) 0x0
  (v 4) 0x0
  (v 5) 0x0
  (v 6) 0x0
  (v 7) 0x0
  (v 8) 0x0
  (v 9) 0x0
  (v10) 0x0
  (v11) 0x0
  (v12) 0x0
  (v13) 0x0
  (v14) 0x0
  (v15) 0x1
  (v 0) 0x4
  (v 1) 0x0
  (v 2) 0x0
  (v 3) 0x0
  (v 4) 0x0
  (v 5) 0x0
  (v 6) 0x0
  (v 7) 0x0
  (v 8) 0x0
  (v 9) 0x0
  (v10) 0x0
  (v11) 0x0
  (v12) 0x0
  (v13) 0x0
  (v14) 0x0
  (v15) 0x1
  (v 0) 0x4
  (v 1) 0x0
  (v 2) 0x0
  (v 3) 0x0
  (v 4) 0x0
  (v 5) 0x0
  (v 6) 0x0
  (v 7) 0x0
  (v 8) 0x0
  (v 9) 0x0
  (v10) 0x0
  (v11) 0x0
  (v12) 0x0
  (v13) 0x0
  (v14) 0x0
  (v15) 0x1
  (v 0) 0x4
  (v 1) 0x0
  (v 2) 0x0
  (v 3) 0x0
  (v 4) 0x0
  (v 5) 0x0
  (v 6) 0x0
  (v 7) 0x0
  (v 8) 0x0
  (v 9) 0x0
  (v10) 0x0
  (v11) 0x0
  (v12) 0x0
  (v13) 0x0
  (v14) 0x0
  (v15) 0x1
  (v 0) 0x4
  (v 1) 0x0
  (v 2) 0x0
  (v 3) 0x0
  (v 4) 0x0
  (v 5) 0x0
  (v 6) 0x0
  (v 7) 0x0
  (v 8) 0x0
  (v 9) 0x0
  (v10) 0x0
  (v11) 0x0
  (v12) 0x0
  (v13) 0x0
  (v14) 0x0
  (v15) 0x1
  (v 0) 0x8
  (v 1) 0x0
  (v 2) 0x0
  (v 3) 0x0
  (v 4) 0x0
  (v 5) 0x0
  (v 6) 0x0
  (v 7) 0x0
  (v 8) 0x0
  (v 9) 0x0
  (v10) 0x0
  (v11) 0x0
  (v12) 0x0
  (v13) 0x0
  (v14) 0x0
  (v15) 0x1
  (v 0) 0x8
  (v 1) 0x0
  (v 2) 0x0
  (v 3) 0x0
  (v 4) 0x0
  (v 5) 0x0
  (v 6) 0x0
  (v 7) 0x0
  (v 8) 0x0
  (v 9) 0x0
  (v10) 0x0
  (v11) 0x0
  (v12) 0x0
  (v13) 0x0
  (v14) 0x0
  (v15) 0x1
  (v 0) 0x8
  (v 1) 0x0
  (v 2) 0x0
  (v 3) 0x0
  (v 4) 0x0
  (v 5) 0x0
  (v 6) 0x0
  (v 7) 0x0
  (v 8) 0x0
  (v 9) 0x0
  (v10) 0x0
  (v11) 0x0
  (v12) 0x0
  (v13) 0x0
  (v14) 0x0
  (v15) 0x1
  (v 0) 0x8
  (v 1) 0x0
  (v 2) 0x0
  (v 3) 0x0
  (v 4) 0x0
  (v 5) 0x0
  (v 6) 0x0
  (v 7) 0x0
  (v 8) 0x0
  (v 9) 0x0
  (v10) 0x0
  (v11) 0x0
  (v12) 0x0
  (v13) 0x0
  (v14) 0x0
  (v15) 0x1
  (v 0) 0x8
  (v 1) 0x0
  (v 2) 0x0
  (v 3) 0x0
  (v 4) 0x0
  (v 5) 0x0
  (v 6) 0x0
  (v 7) 0x0
  (v 8) 0x0
  (v 9) 0x0
  (v10) 0x0
  (v11) 0x0
  (v12) 0x0
  (v13) 0x0
  (v14) 0x0
  (v15) 0x1
  (v 0) 0x8
  (v 1) 0x0
  (v 2) 0x0
  (v 3) 0x0
  (v 4) 0x0
  (v 5) 0x0
  (v 6) 0x0
  (v 7) 0x0
  (v 8) 0x0
  (v 9) 0x0
  (v10) 0x0
  (v11) 0x0
  (v12) 0x0
  (v13) 0x0
  (v14) 0x0
  (v15) 0x1
  (v 0) 0x8
  (v 1) 0x0
  (v 2) 0x0
  (v 3) 0x0
  (v 4) 0x0
  (v 5) 0x0
  (v 6) 0x0
  (v 7) 0x0
  (v 8) 0x0
  (v 9) 0x0
  (v10) 0x0
  (v11) 0x0
  (v12) 0x0
  (v13) 0x0
  (v14) 0x0
  (v15) 0x1
  (v 0) 0x8
  (v 1) 0x0
  (v 2) 0x0
  (v 3) 0x0
  (v 4) 0x0
  (v 5) 0x0
  (v 6) 0x0
  (v 7) 0x0
  (v 8) 0x0
  (v 9) 0x0
  (v10) 0x0
  (v11) 0x0
  (v12) 0x0
  (v13) 0x0
  (v14) 0x0
  (v15) 0x1
  (v 0) 0xc
  (v 1) 0x0
  (v 2) 0x0
  (v 3) 0x0
  (v 4) 0x0
  (v 5) 0x0
  (v 6) 0x0
  (v 7) 0x0
  (v 8) 0x0
  (v 9) 0x0
  (v10) 0x0
  (v11) 0x0
  (v12) 0x0
  (v13) 0x0
  (v14) 0x0
  (v15) 0x1
  (v 0) 0xc
  (v 1) 0x0
  (v 2) 0x0
  (v 3) 0x0
  (v 4) 0x0
  (v 5) 0x0
  (v 6) 0x0
  (v 7) 0x0
  (v 8) 0x0
  (v 9) 0x0
  (v10) 0x0
  (v11) 0x0
  (v12) 0x0
  (v13) 0x0
  (v14) 0x0
  (v15) 0x1
  (v 0) 0xc
  (v 1) 0x0
  (v 2) 0x0
  (v 3) 0x0
  (v 4) 0x0
  (v 5) 0x0
  (v 6) 0x0
  (v 7) 0x0
  (v 8) 0x0
  (v 9) 0x0
  (v10) 0x0
  (v11) 0x0
  (v12) 0x0
  (v13) 0x0
  (v14) 0x0
  (v15) 0x1
  (v 0) 0xc
  (v 1) 0x0
  (v 2) 0x0
  (v 3) 0x0
  (v 4) 0x0
  (v 5) 0x0
  (v 6) 0x0
  (v 7) 0x0
  (v 8) 0x0
  (v 9) 0x0
  (v10) 0x0
  (v11) 0x0
  (v12) 0x0
  (v13) 0x0
  (v14) 0x0
  (v15) 0x1
  (v 0) 0xc
  (v 1) 0x0
  (v 2) 0x1
  (v 3) 0x0
  (v 4) 0x0
  (v 5) 0x0
  (v 6) 0x0
  (v 7) 0x0
  (v 8) 0x0
  (v 9) 0x0
  (v10) 0x0
  (v11) 0x0
  (v12) 0x0
  (v13) 0x0
  (v14) 0x0
  (v15) 0x1
  (v 0) 0xc
  (v 1) 0x0
  (v 2) 0x1
  (v 3) 0x0
  (v 4) 0x0
  (v 5) 0x0
  (v 6) 0x0
  (v 7) 0x0
  (v 8) 0x0
  (v 9) 0x0
  (v10) 0x0
  (v11) 0x0
  (v12) 0x0
  (v13) 0x0
  (v14) 0x0
  (v15) 0x1
  (v 0) 0xc
  (v 1) 0x0
  (v 2) 0x1
  (v 3) 0x0
  (v 4) 0x0
  (v 5) 0x0
  (v 6) 0x0
  (v 7) 0x0
  (v 8) 0x0
  (v 9) 0x0
  (v10) 0x0
  (v11) 0x0
  (v12) 0x0
  (v13) 0x0
  (v14) 0x0
  (v15) 0x1
  (v 0) 0x10
  (v 1) 0x0
  (v 2) 0x1
  (v 3) 0x0
  (v 4) 0x0
  (v 5) 0x0
  (v 6) 0x0
  (v 7) 0x0
  (v 8) 0x0
  (v 9) 0x0
  (v10) 0x0
  (v11) 0x0
  (v12) 0x0
  (v13) 0x0
  (v14) 0x0
  (v15) 0x1
  (v 0) 0x10
  (v 1) 0x0
  (v 2) 0x1
  (v 3) 0x0
  (v 4) 0x0
  (v 5) 0x0
  (v 6) 0x0
  (v 7) 0x0
  (v 8) 0x0
  (v 9) 0x0
  (v10) 0x0
  (v11) 0x0
  (v12) 0x0
  (v13) 0x0
  (v14) 0x0
  (v15) 0x1
  (v 0) 0x10
  (v 1) 0x0
  (v 2) 0x1
  (v 3) 0x0
  (v 4) 0x0
  (v 5) 0x0
  (v 6) 0x0
  (v 7) 0x0
  (v 8) 0x0
  (v 9) 0x0
  (v10) 0x0
  (v11) 0x0
  (v12) 0x0
  (v13) 0x0
  (v14) 0x0
  (v15) 0x1
  (v 0) 0x10
  (v 1) 0x0
  (v 2) 0x1
  (v 3) 0x0
  (v 4) 0x0
  (v 5) 0x0
  (v 6) 0x0
  (v 7) 0x0
  (v 8) 0x0
  (v 9) 0x0
  (v10) 0x0
  (v11) 0x0
  (v12) 0x0
  (v13) 0x0
  (v14) 0x0
  (v15) 0x1
  (v 0) 0x10
  (v 1) 0x0
  (v 2) 0x0
  (v 3) 0x0
  (v 4) 0x0
  (v 5) 0x0
  (v 6) 0x0
  (v 7) 0x0
  (v 8) 0x0
  (v 9) 0x0
  (v10) 0x0
  (v11) 0x0
  (v12) 0x0
  (v13) 0x0
  (v14) 0x0
  (v15) 0x1
  (v 0) 0x10
  (v 1) 0x0
  (v 2) 0x0
  (v 3) 0x0
  (v 4) 0x0
  (v 5) 0x0
  (v 6) 0x0
  (v 7) 0x0
  (v 8) 0x0
  (v 9) 0x0
  (v10) 0x0
  (v11) 0x0
  (v12) 0x0
  (v13) 0x0
  (v14) 0x0
  (v15) 0x1
  (v 0) 0x10
  (v 1) 0x0
  (v 2) 0x0
  (v 3) 0x0
  (v 4) 0x0
  (v 5) 0x0
  (v 6) 0x0
  (v 7) 0x0
  (v 8) 0x0
  (v 9) 0x0
  (v10) 0x0
  (v11) 0x0
  (v12) 0x0
  (v13) 0x0
  (v14) 0x0
  (v15) 0x1
  (v 0) 0x10
  (v 1) 0x0
  (v 2) 0x0
  (v 3) 0x0
  (v 4) 0x0
  (v 5) 0x0
  (v 6) 0x0
  (v 7) 0x0
  (v 8) 0x0
  (v 9) 0x0
  (v10) 0x0
  (v11) 0x0
  (v12) 0x0
  (v13) 0x0
  (v14) 0x0
  (v15) 0x1
  (v 0) 0x14
  (v 1) 0x0
  (v 2) 0x0
  (v 3) 0x0
  (v 4) 0x0
  (v 5) 0x0
  (v 6) 0x0
  (v 7) 0x0
  (v 8) 0x0
  (v 9) 0x0
  (v10) 0x0
  (v11) 0x0
  (v12) 0x0
  (v13) 0x0
  (v14) 0x0
  (v15) 0x1
  (v 0) 0x14
  (v 1) 0x0
  (v 2) 0x0
  (v 3) 0x0
  (v 4) 0x0
  (v 5) 0x0
  (v 6) 0x0
  (v 7) 0x0
  (v 8) 0x0
  (v 9) 0x0
  (v10) 0x0
  (v11) 0x0
  (v12) 0x0
  (v13) 0x0
  (v14) 0x0
  (v15) 0x1
  (v 0) 0x14
  (v 1) 0x0
  (v 2) 0x0
  (v 3) 0x0
  (v 4) 0x0
  (v 5) 0x0
  (v 6) 0x0
  (v 7) 0x0
  (v 8) 0x0
  (v 9) 0x0
  (v10) 0x0
  (v11) 0x0
  (v12) 0x0
  (v13) 0x0
  (v14) 0x0
  (v15) 0x1
  (v 0) 0x14
  (v 1) 0x0
  (v 2) 0x0
  (v 3) 0x0
  (v 4) 0x0
  (v 5) 0x0
  (v 6) 0x0
  (v 7) 0x0
  (v 8) 0x0
  (v 9) 0x0
  (v10) 0x0
  (v11) 0x0
  (v12) 0x0
  (v13) 0x0
  (v14) 0x0
  (v15) 0x1
  (v 0) 0x14
  (v 1) 0x0
  (v 2) 0x0
  (v 3) 0x0
  (v 4) 0x0
  (v 5) 0x0
  (v 6) 0x0
  (v 7) 0x0
  (v 8) 0x0
  (v 9) 0x0
  (v10) 0x0
  (v11) 0x0
  (v12) 0x0
  (v13) 0x0
  (v14) 0x0
  (v15) 0x1
  (v 0) 0x14
  (v 1) 0x0
  (v 2) 0x0
  (v 3) 0x0
  (v 4) 0x0
  (v 5) 0x0
  (v 6) 0x0
  (v 7) 0x0
  (v 8) 0x0
  (v 9) 0x0
  (v10) 0x0
  (v11) 0x0
  (v12) 0x0
  (v13) 0x0
  (v14) 0x0
  (v15) 0x1
  (v 0) 0x14
  (v 1) 0x0
  (v 2) 0x0
  (v 3) 0x0
  (v 4) 0x0
  (v 5) 0x0
  (v 6) 0x0
  (v 7) 0x0
  (v 8) 0x0
  (v 9) 0x0
  (v10) 0x0
  (v11) 0x0
  (v12) 0x0
  (v13) 0x0
  (v14) 0x0
  (v15) 0x1
  (v 0) 0x14
  (v 1) 0x0
  (v 2) 0x0
  (v 3) 0x0
  (v 4) 0x0
  (v 5) 0x0
  (v 6) 0x0
  (v 7) 0x0
  (v 8) 0x0
  (v 9) 0x0
  (v10) 0x0
  (v11) 0x0
  (v12) 0x0
  (v13) 0x0
  (v14) 0x0
  (v15) 0x1
  (v 0) 0x18
  (v 1) 0x0
  (v 2) 0x0
  (v 3) 0x0
  (v 4) 0x0
  (v 5) 0x0
  (v 6) 0x0
  (v 7) 0x0
  (v 8) 0x0
  (v 9) 0x0
  (v10) 0x0
  (v11) 0x0
  (v12) 0x0
  (v13) 0x0
  (v14) 0x0
  (v15) 0x1
  (v 0) 0x18
  (v 1) 0x0
  (v 2) 0x0
  (v 3) 0x0
  (v 4) 0x0
  (v 5) 0x0
  (v 6) 0x0
  (v 7) 0x0
  (v 8) 0x0
  (v 9) 0x0
  (v10) 0x0
  (v11) 0x0
  (v12) 0x0
  (v13) 0x0
  (v14) 0x0
  (v15) 0x1
  (v 0) 0x18
  (v 1) 0x0
  (v 2) 0x0
  (v 3) 0x0
  (v 4) 0x0
  (v 5) 0x0
  (v 6) 0x0
  (v 7) 0x0
  (v 8) 0x0
  (v 9) 0x0
  (v10) 0x0
  (v11) 0x0
  (v12) 0x0
  (v13) 0x0
  (v14) 0x0
  (v15) 0x1
  (v 0) 0x18
  (v 1) 0x0
  (v 2) 0x0
  (v 3) 0x0
  (v 4) 0x0
  (v 5) 0x0
  (v 6) 0x0
  (v 7) 0x0
  (v 8) 0x0
  (v 9) 0x0
  (v10) 0x0
  (v11) 0x0
  (v12) 0x0
  (v13) 0x0
  (v14) 0x0
  (v15) 0x1
  (v 0) 0x18
  (v 1) 0x0
  (v 2) 0x1
  (v 3) 0x0
  (v 4) 0x0
  (v 5) 0x0
  (v 6) 0x0
  (v 7) 0x0
  (v 8) 0x0
  (v 9) 0x0
  (v10) 0x0
  (v11) 0x0
  (v12) 0x0
  (v13) 0x0
  (v14) 0x0
  (v15) 0x1
  (v 0) 0x18
  (v 1) 0x0
  (v 2) 0x1
  (v 3) 0x0
  (v 4) 0x0
  (v 5) 0x0
  (v 6) 0x0
  (v 7) 0x0
  (v 8) 0x0
  (v 9) 0x0
  (v10) 0x0
  (v11) 0x0
  (v12) 0x0
  (v13) 0x0
  (v14) 0x0
  (v15) 0x1
  (v 0) 0x18
  (v 1) 0x0
  (v 2) 0x1
  (v 3) 0x0
  (v 4) 0x0
  (v 5) 0x0
  (v 6) 0x0
  (v 7) 0x0
  (v 8) 0x0
  (v 9) 0x0
  (v10) 0x0
  (v11) 0x0
  (v12) 0x0
  (v13) 0x0
  (v14) 0x0
  (v15) 0x1
  (v 0) 0x1c
  (v 1) 0x0
  (v 2) 0x1
  (v 3) 0x0
  (v 4) 0x0
  (v 5) 0x0
  (v 6) 0x0
  (v 7) 0x0
  (v 8) 0x0
  (v 9) 0x0
  (v10) 0x0
  (v11) 0x0
  (v12) 0x0
  (v13) 0x0
  (v14) 0x0
  (v15) 0x1
  (v 0) 0x1c
  (v 1) 0x0
  (v 2) 0x1
  (v 3) 0x0
  (v 4) 0x0
  (v 5) 0x0
  (v 6) 0x0
  (v 7) 0x0
  (v 8) 0x0
  (v 9) 0x0
  (v10) 0x0
  (v11) 0x0
  (v12) 0x0
  (v13) 0x0
  (v14) 0x0
  (v15) 0x1
  (v 0) 0x1c
  (v 1) 0x0
  (v 2) 0x1
  (v 3) 0x0
  (v 4) 0x0
  (v 5) 0x0
  (v 6) 0x0
  (v 7) 0x0
  (v 8) 0x0
  (v 9) 0x0
  (v10) 0x0
  (v11) 0x0
  (v12) 0x0
  (v13) 0x0
  (v14) 0x0
  (v15) 0x1
  (v 0) 0x1c
  (v 1) 0x0
  (v 2) 0x1
  (v 3) 0x0
  (v 4) 0x0
  (v 5) 0x0
  (v 6) 0x0
  (v 7) 0x0
  (v 8) 0x0
  (v 9) 0x0
  (v10) 0x0
  (v11) 0x0
  (v12) 0x0
  (v13) 0x0
  (v14) 0x0
  (v15) 0x1
  (v 0) 0x1c
  (v 1) 0x0
  (v 2) 0x1
  (v 3) 0x0
  (v 4) 0x0
  (v 5) 0x0
  (v 6) 0x0
  (v 7) 0x0
  (v 8) 0x0
  (v 9) 0x0
  (v10) 0x0
  (v11) 0x0
  (v12) 0x0
  (v13) 0x0
  (v14) 0x0
  (v15) 0x1
  (v 0) 0x1c
  (v 1) 0x0
  (v 2) 0x1
  (v 3) 0x0
  (v 4) 0x0
  (v 5) 0x0
  (v 6) 0x0
  (v 7) 0x0
  (v 8) 0x0
  (v 9) 0x0
  (v10) 0x0
  (v11) 0x0
  (v12) 0x0
  (v13) 0x0
  (v14) 0x0
  (v15) 0x1
  (v 0) 0x1c
  (v 1) 0x0
  (v 2) 0x1
  (v 3) 0x0
  (v 4) 0x0
  (v 5) 0x0
  (v 6) 0x0
  (v 7) 0x0
  (v 8) 0x0
  (v 9) 0x0
  (v10) 0x0
  (v11) 0x0
  (v12) 0x0
  (v13) 0x0
  (v14) 0x0
  (v15) 0x1
  (v 0) 0x20
  (v 1) 0x0
  (v 2) 0x1
  (v 3) 0x0
  (v 4) 0x0
  (v 5) 0x0
  (v 6) 0x0
  (v 7) 0x0
  (v 8) 0x0
  (v 9) 0x0
  (v10) 0x0
  (v11) 0x0
  (v12) 0x0
  (v13) 0x0
  (v14) 0x0
  (v15) 0x1
  (v 0) 0x20
  (v 1) 0x0
  (v 2) 0x1
  (v 3) 0x0
  (v 4) 0x0
  (v 5) 0x0
  (v 6) 0x0
  (v 7) 0x0
  (v 8) 0x0
  (v 9) 0x0
  (v10) 0x0
  (v11) 0x0
  (v12) 0x0
  (v13) 0x0
  (v14) 0x0
  (v15) 0x1
  (v 0) 0x20
  (v 1) 0x0
  (v 2) 0x1
  (v 3) 0x0
  (v 4) 0x0
  (v 5) 0x0
  (v 6) 0x0
  (v 7) 0x0
  (v 8) 0x0
  (v 9) 0x0
  (v10) 0x0
  (v11) 0x0
  (v12) 0x0
  (v13) 0x0
  (v14) 0x0
  (v15) 0x1
  (v 0) 0x20
  (v 1) 0x0
  (v 2) 0x1
  (v 3) 0x0
  (v 4) 0x0
  (v 5) 0x0
  (v 6) 0x0
  (v 7) 0x0
  (v 8) 0x0
  (v 9) 0x0
  (v10) 0x0
  (v11) 0x0
  (v12) 0x0
  (v13) 0x0
  (v14) 0x0
  (v15) 0x1
  (v 0) 0x20
  (v 1) 0x0
  (v 2) 0x1
  (v 3) 0x0
  (v 4) 0x0
  (v 5) 0x0
  (v 6) 0x0
  (v 7) 0x0
  (v 8) 0x0
  (v 9) 0x0
  (v10) 0x0
  (v11) 0x0
  (v12) 0x0
  (v13) 0x0
  (v14) 0x0
  (v15) 0x1
  (v 0) 0x20
  (v 1) 0x0
  (v 2) 0x1
  (v 3) 0x0
  (v 4) 0x0
  (v 5) 0x0
  (v 6) 0x0
  (v 7) 0x0
  (v 8) 0x0
  (v 9) 0x0
  (v10) 0x0
  (v11) 0x0
  (v12) 0x0
  (v13) 0x0
  (v14) 0x0
  (v15) 0x1
  (v 0) 0x20
  (v 1) 0x0
  (v 2) 0x1
  (v 3) 0x0
  (v 4) 0x0
  (v 5) 0x0
  (v 6) 0x0
  (v 7) 0x0
  (v 8) 0x0
  (v 9) 0x0
  (v10) 0x0
  (v11) 0x0
  (v12) 0x0
  (v13) 0x0
  (v14) 0x0
  (v15) 0x1
  (v 0) 0x24
  (v 1) 0x0
  (v 2) 0x1
  (v 3) 0x0
  (v 4) 0x0
  (v 5) 0x0
  (v 6) 0x0
  (v 7) 0x0
  (v 8) 0x0
  (v 9) 0x0
  (v10) 0x0
  (v11) 0x0
  (v12) 0x0
  (v13) 0x0
  (v14) 0x0
  (v15) 0x1
  (v 0) 0x24
  (v 1) 0x0
  (v 2) 0x1
  (v 3) 0x0
  (v 4) 0x0
  (v 5) 0x0
  (v 6) 0x0
  (v 7) 0x0
  (v 8) 0x0
  (v 9) 0x0
  (v10) 0x0
  (v11) 0x0
  (v12) 0x0
  (v13) 0x0
  (v14) 0x0
  (v15) 0x1
  (v 0) 0x24
  (v 1) 0x0
  (v 2) 0x1
  (v 3) 0x0
  (v 4) 0x0
  (v 5) 0x0
  (v 6) 0x0
  (v 7) 0x0
  (v 8) 0x0
  (v 9) 0x0
  (v10) 0x0
  (v11) 0x0
  (v12) 0x0
  (v13) 0x0
  (v14) 0x0
  (v15) 0x1
  (v 0) 0x24
  (v 1) 0x0
  (v 2) 0x1
  (v 3) 0x0
  (v 4) 0x0
  (v 5) 0x0
  (v 6) 0x0
  (v 7) 0x0
  (v 8) 0x0
  (v 9) 0x0
  (v10) 0x0
  (v11) 0x0
  (v12) 0x0
  (v13) 0x0
  (v14) 0x0
  (v15) 0x1
  (v 0) 0x24
  (v 1) 0x0
  (v 2) 0x0
  (v 3) 0x0
  (v 4) 0x0
  (v 5) 0x0
  (v 6) 0x0
  (v 7) 0x0
  (v 8) 0x0
  (v 9) 0x0
  (v10) 0x0
  (v11) 0x0
  (v12) 0x0
  (v13) 0x0
  (v14) 0x0
  (v15) 0x1
  (v 0) 0x24
  (v 1) 0x0
  (v 2) 0x0
  (v 3) 0x0
  (v 4) 0x0
  (v 5) 0x0
  (v 6) 0x0
  (v 7) 0x0
  (v 8) 0x0
  (v 9) 0x0
  (v10) 0x0
  (v11) 0x0
  (v12) 0x0
  (v13) 0x0
  (v14) 0x0
  (v15) 0x1
  (v 0) 0x24
  (v 1) 0x0
  (v 2) 0x0
  (v 3) 0x0
  (v 4) 0x0
  (v 5) 0x0
  (v 6) 0x0
  (v 7) 0x0
  (v 8) 0x0
  (v 9) 0x0
  (v10) 0x0
  (v11) 0x0
  (v12) 0x0
  (v13) 0x0
  (v14) 0x0
  (v15) 0x1
  (v 0) 0x24
  (v 1) 0x0
  (v 2) 0x0
  (v 3) 0x0
  (v 4) 0x0
  (v 5) 0x0
  (v 6) 0x0
  (v 7) 0x0
  (v 8) 0x0
  (v 9) 0x0
  (v10) 0x0
  (v11) 0x0
  (v12) 0x0
  (v13) 0x0
  (v14) 0x0
  (v15) 0x1
  (v 0) 0x28
  (v 1) 0x0
  (v 2) 0x0
  (v 3) 0x0
  (v 4) 0x0
  (v 5) 0x0
  (v 6) 0x0
  (v 7) 0x0
  (v 8) 0x0
  (v 9) 0x0
  (v10) 0x0
  (v11) 0x0
  (v12) 0x0
  (v13) 0x0
  (v14) 0x0
  (v15) 0x1
  (v 0) 0x28
  (v 1) 0x0
  (v 2) 0x0
  (v 3) 0x0
  (v 4) 0x0
  (v 5) 0x0
  (v 6) 0x0
  (v 7) 0x0
  (v 8) 0x0
  (v 9) 0x0
  (v10) 0x0
  (v11) 0x0
  (v12) 0x0
  (v13) 0x0
  (v14) 0x0
  (v15) 0x1
  (v 0) 0x28
  (v 1) 0x0
  (v 2) 0x0
  (v 3) 0x0
  (v 4) 0x0
  (v 5) 0x0
  (v 6) 0x0
  (v 7) 0x0
  (v 8) 0x0
  (v 9) 0x0
  (v10) 0x0
  (v11) 0x0
  (v12) 0x0
  (v13) 0x0
  (v14) 0x0
  (v15) 0x1
  (v 0) 0x28
  (v 1) 0x0
  (v 2) 0x0
  (v 3) 0x0
  (v 4) 0x0
  (v 5) 0x0
  (v 6) 0x0
  (v 7) 0x0
  (v 8) 0x0
  (v 9) 0x0
  (v10) 0x0
  (v11) 0x0
  (v12) 0x0
  (v13) 0x0
  (v14) 0x0
  (v15) 0x1
  (v 0) 0x28
  (v 1) 0x0
  (v 2) 0x1
  (v 3) 0x0
  (v 4) 0x0
  (v 5) 0x0
  (v 6) 0x0
  (v 7) 0x0
  (v 8) 0x0
  (v 9) 0x0
  (v10) 0x0
  (v11) 0x0
  (v12) 0x0
  (v13) 0x0
  (v14) 0x0
  (v15) 0x1
  (v 0) 0x28
  (v 1) 0x0
  (v 2) 0x1
  (v 3) 0x0
  (v 4) 0x0
  (v 5) 0x0
  (v 6) 0x0
  (v 7) 0x0
  (v 8) 0x0
  (v 9) 0x0
  (v10) 0x0
  (v11) 0x0
  (v12) 0x0
  (v13) 0x0
  (v14) 0x0
  (v15) 0x1
  (v 0) 0x28
  (v 1) 0x0
  (v 2) 0x1
  (v 3) 0x0
  (v 4) 0x0
  (v 5) 0x0
  (v 6) 0x0
  (v 7) 0x0
  (v 8) 0x0
  (v 9) 0x0
  (v10) 0x0
  (v11) 0x0
  (v12) 0x0
  (v13) 0x0
  (v14) 0x0
  (v15) 0x1
  (v 0) 0x2c
  (v 1) 0x0
  (v 2) 0x1
  (v 3) 0x0
  (v 4) 0x0
  (v 5) 0x0
  (v 6) 0x0
  (v 7) 0x0
  (v 8) 0x0
  (v 9) 0x0
  (v10) 0x0
  (v11) 0x0
  (v12) 0x0
  (v13) 0x0
  (v14) 0x0
  (v15) 0x1
  (v 0) 0x2c
  (v 1) 0x0
  (v 2) 0x1
  (v 3) 0x0
  (v 4) 0x0
  (v 5) 0x0
  (v 6) 0x0
  (v 7) 0x0
  (v 8) 0x0
  (v 9) 0x0
  (v10) 0x0
  (v11) 0x0
  (v12) 0x0
  (v13) 0x0
  (v14) 0x0
  (v15) 0x1
  (v 0) 0x2c
  (v 1) 0x0
  (v 2) 0x1
  (v 3) 0x0
  (v 4) 0x0
  (v 5) 0x0
  (v 6) 0x0
  (v 7) 0x0
  (v 8) 0x0
  (v 9) 0x0
  (v10) 0x0
  (v11) 0x0
  (v12) 0x0
  (v13) 0x0
  (v14) 0x0
  (v15) 0x1
  (v 0) 0x2c
  (v 1) 0x0
  (v 2) 0x1
  (v 3) 0x0
  (v 4) 0x0
  (v 5) 0x0
  (v 6) 0x0
  (v 7) 0x0
  (v 8) 0x0
  (v 9) 0x0
  (v10) 0x0
  (v11) 0x0
  (v12) 0x0
  (v13) 0x0
  (v14) 0x0
  (v15) 0x1
  (v 0) 0x2c
  (v 1) 0x0
  (v 2) 0x1
  (v 3) 0x0
  (v 4) 0x0
  (v 5) 0x0
  (v 6) 0x0
  (v 7) 0x0
  (v 8) 0x0
  (v 9) 0x0
  (v10) 0x0
  (v11) 0x0
  (v12) 0x0
  (v13) 0x0
  (v14) 0x0
  (v15) 0x1
  (v 0) 0x2c
  (v 1) 0x0
  (v 2) 0x1
  (v 3) 0x0
  (v 4) 0x0
  (v 5) 0x0
  (v 6) 0x0
  (v 7) 0x0
  (v 8) 0x0
  (v 9) 0x0
  (v10) 0x0
  (v11) 0x0
  (v12) 0x0
  (v13) 0x0
  (v14) 0x0
  (v15) 0x1
  (v 0) 0x2c
  (v 1) 0x0
  (v 2) 0x1
  (v 3) 0x0
  (v 4) 0x0
  (v 5) 0x0
  (v 6) 0x0
  (v 7) 0x0
  (v 8) 0x0
  (v 9) 0x0
  (v10) 0x0
  (v11) 0x0
  (v12) 0x0
  (v13) 0x0
  (v14) 0x0
  (v15) 0x1
  (v 0) 0x30
  (v 1) 0x0
  (v 2) 0x1
  (v 3) 0x0
  (v 4) 0x0
  (v 5) 0x0
  (v 6) 0x0
  (v 7) 0x0
  (v 8) 0x0
  (v 9) 0x0
  (v10) 0x0
  (v11) 0x0
  (v12) 0x0
  (v13) 0x0
  (v14) 0x0
  (v15) 0x1
  (v 0) 0x30
  (v 1) 0x0
  (v 2) 0x1
  (v 3) 0x0
  (v 4) 0x0
  (v 5) 0x0
  (v 6) 0x0
  (v 7) 0x0
  (v 8) 0x0
  (v 9) 0x0
  (v10) 0x0
  (v11) 0x0
  (v12) 0x0
  (v13) 0x0
  (v14) 0x0
  (v15) 0x1
  (v 0) 0x30
  (v 1) 0x0
  (v 2) 0x1
  (v 3) 0x0
  (v 4) 0x0
  (v 5) 0x0
  (v 6) 0x0
  (v 7) 0x0
  (v 8) 0x0
  (v 9) 0x0
  (v10) 0x0
  (v11) 0x0
  (v12) 0x0
  (v13) 0x0
  (v14) 0x0
  (v15) 0x1
  (v 0) 0x30
  (v 1) 0x0
  (v 2) 0x1
  (v 3) 0x0
  (v 4) 0x0
  (v 5) 0x0
  (v 6) 0x0
  (v 7) 0x0
  (v 8) 0x0
  (v 9) 0x0
  (v10) 0x0
  (v11) 0x0
  (v12) 0x0
  (v13) 0x0
  (v14) 0x0
  (v15) 0x1
  (v 0) 0x30
  (v 1) 0x0
  (v 2) 0x0
  (v 3) 0x0
  (v 4) 0x0
  (v 5) 0x0
  (v 6) 0x0
  (v 7) 0x0
  (v 8) 0x0
  (v 9) 0x0
  (v10) 0x0
  (v11) 0x0
  (v12) 0x0
  (v13) 0x0
  (v14) 0x0
  (v15) 0x1
  (v 0) 0x30
  (v 1) 0x0
  (v 2) 0x0
  (v 3) 0x0
  (v 4) 0x0
  (v 5) 0x0
  (v 6) 0x0
  (v 7) 0x0
  (v 8) 0x0
  (v 9) 0x0
  (v10) 0x0
  (v11) 0x0
  (v12) 0x0
  (v13) 0x0
  (v14) 0x0
  (v15) 0x1
  (v 0) 0x30
  (v 1) 0x0
  (v 2) 0x0
  (v 3) 0x0
  (v 4) 0x0
  (v 5) 0x0
  (v 6) 0x0
  (v 7) 0x0
  (v 8) 0x0
  (v 9) 0x0
  (v10) 0x0
  (v11) 0x0
  (v12) 0x0
  (v13) 0x0
  (v14) 0x0
  (v15) 0x1
  (v 0) 0x30
  (v 1) 0x0
  (v 2) 0x0
  (v 3) 0x0
  (v 4) 0x0
  (v 5) 0x0
  (v 6) 0x0
  (v 7) 0x0
  (v 8) 0x0
  (v 9) 0x0
  (v10) 0x0
  (v11) 0x0
  (v12) 0x0
  (v13) 0x0
  (v14) 0x0
  (v15) 0x1
  (v 0) 0x34
  (v 1) 0x0
  (v 2) 0x0
  (v 3) 0x0
  (v 4) 0x0
  (v 5) 0x0
  (v 6) 0x0
  (v 7) 0x0
  (v 8) 0x0
  (v 9) 0x0
  (v10) 0x0
  (v11) 0x0
  (v12) 0x0
  (v13) 0x0
  (v14) 0x0
  (v15) 0x1
  (v 0) 0x34
  (v 1) 0x0
  (v 2) 0x0
  (v 3) 0x0
  (v 4) 0x0
  (v 5) 0x0
  (v 6) 0x0
  (v 7) 0x0
  (v 8) 0x0
  (v 9) 0x0
  (v10) 0x0
  (v11) 0x0
  (v12) 0x0
  (v13) 0x0
  (v14) 0x0
  (v15) 0x1
  (v 0) 0x34
  (v 1) 0x0
  (v 2) 0x0
  (v 3) 0x0
  (v 4) 0x0
  (v 5) 0x0
  (v 6) 0x0
  (v 7) 0x0
  (v 8) 0x0
  (v 9) 0x0
  (v10) 0x0
  (v11) 0x0
  (v12) 0x0
  (v13) 0x0
  (v14) 0x0
  (v15) 0x1
  (v 0) 0x34
  (v 1) 0x0
  (v 2) 0x0
  (v 3) 0x0
  (v 4) 0x0
  (v 5) 0x0
  (v 6) 0x0
  (v 7) 0x0
  (v 8) 0x0
  (v 9) 0x0
  (v10) 0x0
  (v11) 0x0
  (v12) 0x0
  (v13) 0x0
  (v14) 0x0
  (v15) 0x1
  (v 0) 0x34
  (v 1) 0x0
  (v 2) 0x0
  (v 3) 0x0
  (v 4) 0x0
  (v 5) 0x0
  (v 6) 0x0
  (v 7) 0x0
  (v 8) 0x0
  (v 9) 0x0
  (v10) 0x0
  (v11) 0x0
  (v12) 0x0
  (v13) 0x0
  (v14) 0x0
  (v15) 0x1
  (v 0) 0x34
  (v 1) 0x0
  (v 2) 0x0
  (v 3) 0x0
  (v 4) 0x0
  (v 5) 0x0
  (v 6) 0x0
  (v 7) 0x0
  (v 8) 0x0
  (v 9) 0x0
  (v10) 0x0
  (v11) 0x0
  (v12) 0x0
  (v13) 0x0
  (v14) 0x0
  (v15) 0x1
  (v 0) 0x34
  (v 1) 0x0
  (v 2) 0x0
  (v 3) 0x0
  (v 4) 0x0
  (v 5) 0x0
  (v 6) 0x0
  (v 7) 0x0
  (v 8) 0x0
  (v 9) 0x0
  (v10) 0x0
  (v11) 0x0
  (v12) 0x0
  (v13) 0x0
  (v14) 0x0
  (v15) 0x1
  (v 0) 0x34
  (v 1) 0x0
  (v 2) 0x0
  (v 3) 0x0
  (v 4) 0x0
  (v 5) 0x0
  (v 6) 0x0
  (v 7) 0x0
  (v 8) 0x0
  (v 9) 0x0
  (v10) 0x0
  (v11) 0x0
  (v12) 0x0
  (v13) 0x0
  (v14) 0x0
  (v15) 0x1
  (v 0) 0x38
  (v 1) 0x0
  (v 2) 0x0
  (v 3) 0x0
  (v 4) 0x0
  (v 5) 0x0
  (v 6) 0x0
  (v 7) 0x0
  (v 8) 0x0
  (v 9) 0x0
  (v10) 0x0
  (v11) 0x0
  (v12) 0x0
  (v13) 0x0
  (v14) 0x0
  (v15) 0x1
  (v 0) 0x38
  (v 1) 0x0
  (v 2) 0x0
  (v 3) 0x0
  (v 4) 0x0
  (v 5) 0x0
  (v 6) 0x0
  (v 7) 0x0
  (v 8) 0x0
  (v 9) 0x0
  (v10) 0x0
  (v11) 0x0
  (v12) 0x0
  (v13) 0x0
  (v14) 0x0
  (v15) 0x1
  (v 0) 0x38
  (v 1) 0x0
  (v 2) 0x0
  (v 3) 0x0
  (v 4) 0x0
  (v 5) 0x0
  (v 6) 0x0
  (v 7) 0x0
  (v 8) 0x0
  (v 9) 0x0
  (v10) 0x0
  (v11) 0x0
  (v12) 0x0
  (v13) 0x0
  (v14) 0x0
  (v15) 0x1
  (v 0) 0x38
  (v 1) 0x0
  (v 2) 0x0
  (v 3) 0x0
  (v 4) 0x0
  (v 5) 0x0
  (v 6) 0x0
  (v 7) 0x0
  (v 8) 0x0
  (v 9) 0x0
  (v10) 0x0
  (v11) 0x0
  (v12) 0x0
  (v13) 0x0
  (v14) 0x0
  (v15) 0x1
  (v 0) 0x38
  (v 1) 0x0
  (v 2) 0x1
  (v 3) 0x0
  (v 4) 0x0
  (v 5) 0x0
  (v 6) 0x0
  (v 7) 0x0
  (v 8) 0x0
  (v 9) 0x0
  (v10) 0x0
  (v11) 0x0
  (v12) 0x0
  (v13) 0x0
  (v14) 0x0
  (v15) 0x1
  (v 0) 0x38
  (v 1) 0x0
  (v 2) 0x1
  (v 3) 0x0
  (v 4) 0x0
  (v 5) 0x0
  (v 6) 0x0
  (v 7) 0x0
  (v 8) 0x0
  (v 9) 0x0
  (v10) 0x0
  (v11) 0x0
  (v12) 0x0
  (v13) 0x0
  (v14) 0x0
  (v15) 0x1
  (v 0) 0x38
  (v 1) 0x0
  (v 2) 0x1
  (v 3) 0x0
  (v 4) 0x0
  (v 5) 0x0
  (v 6) 0x0
  (v 7) 0x0
  (v 8) 0x0
  (v 9) 0x0
  (v10) 0x0
  (v11) 0x0
  (v12) 0x0
  (v13) 0x0
  (v14) 0x0
  (v15) 0x1
  (v 0) 0x3c
  (v 1) 0x0
  (v 2) 0x1
  (v 3) 0x0
  (v 4) 0x0
  (v 5) 0x0
  (v 6) 0x0
  (v 7) 0x0
  (v 8) 0x0
  (v 9) 0x0
  (v10) 0x0
  (v11) 0x0
  (v12) 0x0
  (v13) 0x0
  (v14) 0x0
  (v15) 0x1
  (v 0) 0x3c
  (v 1) 0x0
  (v 2) 0x1
  (v 3) 0x0
  (v 4) 0x0
  (v 5) 0x0
  (v 6) 0x0
  (v 7) 0x0
  (v 8) 0x0
  (v 9) 0x0
  (v10) 0x0
  (v11) 0x0
  (v12) 0x0
  (v13) 0x0
  (v14) 0x0
  (v15) 0x1
  (v 0) 0x3c
  (v 1) 0x0
  (v 2) 0x1
  (v 3) 0x0
  (v 4) 0x0
  (v 5) 0x0
  (v 6) 0x0
  (v 7) 0x0
  (v 8) 0x0
  (v 9) 0x0
  (v10) 0x0
  (v11) 0x0
  (v12) 0x0
  (v13) 0x0
  (v14) 0x0
  (v15) 0x1
  (v 0) 0x3c
  (v 1) 0x0
  (v 2) 0x1
  (v 3) 0x0
  (v 4) 0x0
  (v 5) 0x0
  (v 6) 0x0
  (v 7) 0x0
  (v 8) 0x0
  (v 9) 0x0
  (v10) 0x0
  (v11) 0x0
  (v12) 0x0
  (v13) 0x0
  (v14) 0x0
  (v15) 0x1
  (v 0) 0x3c
  (v 1) 0x0
  (v 2) 0x0
  (v 3) 0x0
  (v 4) 0x0
  (v 5) 0x0
  (v 6) 0x0
  (v 7) 0x0
  (v 8) 0x0
  (v 9) 0x0
  (v10) 0x0
  (v11) 0x0
  (v12) 0x0
  (v13) 0x0
  (v14) 0x0
  (v15) 0x1
  (v 0) 0x3c
  (v 1) 0x0
  (v 2) 0x0
  (v 3) 0x0
  (v 4) 0x0
  (v 5) 0x0
  (v 6) 0x0
  (v 7) 0x0
  (v 8) 0x0
  (v 9) 0x0
  (v10) 0x0
  (v11) 0x0
  (v12) 0x0
  (v13) 0x0
  (v14) 0x0
  (v15) 0x1
  (v 0) 0x3c
  (v 1) 0x0
  (v 2) 0x0
  (v 3) 0x0
  (v 4) 0x0
  (v 5) 0x0
  (v 6) 0x0
  (v 7) 0x0
  (v 8) 0x0
  (v 9) 0x0
  (v10) 0x0
  (v11) 0x0
  (v12) 0x0
  (v13) 0x0
  (v14) 0x0
  (v15) 0x1
  (v 0) 0x3c
  (v 1) 0x0
  (v 2) 0x0
  (v 3) 0x0
  (v 4) 0x0
  (v 5) 0x0
  (v 6) 0x0
  (v 7) 0x0
  (v 8) 0x0
  (v 9) 0x0
  (v10) 0x0
  (v11) 0x0
  (v12) 0x0
  (v13) 0x0
  (v14) 0x0
  (v15) 0x1
  (v 0) 0x40
  (v 1) 0x0
  (v 2) 0x0
  (v 3) 0x0
  (v 4) 0x0
  (v 5) 0x0
  (v 6) 0x0
  (v 7) 0x0
  (v 8) 0x0
  (v 9) 0x0
  (v10) 0x0
  (v11) 0x0
  (v12) 0x0
  (v13) 0x0
  (v14) 0x0
  (v15) 0x1
  (v 0) 0x40
  (v 1) 0x0
  (v 2) 0x0
  (v 3) 0x0
  (v 4) 0x0
  (v 5) 0x0
  (v 6) 0x0
  (v 7) 0x0
  (v 8) 0x0
  (v 9) 0x0
  (v10) 0x0
  (v11) 0x0
  (v12) 0x0
  (v13) 0x0
  (v14) 0x0
  (v15) 0x1
  (v 0) 0x0
  (v 1) 0x0
  (v 2) 0x0
  (v 3) 0x0
  (v 4) 0x0
  (v 5) 0x0
  (v 6) 0x0
  (v 7) 0x0
  (v 8) 0x0
  (v 9) 0x0
  (v10) 0x0
  (v11) 0x0
  (v12) 0x0
  (v13) 0x0
  (v14) 0x0
  (v15) 0x1
  (v 0) 0x0
  (v 1) 0x4
  (v 2) 0x0
  (v 3) 0x0
  (v 4) 0x0
  (v 5) 0x0
  (v 6) 0x0
  (v 7) 0x0
  (v 8) 0x0
  (v 9) 0x0
  (v10) 0x0
  (v11) 0x0
  (v12) 0x0
  (v13) 0x0
  (v14) 0x0
  (v15) 0x1
  (v 0) 0x0
  (v 1) 0x4
  (v 2) 0x0
  (v 3) 0x0
  (v 4) 0x0
  (v 5) 0x0
  (v 6) 0x0
  (v 7) 0x0
  (v 8) 0x0
  (v 9) 0x0
  (v10) 0x0
  (v11) 0x0
  (v12) 0x0
  (v13) 0x0
  (v14) 0x0
  (v15) 0x1
  (v 0) 0x0
  (v 1) 0x4
  (v 2) 0x0
  (v 3) 0x0
  (v 4) 0x0
  (v 5) 0x0
  (v 6) 0x0
  (v 7) 0x0
  (v 8) 0x0
  (v 9) 0x0
  (v10) 0x0
  (v11) 0x0
  (v12) 0x0
  (v13) 0x0
  (v14) 0x0
  (v15) 0x1
  (v 0) 0x0
  (v 1) 0x4
  (v 2) 0x0
  (v 3) 0x0
  (v 4) 0x0
  (v 5) 0x0
  (v 6) 0x0
  (v 7) 0x0
  (v 8) 0x0
  (v 9) 0x0
  (v10) 0x0
  (v11) 0x0
  (v12) 0x0
  (v13) 0x0
  (v14) 0x0
  (v15) 0x1
  (v 0) 0x0
  (v 1) 0x4
  (v 2) 0x0
  (v 3) 0x0
  (v 4) 0x0
  (v 5) 0x0
  (v 6) 0x0
  (v 7) 0x0
  (v 8) 0x0
  (v 9) 0x0
  (v10) 0x0
  (v11) 0x0
  (v12) 0x0
  (v13) 0x0
  (v14) 0x0
  (v15) 0x1
  (v 0) 0x0
  (v 1) 0x4
  (v 2) 0x0
  (v 3) 0x0
  (v 4) 0x0
  (v 5) 0x0
  (v 6) 0x0
  (v 7) 0x0
  (v 8) 0x0
  (v 9) 0x0
  (v10) 0x0
  (v11) 0x0
  (v12) 0x0
  (v13) 0x0
  (v14) 0x0
  (v15) 0x1
  (v 0) 0x0
  (v 1) 0x4
  (v 2) 0x0
  (v 3) 0x0
  (v 4) 0x0
  (v 5) 0x0
  (v 6) 0x0
  (v 7) 0x0
  (v 8) 0x0
  (v 9) 0x0
  (v10) 0x0
  (v11) 0x0
  (v12) 0x0
  (v13) 0x0
  (v14) 0x0
  (v15) 0x1
  (v 0) 0x0
  (v 1) 0x4
  (v 2) 0x0
  (v 3) 0x0
  (v 4) 0x0
  (v 5) 0x0
  (v 6) 0x0
  (v 7) 0x0
  (v 8) 0x0
  (v 9) 0x0
  (v10) 0x0
  (v11) 0x0
  (v12) 0x0
  (v13) 0x0
  (v14) 0x0
  (v15) 0x1
  (v 0) 0x4
  (v 1) 0x4
  (v 2) 0x0
  (v 3) 0x0
  (v 4) 0x0
  (v 5) 0x0
  (v 6) 0x0
  (v 7) 0x0
  (v 8) 0x0
  (v 9) 0x0
  (v10) 0x0
  (v11) 0x0
  (v12) 0x0
  (v13) 0x0
  (v14) 0x0
  (v15) 0x1
  (v 0) 0x4
  (v 1) 0x4
  (v 2) 0x0
  (v 3) 0x0
  (v 4) 0x0
  (v 5) 0x0
  (v 6) 0x0
  (v 7) 0x0
  (v 8) 0x0
  (v 9) 0x0
  (v10) 0x0
  (v11) 0x0
  (v12) 0x0
  (v13) 0x0
  (v14) 0x0
  (v15) 0x1
  (v 0) 0x4
  (v 1) 0x4
  (v 2) 0x0
  (v 3) 0x0
  (v 4) 0x0
  (v 5) 0x0
  (v 6) 0x0
  (v 7) 0x0
  (v 8) 0x0
  (v 9) 0x0
  (v10) 0x0
  (v11) 0x0
  (v12) 0x0
  (v13) 0x0
  (v14) 0x0
  (v15) 0x1
  (v 0) 0x4
  (v 1) 0x4
  (v 2) 0x0
  (v 3) 0x0
  (v 4) 0x0
  (v 5) 0x0
  (v 6) 0x0
  (v 7) 0x0
  (v 8) 0x0
  (v 9) 0x0
  (v10) 0x0
  (v11) 0x0
  (v12) 0x0
  (v13) 0x0
  (v14) 0x0
  (v15) 0x1
  (v 0) 0x4
  (v 1) 0x4
  (v 2) 0x1
  (v 3) 0x0
  (v 4) 0x0
  (v 5) 0x0
  (v 6) 0x0
  (v 7) 0x0
  (v 8) 0x0
  (v 9) 0x0
  (v10) 0x0
  (v11) 0x0
  (v12) 0x0
  (v13) 0x0
  (v14) 0x0
  (v15) 0x1
  (v 0) 0x4
  (v 1) 0x4
  (v 2) 0x1
  (v 3) 0x0
  (v 4) 0x0
  (v 5) 0x0
  (v 6) 0x0
  (v 7) 0x0
  (v 8) 0x0
  (v 9) 0x0
  (v10) 0x0
  (v11) 0x0
  (v12) 0x0
  (v13) 0x0
  (v14) 0x0
  (v15) 0x1
  (v 0) 0x4
  (v 1) 0x4
  (v 2) 0x1
  (v 3) 0x0
  (v 4) 0x0
  (v 5) 0x0
  (v 6) 0x0
  (v 7) 0x0
  (v 8) 0x0
  (v 9) 0x0
  (v10) 0x0
  (v11) 0x0
  (v12) 0x0
  (v13) 0x0
  (v14) 0x0
  (v15) 0x1
  (v 0) 0x8
  (v 1) 0x4
  (v 2) 0x1
  (v 3) 0x0
  (v 4) 0x0
  (v 5) 0x0
  (v 6) 0x0
  (v 7) 0x0
  (v 8) 0x0
  (v 9) 0x0
  (v10) 0x0
  (v11) 0x0
  (v12) 0x0
  (v13) 0x0
  (v14) 0x0
  (v15) 0x1
  (v 0) 0x8
  (v 1) 0x4
  (v 2) 0x1
  (v 3) 0x0
  (v 4) 0x0
  (v 5) 0x0
  (v 6) 0x0
  (v 7) 0x0
  (v 8) 0x0
  (v 9) 0x0
  (v10) 0x0
  (v11) 0x0
  (v12) 0x0
  (v13) 0x0
  (v14) 0x0
  (v15) 0x1
  (v 0) 0x8
  (v 1) 0x4
  (v 2) 0x1
  (v 3) 0x0
  (v 4) 0x0
  (v 5) 0x0
  (v 6) 0x0
  (v 7) 0x0
  (v 8) 0x0
  (v 9) 0x0
  (v10) 0x0
  (v11) 0x0
  (v12) 0x0
  (v13) 0x0
  (v14) 0x0
  (v15) 0x1
  (v 0) 0x8
  (v 1) 0x4
  (v 2) 0x1
  (v 3) 0x0
  (v 4) 0x0
  (v 5) 0x0
  (v 6) 0x0
  (v 7) 0x0
  (v 8) 0x0
  (v 9) 0x0
  (v10) 0x0
  (v11) 0x0
  (v12) 0x0
  (v13) 0x0
  (v14) 0x0
  (v15) 0x1
  (v 0) 0x8
  (v 1) 0x4
  (v 2) 0x1
  (v 3) 0x0
  (v 4) 0x0
  (v 5) 0x0
  (v 6) 0x0
  (v 7) 0x0
  (v 8) 0x0
  (v 9) 0x0
  (v10) 0x0
  (v11) 0x0
  (v12) 0x0
  (v13) 0x0
  (v14) 0x0
  (v15) 0x1
  (v 0) 0x8
  (v 1) 0x4
  (v 2) 0x1
  (v 3) 0x0
  (v 4) 0x0
  (v 5) 0x0
  (v 6) 0x0
  (v 7) 0x0
  (v 8) 0x0
  (v 9) 0x0
  (v10) 0x0
  (v11) 0x0
  (v12) 0x0
  (v13) 0x0
  (v14) 0x0
  (v15) 0x1
  (v 0) 0x8
  (v 1) 0x4
  (v 2) 0x1
  (v 3) 0x0
  (v 4) 0x0
  (v 5) 0x0
  (v 6) 0x0
  (v 7) 0x0
  (v 8) 0x0
  (v 9) 0x0
  (v10) 0x0
  (v11) 0x0
  (v12) 0x0
  (v13) 0x0
  (v14) 0x0
  (v15) 0x1
  (v 0) 0xc
  (v 1) 0x4
  (v 2) 0x1
  (v 3) 0x0
  (v 4) 0x0
  (v 5) 0x0
  (v 6) 0x0
  (v 7) 0x0
  (v 8) 0x0
  (v 9) 0x0
  (v10) 0x0
  (v11) 0x0
  (v12) 0x0
  (v13) 0x0
  (v14) 0x0
  (v15) 0x1
  (v 0) 0xc
  (v 1) 0x4
  (v 2) 0x1
  (v 3) 0x0
  (v 4) 0x0
  (v 5) 0x0
  (v 6) 0x0
  (v 7) 0x0
  (v 8) 0x0
  (v 9) 0x0
  (v10) 0x0
  (v11) 0x0
  (v12) 0x0
  (v13) 0x0
  (v14) 0x0
  (v15) 0x1
  (v 0) 0xc
  (v 1) 0x4
  (v 2) 0x1
  (v 3) 0x0
  (v 4) 0x0
  (v 5) 0x0
  (v 6) 0x0
  (v 7) 0x0
  (v 8) 0x0
  (v 9) 0x0
  (v10) 0x0
  (v11) 0x0
  (v12) 0x0
  (v13) 0x0
  (v14) 0x0
  (v15) 0x1
  (v 0) 0xc
  (v 1) 0x4
  (v 2) 0x1
  (v 3) 0x0
  (v 4) 0x0
  (v 5) 0x0
  (v 6) 0x0
  (v 7) 0x0
  (v 8) 0x0
  (v 9) 0x0
  (v10) 0x0
  (v11) 0x0
  (v12) 0x0
  (v13) 0x0
  (v14) 0x0
  (v15) 0x1
  (v 0) 0xc
  (v 1) 0x4
  (v 2) 0x1
  (v 3) 0x0
  (v 4) 0x0
  (v 5) 0x0
  (v 6) 0x0
  (v 7) 0x0
  (v 8) 0x0
  (v 9) 0x0
  (v10) 0x0
  (v11) 0x0
  (v12) 0x0
  (v13) 0x0
  (v14) 0x0
  (v15) 0x1
  (v 0) 0xc
  (v 1) 0x4
  (v 2) 0x1
  (v 3) 0x0
  (v 4) 0x0
  (v 5) 0x0
  (v 6) 0x0
  (v 7) 0x0
  (v 8) 0x0
  (v 9) 0x0
  (v10) 0x0
  (v11) 0x0
  (v12) 0x0
  (v13) 0x0
  (v14) 0x0
  (v15) 0x1
  (v 0) 0xc
  (v 1) 0x4
  (v 2) 0x1
  (v 3) 0x0
  (v 4) 0x0
  (v 5) 0x0
  (v 6) 0x0
  (v 7) 0x0
  (v 8) 0x0
  (v 9) 0x0
  (v10) 0x0
  (v11) 0x0
  (v12) 0x0
  (v13) 0x0
  (v14) 0x0
  (v15) 0x1
  (v 0) 0x10
  (v 1) 0x4
  (v 2) 0x1
  (v 3) 0x0
  (v 4) 0x0
  (v 5) 0x0
  (v 6) 0x0
  (v 7) 0x0
  (v 8) 0x0
  (v 9) 0x0
  (v10) 0x0
  (v11) 0x0
  (v12) 0x0
  (v13) 0x0
  (v14) 0x0
  (v15) 0x1
  (v 0) 0x10
  (v 1) 0x4
  (v 2) 0x1
  (v 3) 0x0
  (v 4) 0x0
  (v 5) 0x0
  (v 6) 0x0
  (v 7) 0x0
  (v 8) 0x0
  (v 9) 0x0
  (v10) 0x0
  (v11) 0x0
  (v12) 0x0
  (v13) 0x0
  (v14) 0x0
  (v15) 0x1
  (v 0) 0x10
  (v 1) 0x4
  (v 2) 0x1
  (v 3) 0x0
  (v 4) 0x0
  (v 5) 0x0
  (v 6) 0x0
  (v 7) 0x0
  (v 8) 0x0
  (v 9) 0x0
  (v10) 0x0
  (v11) 0x0
  (v12) 0x0
  (v13) 0x0
  (v14) 0x0
  (v15) 0x1
  (v 0) 0x10
  (v 1) 0x4
  (v 2) 0x1
  (v 3) 0x0
  (v 4) 0x0
  (v 5) 0x0
  (v 6) 0x0
  (v 7) 0x0
  (v 8) 0x0
  (v 9) 0x0
  (v10) 0x0
  (v11) 0x0
  (v12) 0x0
  (v13) 0x0
  (v14) 0x0
  (v15) 0x1
  (v 0) 0x10
  (v 1) 0x4
  (v 2) 0x1
  (v 3) 0x0
  (v 4) 0x0
  (v 5) 0x0
  (v 6) 0x0
  (v 7) 0x0
  (v 8) 0x0
  (v 9) 0x0
  (v10) 0x0
  (v11) 0x0
  (v12) 0x0
  (v13) 0x0
  (v14) 0x0
  (v15) 0x1
  (v 0) 0x10
  (v 1) 0x4
  (v 2) 0x1
  (v 3) 0x0
  (v 4) 0x0
  (v 5) 0x0
  (v 6) 0x0
  (v 7) 0x0
  (v 8) 0x0
  (v 9) 0x0
  (v10) 0x0
  (v11) 0x0
  (v12) 0x0
  (v13) 0x0
  (v14) 0x0
  (v15) 0x1
  (v 0) 0x10
  (v 1) 0x4
  (v 2) 0x1
  (v 3) 0x0
  (v 4) 0x0
  (v 5) 0x0
  (v 6) 0x0
  (v 7) 0x0
  (v 8) 0x0
  (v 9) 0x0
  (v10) 0x0
  (v11) 0x0
  (v12) 0x0
  (v13) 0x0
  (v14) 0x0
  (v15) 0x1
  (v 0) 0x14
  (v 1) 0x4
  (v 2) 0x1
  (v 3) 0x0
  (v 4) 0x0
  (v 5) 0x0
  (v 6) 0x0
  (v 7) 0x0
  (v 8) 0x0
  (v 9) 0x0
  (v10) 0x0
  (v11) 0x0
  (v12) 0x0
  (v13) 0x0
  (v14) 0x0
  (v15) 0x1
  (v 0) 0x14
  (v 1) 0x4
  (v 2) 0x1
  (v 3) 0x0
  (v 4) 0x0
  (v 5) 0x0
  (v 6) 0x0
  (v 7) 0x0
  (v 8) 0x0
  (v 9) 0x0
  (v10) 0x0
  (v11) 0x0
  (v12) 0x0
  (v13) 0x0
  (v14) 0x0
  (v15) 0x1
  (v 0) 0x14
  (v 1) 0x4
  (v 2) 0x1
  (v 3) 0x0
  (v 4) 0x0
  (v 5) 0x0
  (v 6) 0x0
  (v 7) 0x0
  (v 8) 0x0
  (v 9) 0x0
  (v10) 0x0
  (v11) 0x0
  (v12) 0x0
  (v13) 0x0
  (v14) 0x0
  (v15) 0x1
  (v 0) 0x14
  (v 1) 0x4
  (v 2) 0x1
  (v 3) 0x0
  (v 4) 0x0
  (v 5) 0x0
  (v 6) 0x0
  (v 7) 0x0
  (v 8) 0x0
  (v 9) 0x0
  (v10) 0x0
  (v11) 0x0
  (v12) 0x0
  (v13) 0x0
  (v14) 0x0
  (v15) 0x1
  (v 0) 0x14
  (v 1) 0x4
  (v 2) 0x0
  (v 3) 0x0
  (v 4) 0x0
  (v 5) 0x0
  (v 6) 0x0
  (v 7) 0x0
  (v 8) 0x0
  (v 9) 0x0
  (v10) 0x0
  (v11) 0x0
  (v12) 0x0
  (v13) 0x0
  (v14) 0x0
  (v15) 0x1
  (v 0) 0x14
  (v 1) 0x4
  (v 2) 0x0
  (v 3) 0x0
  (v 4) 0x0
  (v 5) 0x0
  (v 6) 0x0
  (v 7) 0x0
  (v 8) 0x0
  (v 9) 0x0
  (v10) 0x0
  (v11) 0x0
  (v12) 0x0
  (v13) 0x0
  (v14) 0x0
  (v15) 0x1
  (v 0) 0x14
  (v 1) 0x4
  (v 2) 0x0
  (v 3) 0x0
  (v 4) 0x0
  (v 5) 0x0
  (v 6) 0x0
  (v 7) 0x0
  (v 8) 0x0
  (v 9) 0x0
  (v10) 0x0
  (v11) 0x0
  (v12) 0x0
  (v13) 0x0
  (v14) 0x0
  (v15) 0x1
  (v 0) 0x14
  (v 1) 0x4
  (v 2) 0x0
  (v 3) 0x0
  (v 4) 0x0
  (v 5) 0x0
  (v 6) 0x0
  (v 7) 0x0
  (v 8) 0x0
  (v 9) 0x0
  (v10) 0x0
  (v11) 0x0
  (v12) 0x0
  (v13) 0x0
  (v14) 0x0
  (v15) 0x1
  (v 0) 0x18
  (v 1) 0x4
  (v 2) 0x0
  (v 3) 0x0
  (v 4) 0x0
  (v 5) 0x0
  (v 6) 0x0
  (v 7) 0x0
  (v 8) 0x0
  (v 9) 0x0
  (v10) 0x0
  (v11) 0x0
  (v12) 0x0
  (v13) 0x0
  (v14) 0x0
  (v15) 0x1
  (v 0) 0x18
  (v 1) 0x4
  (v 2) 0x0
  (v 3) 0x0
  (v 4) 0x0
  (v 5) 0x0
  (v 6) 0x0
  (v 7) 0x0
  (v 8) 0x0
  (v 9) 0x0
  (v10) 0x0
  (v11) 0x0
  (v12) 0x0
  (v13) 0x0
  (v14) 0x0
  (v15) 0x1
  (v 0) 0x18
  (v 1) 0x4
  (v 2) 0x0
  (v 3) 0x0
  (v 4) 0x0
  (v 5) 0x0
  (v 6) 0x0
  (v 7) 0x0
  (v 8) 0x0
  (v 9) 0x0
  (v10) 0x0
  (v11) 0x0
  (v12) 0x0
  (v13) 0x0
  (v14) 0x0
  (v15) 0x1
  (v 0) 0x18
  (v 1) 0x4
  (v 2) 0x0
  (v 3) 0x0
  (v 4) 0x0
  (v 5) 0x0
  (v 6) 0x0
  (v 7) 0x0
  (v 8) 0x0
  (v 9) 0x0
  (v10) 0x0
  (v11) 0x0
  (v12) 0x0
  (v13) 0x0
  (v14) 0x0
  (v15) 0x1
  (v 0) 0x18
  (v 1) 0x4
  (v 2) 0x0
  (v 3) 0x0
  (v 4) 0x0
  (v 5) 0x0
  (v 6) 0x0
  (v 7) 0x0
  (v 8) 0x0
  (v 9) 0x0
  (v10) 0x0
  (v11) 0x0
  (v12) 0x0
  (v13) 0x0
  (v14) 0x0
  (v15) 0x1
  (v 0) 0x18
  (v 1) 0x4
  (v 2) 0x0
  (v 3) 0x0
  (v 4) 0x0
  (v 5) 0x0
  (v 6) 0x0
  (v 7) 0x0
  (v 8) 0x0
  (v 9) 0x0
  (v10) 0x0
  (v11) 0x0
  (v12) 0x0
  (v13) 0x0
  (v14) 0x0
  (v15) 0x1
  (v 0) 0x18
  (v 1) 0x4
  (v 2) 0x0
  (v 3) 0x0
  (v 4) 0x0
  (v 5) 0x0
  (v 6) 0x0
  (v 7) 0x0
  (v 8) 0x0
  (v 9) 0x0
  (v10) 0x0
  (v11) 0x0
  (v12) 0x0
  (v13) 0x0
  (v14) 0x0
  (v15) 0x1
  (v 0) 0x18
  (v 1) 0x4
  (v 2) 0x0
  (v 3) 0x0
  (v 4) 0x0
  (v 5) 0x0
  (v 6) 0x0
  (v 7) 0x0
  (v 8) 0x0
  (v 9) 0x0
  (v10) 0x0
  (v11) 0x0
  (v12) 0x0
  (v13) 0x0
  (v14) 0x0
  (v15) 0x1
  (v 0) 0x1c
  (v 1) 0x4
  (v 2) 0x0
  (v 3) 0x0
  (v 4) 0x0
  (v 5) 0x0
  (v 6) 0x0
  (v 7) 0x0
  (v 8) 0x0
  (v 9) 0x0
  (v10) 0x0
  (v11) 0x0
  (v12) 0x0
  (v13) 0x0
  (v14) 0x0
  (v15) 0x1
  (v 0) 0x1c
  (v 1) 0x4
  (v 2) 0x0
  (v 3) 0x0
  (v 4) 0x0
  (v 5) 0x0
  (v 6) 0x0
  (v 7) 0x0
  (v 8) 0x0
  (v 9) 0x0
  (v10) 0x0
  (v11) 0x0
  (v12) 0x0
  (v13) 0x0
  (v14) 0x0
  (v15) 0x1
  (v 0) 0x1c
  (v 1) 0x4
  (v 2) 0x0
  (v 3) 0x0
  (v 4) 0x0
  (v 5) 0x0
  (v 6) 0x0
  (v 7) 0x0
  (v 8) 0x0
  (v 9) 0x0
  (v10) 0x0
  (v11) 0x0
  (v12) 0x0
  (v13) 0x0
  (v14) 0x0
  (v15) 0x1
  (v 0) 0x1c
  (v 1) 0x4
  (v 2) 0x0
  (v 3) 0x0
  (v 4) 0x0
  (v 5) 0x0
  (v 6) 0x0
  (v 7) 0x0
  (v 8) 0x0
  (v 9) 0x0
  (v10) 0x0
  (v11) 0x0
  (v12) 0x0
  (v13) 0x0
  (v14) 0x0
  (v15) 0x1
  (v 0) 0x1c
  (v 1) 0x4
  (v 2) 0x0
  (v 3) 0x0
  (v 4) 0x0
  (v 5) 0x0
  (v 6) 0x0
  (v 7) 0x0
  (v 8) 0x0
  (v 9) 0x0
  (v10) 0x0
  (v11) 0x0
  (v12) 0x0
  (v13) 0x0
  (v14) 0x0
  (v15) 0x1
  (v 0) 0x1c
  (v 1) 0x4
  (v 2) 0x0
  (v 3) 0x0
  (v 4) 0x0
  (v 5) 0x0
  (v 6) 0x0
  (v 7) 0x0
  (v 8) 0x0
  (v 9) 0x0
  (v10) 0x0
  (v11) 0x0
  (v12) 0x0
  (v13) 0x0
  (v14) 0x0
  (v15) 0x1
  (v 0) 0x1c
  (v 1) 0x4
  (v 2) 0x0
  (v 3) 0x0
  (v 4) 0x0
  (v 5) 0x0
  (v 6) 0x0
  (v 7) 0x0
  (v 8) 0x0
  (v 9) 0x0
  (v10) 0x0
  (v11) 0x0
  (v12) 0x0
  (v13) 0x0
  (v14) 0x0
  (v15) 0x1
  (v 0) 0x1c
  (v 1) 0x4
  (v 2) 0x0
  (v 3) 0x0
  (v 4) 0x0
  (v 5) 0x0
  (v 6) 0x0
  (v 7) 0x0
  (v 8) 0x0
  (v 9) 0x0
  (v10) 0x0
  (v11) 0x0
  (v12) 0x0
  (v13) 0x0
  (v14) 0x0
  (v15) 0x1
  (v 0) 0x20
  (v 1) 0x4
  (v 2) 0x0
  (v 3) 0x0
  (v 4) 0x0
  (v 5) 0x0
  (v 6) 0x0
  (v 7) 0x0
  (v 8) 0x0
  (v 9) 0x0
  (v10) 0x0
  (v11) 0x0
  (v12) 0x0
  (v13) 0x0
  (v14) 0x0
  (v15) 0x1
  (v 0) 0x20
  (v 1) 0x4
  (v 2) 0x0
  (v 3) 0x0
  (v 4) 0x0
  (v 5) 0x0
  (v 6) 0x0
  (v 7) 0x0
  (v 8) 0x0
  (v 9) 0x0
  (v10) 0x0
  (v11) 0x0
  (v12) 0x0
  (v13) 0x0
  (v14) 0x0
  (v15) 0x1
  (v 0) 0x20
  (v 1) 0x4
  (v 2) 0x0
  (v 3) 0x0
  (v 4) 0x0
  (v 5) 0x0
  (v 6) 0x0
  (v 7) 0x0
  (v 8) 0x0
  (v 9) 0x0
  (v10) 0x0
  (v11) 0x0
  (v12) 0x0
  (v13) 0x0
  (v14) 0x0
  (v15) 0x1
  (v 0) 0x20
  (v 1) 0x4
  (v 2) 0x0
  (v 3) 0x0
  (v 4) 0x0
  (v 5) 0x0
  (v 6) 0x0
  (v 7) 0x0
  (v 8) 0x0
  (v 9) 0x0
  (v10) 0x0
  (v11) 0x0
  (v12) 0x0
  (v13) 0x0
  (v14) 0x0
  (v15) 0x1
  (v 0) 0x20
  (v 1) 0x4
  (v 2) 0x0
  (v 3) 0x0
  (v 4) 0x0
  (v 5) 0x0
  (v 6) 0x0
  (v 7) 0x0
  (v 8) 0x0
  (v 9) 0x0
  (v10) 0x0
  (v11) 0x0
  (v12) 0x0
  (v13) 0x0
  (v14) 0x0
  (v15) 0x1
  (v 0) 0x20
  (v 1) 0x4
  (v 2) 0x0
  (v 3) 0x0
  (v 4) 0x0
  (v 5) 0x0
  (v 6) 0x0
  (v 7) 0x0
  (v 8) 0x0
  (v 9) 0x0
  (v10) 0x0
  (v11) 0x0
  (v12) 0x0
  (v13) 0x0
  (v14) 0x0
  (v15) 0x1
  (v 0) 0x20
  (v 1) 0x4
  (v 2) 0x0
  (v 3) 0x0
  (v 4) 0x0
  (v 5) 0x0
  (v 6) 0x0
  (v 7) 0x0
  (v 8) 0x0
  (v 9) 0x0
  (v10) 0x0
  (v11) 0x0
  (v12) 0x0
  (v13) 0x0
  (v14) 0x0
  (v15) 0x1
  (v 0) 0x20
  (v 1) 0x4
  (v 2) 0x0
  (v 3) 0x0
  (v 4) 0x0
  (v 5) 0x0
  (v 6) 0x0
  (v 7) 0x0
  (v 8) 0x0
  (v 9) 0x0
  (v10) 0x0
  (v11) 0x0
  (v12) 0x0
  (v13) 0x0
  (v14) 0x0
  (v15) 0x1
  (v 0) 0x24
  (v 1) 0x4
  (v 2) 0x0
  (v 3) 0x0
  (v 4) 0x0
  (v 5) 0x0
  (v 6) 0x0
  (v 7) 0x0
  (v 8) 0x0
  (v 9) 0x0
  (v10) 0x0
  (v11) 0x0
  (v12) 0x0
  (v13) 0x0
  (v14) 0x0
  (v15) 0x1
  (v 0) 0x24
  (v 1) 0x4
  (v 2) 0x0
  (v 3) 0x0
  (v 4) 0x0
  (v 5) 0x0
  (v 6) 0x0
  (v 7) 0x0
  (v 8) 0x0
  (v 9) 0x0
  (v10) 0x0
  (v11) 0x0
  (v12) 0x0
  (v13) 0x0
  (v14) 0x0
  (v15) 0x1
  (v 0) 0x24
  (v 1) 0x4
  (v 2) 0x0
  (v 3) 0x0
  (v 4) 0x0
  (v 5) 0x0
  (v 6) 0x0
  (v 7) 0x0
  (v 8) 0x0
  (v 9) 0x0
  (v10) 0x0
  (v11) 0x0
  (v12) 0x0
  (v13) 0x0
  (v14) 0x0
  (v15) 0x1
  (v 0) 0x24
  (v 1) 0x4
  (v 2) 0x0
  (v 3) 0x0
  (v 4) 0x0
  (v 5) 0x0
  (v 6) 0x0
  (v 7) 0x0
  (v 8) 0x0
  (v 9) 0x0
  (v10) 0x0
  (v11) 0x0
  (v12) 0x0
  (v13) 0x0
  (v14) 0x0
  (v15) 0x1
  (v 0) 0x24
  (v 1) 0x4
  (v 2) 0x0
  (v 3) 0x0
  (v 4) 0x0
  (v 5) 0x0
  (v 6) 0x0
  (v 7) 0x0
  (v 8) 0x0
  (v 9) 0x0
  (v10) 0x0
  (v11) 0x0
  (v12) 0x0
  (v13) 0x0
  (v14) 0x0
  (v15) 0x1
  (v 0) 0x24
  (v 1) 0x4
  (v 2) 0x0
  (v 3) 0x0
  (v 4) 0x0
  (v 5) 0x0
  (v 6) 0x0
  (v 7) 0x0
  (v 8) 0x0
  (v 9) 0x0
  (v10) 0x0
  (v11) 0x0
  (v12) 0x0
  (v13) 0x0
  (v14) 0x0
  (v15) 0x1
  (v 0) 0x24
  (v 1) 0x4
  (v 2) 0x0
  (v 3) 0x0
  (v 4) 0x0
  (v 5) 0x0
  (v 6) 0x0
  (v 7) 0x0
  (v 8) 0x0
  (v 9) 0x0
  (v10) 0x0
  (v11) 0x0
  (v12) 0x0
  (v13) 0x0
  (v14) 0x0
  (v15) 0x1
  (v 0) 0x24
  (v 1) 0x4
  (v 2) 0x0
  (v 3) 0x0
  (v 4) 0x0
  (v 5) 0x0
  (v 6) 0x0
  (v 7) 0x0
  (v 8) 0x0
  (v 9) 0x0
  (v10) 0x0
  (v11) 0x0
  (v12) 0x0
  (v13) 0x0
  (v14) 0x0
  (v15) 0x1
  (v 0) 0x28
  (v 1) 0x4
  (v 2) 0x0
  (v 3) 0x0
  (v 4) 0x0
  (v 5) 0x0
  (v 6) 0x0
  (v 7) 0x0
  (v 8) 0x0
  (v 9) 0x0
  (v10) 0x0
  (v11) 0x0
  (v12) 0x0
  (v13) 0x0
  (v14) 0x0
  (v15) 0x1
