  (v 0) 0x0
  (v 1) 0x0
  (v 2) 0x0
  (v 3) 0x0
  (v 4) 0x0
  (v 5) 0x0
  (v 6) 0x0
  (v 7) 0x0
  (v 8) 0x0
  (v 9) 0x0
  (v10) 0x0
  (v11) 0x0
  (v12) 0x0
  (v13) 0x0
  (v14) 0x0
  (v15) 0x0
  (v 0) 0x0
  (v 1) 0x0
  (v 2) 0x0
  (v 3) 0x0
  (v 4) 0x0
  (v 5) 0x0
  (v 6) 0x0
  (v 7) 0x0
  (v 8) 0x0
  (v 9) 0x0
  (v10) 0x0
  (v11) 0x0
  (v12) 0x0
  (v13) 0x0
  (v14) 0x0
  (v15) 0x0
  (v 0) 0x0
  (v 1) 0x0
  (v 2) 0x0
  (v 3) 0x0
  (v 4) 0x0
  (v 5) 0x0
  (v 6) 0x0
  (v 7) 0x0
  (v 8) 0x0
  (v 9) 0x0
  (v10) 0x0
  (v11) 0x0
  (v12) 0x0
  (v13) 0x0
  (v14) 0x0
  (v15) 0x0
  (v 0) 0x0
  (v 1) 0x0
  (v 2) 0x8
  (v 3) 0x0
  (v 4) 0x0
  (v 5) 0x0
  (v 6) 0x0
  (v 7) 0x0
  (v 8) 0x0
  (v 9) 0x0
  (v10) 0x0
  (v11) 0x0
  (v12) 0x0
  (v13) 0x0
  (v14) 0x0
  (v15) 0x0
  (v 0) 0x0
  (v 1) 0x0
  (v 2) 0x8
  (v 3) 0x0
  (v 4) 0x0
  (v 5) 0x0
  (v 6) 0x0
  (v 7) 0x0
  (v 8) 0x0
  (v 9) 0x0
  (v10) 0x0
  (v11) 0x0
  (v12) 0x0
  (v13) 0x0
  (v14) 0x0
  (v15) 0x1
  (v 0) 0x0
  (v 1) 0x0
  (v 2) 0x8
  (v 3) 0x0
  (v 4) 0x0
  (v 5) 0x0
  (v 6) 0x0
  (v 7) 0x0
  (v 8) 0x0
  (v 9) 0x0
  (v10) 0x0
  (v11) 0x0
  (v12) 0x0
  (v13) 0x0
  (v14) 0x0
  (v15) 0x1
  (v 0) 0x8
  (v 1) 0x0
  (v 2) 0x8
  (v 3) 0x0
  (v 4) 0x0
  (v 5) 0x0
  (v 6) 0x0
  (v 7) 0x0
  (v 8) 0x0
  (v 9) 0x0
  (v10) 0x0
  (v11) 0x0
  (v12) 0x0
  (v13) 0x0
  (v14) 0x0
  (v15) 0x1
  (v 0) 0x8
  (v 1) 0x0
  (v 2) 0x8
  (v 3) 0x0
  (v 4) 0x0
  (v 5) 0x0
  (v 6) 0x0
  (v 7) 0x0
  (v 8) 0x0
  (v 9) 0x0
  (v10) 0x0
  (v11) 0x0
  (v12) 0x0
  (v13) 0x0
  (v14) 0x0
  (v15) 0x1
  (v 0) 0x8
  (v 1) 0x0
  (v 2) 0x8
  (v 3) 0x0
  (v 4) 0x0
  (v 5) 0x0
  (v 6) 0x0
  (v 7) 0x0
  (v 8) 0x0
  (v 9) 0x0
  (v10) 0x0
  (v11) 0x0
  (v12) 0x0
  (v13) 0x0
  (v14) 0x0
  (v15) 0x1
  (v 0) 0x10
  (v 1) 0x0
  (v 2) 0x8
  (v 3) 0x0
  (v 4) 0x0
  (v 5) 0x0
  (v 6) 0x0
  (v 7) 0x0
  (v 8) 0x0
  (v 9) 0x0
  (v10) 0x0
  (v11) 0x0
  (v12) 0x0
  (v13) 0x0
  (v14) 0x0
  (v15) 0x1
  (v 0) 0x10
  (v 1) 0x0
  (v 2) 0x8
  (v 3) 0x0
  (v 4) 0x0
  (v 5) 0x0
  (v 6) 0x0
  (v 7) 0x0
  (v 8) 0x0
  (v 9) 0x0
  (v10) 0x0
  (v11) 0x0
  (v12) 0x0
  (v13) 0x0
  (v14) 0x0
  (v15) 0x1
  (v 0) 0x10
  (v 1) 0x0
  (v 2) 0x8
  (v 3) 0x0
  (v 4) 0x0
  (v 5) 0x0
  (v 6) 0x0
  (v 7) 0x0
  (v 8) 0x0
  (v 9) 0x0
  (v10) 0x0
  (v11) 0x0
  (v12) 0x0
  (v13) 0x0
  (v14) 0x0
  (v15) 0x1
  (v 0) 0x18
  (v 1) 0x0
  (v 2) 0x8
  (v 3) 0x0
  (v 4) 0x0
  (v 5) 0x0
  (v 6) 0x0
  (v 7) 0x0
  (v 8) 0x0
  (v 9) 0x0
  (v10) 0x0
  (v11) 0x0
  (v12) 0x0
  (v13) 0x0
  (v14) 0x0
  (v15) 0x1
  (v 0) 0x18
  (v 1) 0x0
  (v 2) 0x8
  (v 3) 0x0
  (v 4) 0x0
  (v 5) 0x0
  (v 6) 0x0
  (v 7) 0x0
  (v 8) 0x0
  (v 9) 0x0
  (v10) 0x0
  (v11) 0x0
  (v12) 0x0
  (v13) 0x0
  (v14) 0x0
  (v15) 0x1
  (v 0) 0x18
  (v 1) 0x0
  (v 2) 0x8
  (v 3) 0x0
  (v 4) 0x0
  (v 5) 0x0
  (v 6) 0x0
  (v 7) 0x0
  (v 8) 0x0
  (v 9) 0x0
  (v10) 0x0
  (v11) 0x0
  (v12) 0x0
  (v13) 0x0
  (v14) 0x0
  (v15) 0x1
  (v 0) 0x20
  (v 1) 0x0
  (v 2) 0x8
  (v 3) 0x0
  (v 4) 0x0
  (v 5) 0x0
  (v 6) 0x0
  (v 7) 0x0
  (v 8) 0x0
  (v 9) 0x0
  (v10) 0x0
  (v11) 0x0
  (v12) 0x0
  (v13) 0x0
  (v14) 0x0
  (v15) 0x1
  (v 0) 0x20
  (v 1) 0x0
  (v 2) 0x8
  (v 3) 0x0
  (v 4) 0x0
  (v 5) 0x0
  (v 6) 0x0
  (v 7) 0x0
  (v 8) 0x0
  (v 9) 0x0
  (v10) 0x0
  (v11) 0x0
  (v12) 0x0
  (v13) 0x0
  (v14) 0x0
  (v15) 0x1
  (v 0) 0x20
  (v 1) 0x0
  (v 2) 0x8
  (v 3) 0x0
  (v 4) 0x0
  (v 5) 0x0
  (v 6) 0x0
  (v 7) 0x0
  (v 8) 0x0
  (v 9) 0x0
  (v10) 0x0
  (v11) 0x0
  (v12) 0x0
  (v13) 0x0
  (v14) 0x0
  (v15) 0x1
  (v 0) 0x28
  (v 1) 0x0
  (v 2) 0x8
  (v 3) 0x0
  (v 4) 0x0
  (v 5) 0x0
  (v 6) 0x0
  (v 7) 0x0
  (v 8) 0x0
  (v 9) 0x0
  (v10) 0x0
  (v11) 0x0
  (v12) 0x0
  (v13) 0x0
  (v14) 0x0
  (v15) 0x1
  (v 0) 0x28
  (v 1) 0x0
  (v 2) 0x8
  (v 3) 0x0
  (v 4) 0x0
  (v 5) 0x0
  (v 6) 0x0
  (v 7) 0x0
  (v 8) 0x0
  (v 9) 0x0
  (v10) 0x0
  (v11) 0x0
  (v12) 0x0
  (v13) 0x0
  (v14) 0x0
  (v15) 0x1
  (v 0) 0x28
  (v 1) 0x0
  (v 2) 0x8
  (v 3) 0x0
  (v 4) 0x0
  (v 5) 0x0
  (v 6) 0x0
  (v 7) 0x0
  (v 8) 0x0
  (v 9) 0x0
  (v10) 0x0
  (v11) 0x0
  (v12) 0x0
  (v13) 0x0
  (v14) 0x0
  (v15) 0x1
  (v 0) 0x30
  (v 1) 0x0
  (v 2) 0x8
  (v 3) 0x0
  (v 4) 0x0
  (v 5) 0x0
  (v 6) 0x0
  (v 7) 0x0
  (v 8) 0x0
  (v 9) 0x0
  (v10) 0x0
  (v11) 0x0
  (v12) 0x0
  (v13) 0x0
  (v14) 0x0
  (v15) 0x1
  (v 0) 0x30
  (v 1) 0x0
  (v 2) 0x8
  (v 3) 0x0
  (v 4) 0x0
  (v 5) 0x0
  (v 6) 0x0
  (v 7) 0x0
  (v 8) 0x0
  (v 9) 0x0
  (v10) 0x0
  (v11) 0x0
  (v12) 0x0
  (v13) 0x0
  (v14) 0x0
  (v15) 0x1
  (v 0) 0x30
  (v 1) 0x0
  (v 2) 0x8
  (v 3) 0x0
  (v 4) 0x0
  (v 5) 0x0
  (v 6) 0x0
  (v 7) 0x0
  (v 8) 0x0
  (v 9) 0x0
  (v10) 0x0
  (v11) 0x0
  (v12) 0x0
  (v13) 0x0
  (v14) 0x0
  (v15) 0x1
  (v 0) 0x38
  (v 1) 0x0
  (v 2) 0x8
  (v 3) 0x0
  (v 4) 0x0
  (v 5) 0x0
  (v 6) 0x0
  (v 7) 0x0
  (v 8) 0x0
  (v 9) 0x0
  (v10) 0x0
  (v11) 0x0
  (v12) 0x0
  (v13) 0x0
  (v14) 0x0
  (v15) 0x1
  (v 0) 0x38
  (v 1) 0x0
  (v 2) 0x8
  (v 3) 0x0
  (v 4) 0x0
  (v 5) 0x0
  (v 6) 0x0
  (v 7) 0x0
  (v 8) 0x0
  (v 9) 0x0
  (v10) 0x0
  (v11) 0x0
  (v12) 0x0
  (v13) 0x0
  (v14) 0x0
  (v15) 0x1
  (v 0) 0x38
  (v 1) 0x0
  (v 2) 0x8
  (v 3) 0x0
  (v 4) 0x0
  (v 5) 0x0
  (v 6) 0x5
  (v 7) 0x0
  (v 8) 0x0
  (v 9) 0x0
  (v10) 0x0
  (v11) 0x0
  (v12) 0x0
  (v13) 0x0
  (v14) 0x0
  (v15) 0x1
  (v 0) 0x38
  (v 1) 0x0
  (v 2) 0x8
  (v 3) 0x0
  (v 4) 0x0
  (v 5) 0x0
  (v 6) 0x5
  (v 7) 0x2
  (v 8) 0x0
  (v 9) 0x0
  (v10) 0x0
  (v11) 0x0
  (v12) 0x0
  (v13) 0x0
  (v14) 0x0
  (v15) 0x1
  (v 0) 0x38
  (v 1) 0x0
  (v 2) 0x8
  (v 3) 0x0
  (v 4) 0x0
  (v 5) 0x0
  (v 6) 0x5
  (v 7) 0x2
  (v 8) 0x0
  (v 9) 0x0
  (v10) 0x0
  (v11) 0x0
  (v12) 0x0
  (v13) 0x0
  (v14) 0x0
  (v15) 0x1
  (v 0) 0x38
  (v 1) 0x0
  (v 2) 0x8
  (v 3) 0x0
  (v 4) 0x0
  (v 5) 0x0
  (v 6) 0x5
  (v 7) 0x2
  (v 8) 0x0
  (v 9) 0x0
  (v10) 0x0
  (v11) 0x0
  (v12) 0x0
  (v13) 0x0
  (v14) 0x0
  (v15) 0x1
  (v 0) 0x38
  (v 1) 0x0
  (v 2) 0x8
  (v 3) 0x0
  (v 4) 0x0
  (v 5) 0x0
  (v 6) 0x5
  (v 7) 0x2
  (v 8) 0x0
  (v 9) 0x0
  (v10) 0x0
  (v11) 0x0
  (v12) 0x0
  (v13) 0x0
  (v14) 0x0
  (v15) 0x1
  (v 0) 0x38
  (v 1) 0x0
  (v 2) 0x8
  (v 3) 0x0
  (v 4) 0x0
  (v 5) 0x0
  (v 6) 0x5
  (v 7) 0x2
  (v 8) 0x0
  (v 9) 0x0
  (v10) 0x0
  (v11) 0x0
  (v12) 0x0
  (v13) 0x0
  (v14) 0x0
  (v15) 0x1
  (v 0) 0x38
  (v 1) 0x0
  (v 2) 0x8
  (v 3) 0x0
  (v 4) 0x0
  (v 5) 0x0
  (v 6) 0x5
  (v 7) 0x2
  (v 8) 0x0
  (v 9) 0x0
  (v10) 0x0
  (v11) 0x0
  (v12) 0x0
  (v13) 0x0
  (v14) 0x0
  (v15) 0x1
  (v 0) 0x38
  (v 1) 0x0
  (v 2) 0x8
  (v 3) 0x0
  (v 4) 0x0
  (v 5) 0x0
  (v 6) 0x5
  (v 7) 0x2
  (v 8) 0x0
  (v 9) 0x0
  (v10) 0x0
  (v11) 0x0
  (v12) 0x0
  (v13) 0x0
  (v14) 0x0
  (v15) 0x1
  (v 0) 0x38
  (v 1) 0x0
  (v 2) 0x8
  (v 3) 0x0
  (v 4) 0x0
  (v 5) 0x0
  (v 6) 0x5
  (v 7) 0x2
  (v 8) 0x0
  (v 9) 0x0
  (v10) 0x0
  (v11) 0x0
  (v12) 0x0
  (v13) 0x0
  (v14) 0x0
  (v15) 0x1
  (v 0) 0x38
  (v 1) 0x0
  (v 2) 0x8
  (v 3) 0x0
  (v 4) 0x0
  (v 5) 0x0
  (v 6) 0x5
  (v 7) 0x2
  (v 8) 0x0
  (v 9) 0x0
  (v10) 0x0
  (v11) 0x0
  (v12) 0x0
  (v13) 0x0
  (v14) 0x0
  (v15) 0x1
  (v 0) 0x38
  (v 1) 0x0
  (v 2) 0x38
  (v 3) 0x0
  (v 4) 0x0
  (v 5) 0x0
  (v 6) 0x5
  (v 7) 0x2
  (v 8) 0x0
  (v 9) 0x0
  (v10) 0x0
  (v11) 0x0
  (v12) 0x0
  (v13) 0x0
  (v14) 0x0
  (v15) 0x1
  (v 0) 0x38
  (v 1) 0x0
  (v 2) 0x38
  (v 3) 0x0
  (v 4) 0x0
  (v 5) 0x0
  (v 6) 0x5
  (v 7) 0x2
  (v 8) 0x0
  (v 9) 0x0
  (v10) 0x1
  (v11) 0x0
  (v12) 0x0
  (v13) 0x0
  (v14) 0x0
  (v15) 0x1
  (v 0) 0x38
  (v 1) 0x0
  (v 2) 0x38
  (v 3) 0x0
  (v 4) 0x1f
  (v 5) 0x0
  (v 6) 0x5
  (v 7) 0x2
  (v 8) 0x0
  (v 9) 0x0
  (v10) 0x1
  (v11) 0x0
  (v12) 0x0
  (v13) 0x0
  (v14) 0x0
  (v15) 0x1
  (v 0) 0x38
  (v 1) 0x0
  (v 2) 0x38
  (v 3) 0x0
  (v 4) 0x1f
  (v 5) 0x0
  (v 6) 0x5
  (v 7) 0x2
  (v 8) 0x0
  (v 9) 0x0
  (v10) 0x1
  (v11) 0x0
  (v12) 0x0
  (v13) 0x0
  (v14) 0x0
  (v15) 0x1
  (v 0) 0x20
  (v 1) 0x0
  (v 2) 0x38
  (v 3) 0x0
  (v 4) 0x1f
  (v 5) 0x0
  (v 6) 0x5
  (v 7) 0x2
  (v 8) 0x0
  (v 9) 0x0
  (v10) 0x1
  (v11) 0x0
  (v12) 0x0
  (v13) 0x0
  (v14) 0x0
  (v15) 0x1
  (v 0) 0x20
  (v 1) 0x1e
  (v 2) 0x38
  (v 3) 0x0
  (v 4) 0x1f
  (v 5) 0x0
  (v 6) 0x5
  (v 7) 0x2
  (v 8) 0x0
  (v 9) 0x0
  (v10) 0x1
  (v11) 0x0
  (v12) 0x0
  (v13) 0x0
  (v14) 0x0
  (v15) 0x1
  (v 0) 0x40
  (v 1) 0x1e
  (v 2) 0x38
  (v 3) 0x0
  (v 4) 0x1f
  (v 5) 0x0
  (v 6) 0x5
  (v 7) 0x2
  (v 8) 0x0
  (v 9) 0x0
  (v10) 0x1
  (v11) 0x0
  (v12) 0x0
  (v13) 0x0
  (v14) 0x0
  (v15) 0x0
  (v 0) 0x40
  (v 1) 0x3c
  (v 2) 0x38
  (v 3) 0x0
  (v 4) 0x1f
  (v 5) 0x0
  (v 6) 0x5
  (v 7) 0x2
  (v 8) 0x0
  (v 9) 0x0
  (v10) 0x1
  (v11) 0x0
  (v12) 0x0
  (v13) 0x0
  (v14) 0x0
  (v15) 0x0
  (v 0) 0x40
  (v 1) 0x3c
  (v 2) 0x38
  (v 3) 0x3
  (v 4) 0x1f
  (v 5) 0x0
  (v 6) 0x5
  (v 7) 0x2
  (v 8) 0x0
  (v 9) 0x0
  (v10) 0x1
  (v11) 0x0
  (v12) 0x0
  (v13) 0x0
  (v14) 0x0
  (v15) 0x0
  (v 0) 0x40
  (v 1) 0x3c
  (v 2) 0x38
  (v 3) 0xfb
  (v 4) 0x1f
  (v 5) 0x0
  (v 6) 0x5
  (v 7) 0x2
  (v 8) 0x0
  (v 9) 0x0
  (v10) 0x1
  (v11) 0x0
  (v12) 0x0
  (v13) 0x0
  (v14) 0x0
  (v15) 0x0
  (v 0) 0x40
  (v 1) 0x3c
  (v 2) 0x38
  (v 3) 0xfb
  (v 4) 0x1f
  (v 5) 0x0
  (v 6) 0x5
  (v 7) 0x2
  (v 8) 0x0
  (v 9) 0x0
  (v10) 0x1
  (v11) 0x0
  (v12) 0x0
  (v13) 0x0
  (v14) 0x0
  (v15) 0x0
  (v 0) 0x40
  (v 1) 0x3c
  (v 2) 0x38
  (v 3) 0xfb
  (v 4) 0x1f
  (v 5) 0x0
  (v 6) 0x5
  (v 7) 0x2
  (v 8) 0x0
  (v 9) 0x0
  (v10) 0x1
  (v11) 0x0
  (v12) 0x0
  (v13) 0x0
  (v14) 0x0
  (v15) 0x0
  (v 0) 0x40
  (v 1) 0x3c
  (v 2) 0x38
  (v 3) 0xfb
  (v 4) 0x1f
  (v 5) 0x0
  (v 6) 0x5
  (v 7) 0x2
  (v 8) 0x0
  (v 9) 0x0
  (v10) 0x1
  (v11) 0x0
  (v12) 0x0
  (v13) 0x0
  (v14) 0x0
  (v15) 0x0
  (v 0) 0x40
  (v 1) 0x3c
  (v 2) 0x38
  (v 3) 0xfb
  (v 4) 0x1f
  (v 5) 0x0
  (v 6) 0x5
  (v 7) 0x2
  (v 8) 0x0
  (v 9) 0x0
  (v10) 0x1
  (v11) 0x0
  (v12) 0x0
  (v13) 0x0
  (v14) 0x0
  (v15) 0x0
  (v 0) 0x40
  (v 1) 0x3c
  (v 2) 0x38
  (v 3) 0xfb
  (v 4) 0x1f
  (v 5) 0x0
  (v 6) 0x5
  (v 7) 0x2
  (v 8) 0x0
  (v 9) 0x0
  (v10) 0x1
  (v11) 0x4
  (v12) 0x0
  (v13) 0x0
  (v14) 0x0
  (v15) 0x0
  (v 0) 0x40
  (v 1) 0x3c
  (v 2) 0x38
  (v 3) 0xfb
  (v 4) 0x1f
  (v 5) 0x0
  (v 6) 0x5
  (v 7) 0x2
  (v 8) 0x0
  (v 9) 0x0
  (v10) 0x1
  (v11) 0x4
  (v12) 0x1
  (v13) 0x0
  (v14) 0x0
  (v15) 0x0
  (v 0) 0x40
  (v 1) 0x3c
  (v 2) 0x38
  (v 3) 0xfb
  (v 4) 0x1f
  (v 5) 0x0
  (v 6) 0x5
  (v 7) 0x2
  (v 8) 0x0
  (v 9) 0x0
  (v10) 0x1
  (v11) 0x4
  (v12) 0x1
  (v13) 0x0
  (v14) 0x0
  (v15) 0x0
  (v 0) 0x40
  (v 1) 0x3c
  (v 2) 0x38
  (v 3) 0xfb
  (v 4) 0x1f
  (v 5) 0x0
  (v 6) 0x5
  (v 7) 0x2
  (v 8) 0x0
  (v 9) 0x0
  (v10) 0x1
  (v11) 0x4
  (v12) 0x1
  (v13) 0x0
  (v14) 0x0
  (v15) 0x0
  (v 0) 0x40
  (v 1) 0x3c
  (v 2) 0x38
  (v 3) 0xfb
  (v 4) 0x1f
  (v 5) 0x0
  (v 6) 0x5
  (v 7) 0x2
  (v 8) 0x0
  (v 9) 0x0
  (v10) 0x1
  (v11) 0x4
  (v12) 0x1
  (v13) 0x0
  (v14) 0x0
  (v15) 0x0
  (v 0) 0x40
  (v 1) 0x3c
  (v 2) 0x38
  (v 3) 0xfb
  (v 4) 0x1f
  (v 5) 0x0
  (v 6) 0x5
  (v 7) 0x2
  (v 8) 0x0
  (v 9) 0x0
  (v10) 0x1
  (v11) 0x4
  (v12) 0x1
  (v13) 0x0
  (v14) 0x0
  (v15) 0x0
  (v 0) 0x40
  (v 1) 0x3c
  (v 2) 0x38
  (v 3) 0xfb
  (v 4) 0x1f
  (v 5) 0x0
  (v 6) 0x5
  (v 7) 0x2
  (v 8) 0x0
  (v 9) 0x0
  (v10) 0x1
  (v11) 0x4
  (v12) 0x1
  (v13) 0x0
  (v14) 0x0
  (v15) 0x0
  (v 0) 0x40
  (v 1) 0x3c
  (v 2) 0x38
  (v 3) 0xfb
  (v 4) 0x1f
  (v 5) 0x0
  (v 6) 0x5
  (v 7) 0x2
  (v 8) 0x0
  (v 9) 0x0
  (v10) 0x1
  (v11) 0x4
  (v12) 0x1
  (v13) 0x0
  (v14) 0x0
  (v15) 0x0
  (v 0) 0x40
  (v 1) 0x3c
  (v 2) 0x40
  (v 3) 0xfb
  (v 4) 0x1f
  (v 5) 0x0
  (v 6) 0x5
  (v 7) 0x2
  (v 8) 0x0
  (v 9) 0x0
  (v10) 0x1
  (v11) 0x4
  (v12) 0x1
  (v13) 0x0
  (v14) 0x0
  (v15) 0x0
  (v 0) 0x40
  (v 1) 0x3c
  (v 2) 0x40
  (v 3) 0xfb
  (v 4) 0x1f
  (v 5) 0x0
  (v 6) 0x5
  (v 7) 0x2
  (v 8) 0x0
  (v 9) 0x0
  (v10) 0x2
  (v11) 0x4
  (v12) 0x1
  (v13) 0x0
  (v14) 0x0
  (v15) 0x0
  (v 0) 0x40
  (v 1) 0x3c
  (v 2) 0x40
  (v 3) 0xfb
  (v 4) 0x1f
  (v 5) 0x0
  (v 6) 0x5
  (v 7) 0x2
  (v 8) 0x0
  (v 9) 0x0
  (v10) 0x2
  (v11) 0x4
  (v12) 0x1
  (v13) 0x0
  (v14) 0x0
  (v15) 0x0
  (v 0) 0x40
  (v 1) 0x3c
  (v 2) 0x40
  (v 3) 0xfb
  (v 4) 0x1f
  (v 5) 0x0
  (v 6) 0x5
  (v 7) 0x2
  (v 8) 0x0
  (v 9) 0x0
  (v10) 0x2
  (v11) 0x4
  (v12) 0x1
  (v13) 0x0
  (v14) 0x0
  (v15) 0x0
  (v 0) 0x20
  (v 1) 0x3c
  (v 2) 0x40
  (v 3) 0xfb
  (v 4) 0x1f
  (v 5) 0x0
  (v 6) 0x5
  (v 7) 0x2
  (v 8) 0x0
  (v 9) 0x0
  (v10) 0x2
  (v11) 0x4
  (v12) 0x1
  (v13) 0x0
  (v14) 0x0
  (v15) 0x0
  (v 0) 0x20
  (v 1) 0x1e
  (v 2) 0x40
  (v 3) 0xfb
  (v 4) 0x1f
  (v 5) 0x0
  (v 6) 0x5
  (v 7) 0x2
  (v 8) 0x0
  (v 9) 0x0
  (v10) 0x2
  (v11) 0x4
  (v12) 0x1
  (v13) 0x0
  (v14) 0x0
  (v15) 0x0
  (v 0) 0x40
  (v 1) 0x1e
  (v 2) 0x40
  (v 3) 0xfb
  (v 4) 0x1f
  (v 5) 0x0
  (v 6) 0x5
  (v 7) 0x2
  (v 8) 0x0
  (v 9) 0x0
  (v10) 0x2
  (v11) 0x4
  (v12) 0x1
  (v13) 0x0
  (v14) 0x0
  (v15) 0x0
  (v 0) 0x40
  (v 1) 0x3c
  (v 2) 0x40
  (v 3) 0xfb
  (v 4) 0x1f
  (v 5) 0x0
  (v 6) 0x5
  (v 7) 0x2
  (v 8) 0x0
  (v 9) 0x0
  (v10) 0x2
  (v11) 0x4
  (v12) 0x1
  (v13) 0x0
  (v14) 0x0
  (v15) 0x0
  (v 0) 0x40
  (v 1) 0x3c
  (v 2) 0x40
  (v 3) 0x0
  (v 4) 0x1f
  (v 5) 0x0
  (v 6) 0x5
  (v 7) 0x2
  (v 8) 0x0
  (v 9) 0x0
  (v10) 0x2
  (v11) 0x4
  (v12) 0x1
  (v13) 0x0
  (v14) 0x0
  (v15) 0x0
  (v 0) 0x40
  (v 1) 0x3c
  (v 2) 0x40
  (v 3) 0xf8
  (v 4) 0x1f
  (v 5) 0x0
  (v 6) 0x5
  (v 7) 0x2
  (v 8) 0x0
  (v 9) 0x0
  (v10) 0x2
  (v11) 0x4
  (v12) 0x1
  (v13) 0x0
  (v14) 0x0
  (v15) 0x0
  (v 0) 0x40
  (v 1) 0x3c
  (v 2) 0x40
  (v 3) 0xf8
  (v 4) 0x1f
  (v 5) 0x0
  (v 6) 0x5
  (v 7) 0x2
  (v 8) 0x0
  (v 9) 0x0
  (v10) 0x2
  (v11) 0x4
  (v12) 0x1
  (v13) 0x0
  (v14) 0x0
  (v15) 0x0
  (v 0) 0x40
  (v 1) 0x3c
  (v 2) 0x40
  (v 3) 0xf8
  (v 4) 0x1f
  (v 5) 0x0
  (v 6) 0x5
  (v 7) 0x2
  (v 8) 0x0
  (v 9) 0x0
  (v10) 0x2
  (v11) 0x4
  (v12) 0x1
  (v13) 0x0
  (v14) 0x0
  (v15) 0x0
  (v 0) 0x40
  (v 1) 0x3c
  (v 2) 0x40
  (v 3) 0xf8
  (v 4) 0x1f
  (v 5) 0x0
  (v 6) 0x5
  (v 7) 0x2
  (v 8) 0x0
  (v 9) 0x0
  (v10) 0x2
  (v11) 0x4
  (v12) 0x1
  (v13) 0x0
  (v14) 0x0
  (v15) 0x0
  (v 0) 0x40
  (v 1) 0x3c
  (v 2) 0x40
  (v 3) 0xf8
  (v 4) 0x1f
  (v 5) 0x0
  (v 6) 0x5
  (v 7) 0x2
  (v 8) 0x0
  (v 9) 0x0
  (v10) 0x2
  (v11) 0x4
  (v12) 0x1
  (v13) 0x0
  (v14) 0x0
  (v15) 0x0
  (v 0) 0x40
  (v 1) 0x3c
  (v 2) 0x40
  (v 3) 0xf8
  (v 4) 0x1f
  (v 5) 0x0
  (v 6) 0x5
  (v 7) 0x2
  (v 8) 0x0
  (v 9) 0x0
  (v10) 0x2
  (v11) 0x8
  (v12) 0x1
  (v13) 0x0
  (v14) 0x0
  (v15) 0x0
  (v 0) 0x40
  (v 1) 0x3c
  (v 2) 0x40
  (v 3) 0xf8
  (v 4) 0x1f
  (v 5) 0x0
  (v 6) 0x5
  (v 7) 0x2
  (v 8) 0x0
  (v 9) 0x0
  (v10) 0x2
  (v11) 0x8
  (v12) 0x2
  (v13) 0x0
  (v14) 0x0
  (v15) 0x0
  (v 0) 0x40
  (v 1) 0x3c
  (v 2) 0x40
  (v 3) 0xf8
  (v 4) 0x1f
  (v 5) 0x0
  (v 6) 0x5
  (v 7) 0x2
  (v 8) 0x0
  (v 9) 0x0
  (v10) 0x2
  (v11) 0x8
  (v12) 0x2
  (v13) 0x0
  (v14) 0x0
  (v15) 0x0
  (v 0) 0x40
  (v 1) 0x3c
  (v 2) 0x40
  (v 3) 0xf8
  (v 4) 0x1f
  (v 5) 0x0
  (v 6) 0x5
  (v 7) 0x2
  (v 8) 0x0
  (v 9) 0x0
  (v10) 0x2
  (v11) 0x8
  (v12) 0x2
  (v13) 0x0
  (v14) 0x0
  (v15) 0x0
  (v 0) 0x40
  (v 1) 0x3c
  (v 2) 0x40
  (v 3) 0xf8
  (v 4) 0x1f
  (v 5) 0x0
  (v 6) 0x5
  (v 7) 0x2
  (v 8) 0x0
  (v 9) 0x0
  (v10) 0x2
  (v11) 0x8
  (v12) 0x2
  (v13) 0x0
  (v14) 0x0
  (v15) 0x0
  (v 0) 0x40
  (v 1) 0x3c
  (v 2) 0x40
  (v 3) 0xf8
  (v 4) 0x1f
  (v 5) 0x0
  (v 6) 0x5
  (v 7) 0x2
  (v 8) 0x0
  (v 9) 0x0
  (v10) 0x2
  (v11) 0x8
  (v12) 0x2
  (v13) 0x0
  (v14) 0x0
  (v15) 0x0
  (v 0) 0x40
  (v 1) 0x3c
  (v 2) 0x40
  (v 3) 0xf8
  (v 4) 0x1f
  (v 5) 0x0
  (v 6) 0x5
  (v 7) 0x2
  (v 8) 0x0
  (v 9) 0x0
  (v10) 0x2
  (v11) 0x8
  (v12) 0x2
  (v13) 0x0
  (v14) 0x0
  (v15) 0x0
  (v 0) 0x40
  (v 1) 0x3c
  (v 2) 0x40
  (v 3) 0xf8
  (v 4) 0x1f
  (v 5) 0x0
  (v 6) 0x5
  (v 7) 0x2
  (v 8) 0x0
  (v 9) 0x0
  (v10) 0x2
  (v11) 0x8
  (v12) 0x2
  (v13) 0x0
  (v14) 0x0
  (v15) 0x0
  (v 0) 0x40
  (v 1) 0x3c
  (v 2) 0x40
  (v 3) 0xf8
  (v 4) 0x1f
  (v 5) 0x0
  (v 6) 0x5
  (v 7) 0x2
  (v 8) 0x0
  (v 9) 0x0
  (v10) 0x2
  (v11) 0x8
  (v12) 0x2
  (v13) 0x0
  (v14) 0x0
  (v15) 0x0
  (v 0) 0x40
  (v 1) 0x3c
  (v 2) 0x40
  (v 3) 0xf8
  (v 4) 0x1f
  (v 5) 0x0
  (v 6) 0x5
  (v 7) 0x2
  (v 8) 0x0
  (v 9) 0x0
  (v10) 0x3
  (v11) 0x8
  (v12) 0x2
  (v13) 0x0
  (v14) 0x0
  (v15) 0x0
  (v 0) 0x40
  (v 1) 0x3c
  (v 2) 0x40
  (v 3) 0xf8
  (v 4) 0x1f
  (v 5) 0x0
  (v 6) 0x5
  (v 7) 0x2
  (v 8) 0x0
  (v 9) 0x0
  (v10) 0x3
  (v11) 0x8
  (v12) 0x2
  (v13) 0x0
  (v14) 0x0
  (v15) 0x0
  (v 0) 0x40
  (v 1) 0x3c
  (v 2) 0x40
  (v 3) 0xf8
  (v 4) 0x1f
  (v 5) 0x0
  (v 6) 0x5
  (v 7) 0x2
  (v 8) 0x0
  (v 9) 0x0
  (v10) 0x3
  (v11) 0x8
  (v12) 0x2
  (v13) 0x0
  (v14) 0x0
  (v15) 0x0
  (v 0) 0x20
  (v 1) 0x3c
  (v 2) 0x40
  (v 3) 0xf8
  (v 4) 0x1f
  (v 5) 0x0
  (v 6) 0x5
  (v 7) 0x2
  (v 8) 0x0
  (v 9) 0x0
  (v10) 0x3
  (v11) 0x8
  (v12) 0x2
  (v13) 0x0
  (v14) 0x0
  (v15) 0x0
  (v 0) 0x20
  (v 1) 0x1e
  (v 2) 0x40
  (v 3) 0xf8
  (v 4) 0x1f
  (v 5) 0x0
  (v 6) 0x5
  (v 7) 0x2
  (v 8) 0x0
  (v 9) 0x0
  (v10) 0x3
  (v11) 0x8
  (v12) 0x2
  (v13) 0x0
  (v14) 0x0
  (v15) 0x0
  (v 0) 0x40
  (v 1) 0x1e
  (v 2) 0x40
  (v 3) 0xf8
  (v 4) 0x1f
  (v 5) 0x0
  (v 6) 0x5
  (v 7) 0x2
  (v 8) 0x0
  (v 9) 0x0
  (v10) 0x3
  (v11) 0x8
  (v12) 0x2
  (v13) 0x0
  (v14) 0x0
  (v15) 0x0
  (v 0) 0x40
  (v 1) 0x3c
  (v 2) 0x40
  (v 3) 0xf8
  (v 4) 0x1f
  (v 5) 0x0
  (v 6) 0x5
  (v 7) 0x2
  (v 8) 0x0
  (v 9) 0x0
  (v10) 0x3
  (v11) 0x8
  (v12) 0x2
  (v13) 0x0
  (v14) 0x0
  (v15) 0x0
  (v 0) 0x40
  (v 1) 0x3c
  (v 2) 0x40
  (v 3) 0x0
  (v 4) 0x1f
  (v 5) 0x0
  (v 6) 0x5
  (v 7) 0x2
  (v 8) 0x0
  (v 9) 0x0
  (v10) 0x3
  (v11) 0x8
  (v12) 0x2
  (v13) 0x0
  (v14) 0x0
  (v15) 0x0
  (v 0) 0x40
  (v 1) 0x3c
  (v 2) 0x40
  (v 3) 0xf8
  (v 4) 0x1f
  (v 5) 0x0
  (v 6) 0x5
  (v 7) 0x2
  (v 8) 0x0
  (v 9) 0x0
  (v10) 0x3
  (v11) 0x8
  (v12) 0x2
  (v13) 0x0
  (v14) 0x0
  (v15) 0x0
  (v 0) 0x40
  (v 1) 0x3c
  (v 2) 0x40
  (v 3) 0xf8
  (v 4) 0x1f
  (v 5) 0x0
  (v 6) 0x5
  (v 7) 0x2
  (v 8) 0x0
  (v 9) 0x0
  (v10) 0x3
  (v11) 0x8
  (v12) 0x2
  (v13) 0x0
  (v14) 0x0
  (v15) 0x0
  (v 0) 0x40
  (v 1) 0x3c
  (v 2) 0x40
  (v 3) 0xf8
  (v 4) 0x1f
  (v 5) 0x0
  (v 6) 0x5
  (v 7) 0x2
  (v 8) 0x0
  (v 9) 0x0
  (v10) 0x3
  (v11) 0x8
  (v12) 0x2
  (v13) 0x0
  (v14) 0x0
  (v15) 0x0
  (v 0) 0x40
  (v 1) 0x3c
  (v 2) 0x40
  (v 3) 0xf8
  (v 4) 0x1f
  (v 5) 0x0
  (v 6) 0x5
  (v 7) 0x2
  (v 8) 0x0
  (v 9) 0x0
  (v10) 0x3
  (v11) 0x8
  (v12) 0x2
  (v13) 0x0
  (v14) 0x0
  (v15) 0x0
  (v 0) 0x40
  (v 1) 0x3c
  (v 2) 0x40
  (v 3) 0xf8
  (v 4) 0x1f
  (v 5) 0x0
  (v 6) 0x5
  (v 7) 0x2
  (v 8) 0x0
  (v 9) 0x0
  (v10) 0x3
  (v11) 0x8
  (v12) 0x2
  (v13) 0x0
  (v14) 0x0
  (v15) 0x0
  (v 0) 0x40
  (v 1) 0x3c
  (v 2) 0x40
  (v 3) 0xf8
  (v 4) 0x1f
  (v 5) 0x0
  (v 6) 0x5
  (v 7) 0x2
  (v 8) 0x0
  (v 9) 0x0
  (v10) 0x3
  (v11) 0xc
  (v12) 0x2
  (v13) 0x0
  (v14) 0x0
  (v15) 0x0
  (v 0) 0x40
  (v 1) 0x3c
  (v 2) 0x40
  (v 3) 0xf8
  (v 4) 0x1f
  (v 5) 0x0
  (v 6) 0x5
  (v 7) 0x2
  (v 8) 0x0
  (v 9) 0x0
  (v10) 0x3
  (v11) 0xc
  (v12) 0x3
  (v13) 0x0
  (v14) 0x0
  (v15) 0x0
  (v 0) 0x40
  (v 1) 0x3c
  (v 2) 0x40
  (v 3) 0xf8
  (v 4) 0x1f
  (v 5) 0x0
  (v 6) 0x5
  (v 7) 0x2
  (v 8) 0x0
  (v 9) 0x0
  (v10) 0x3
  (v11) 0xc
  (v12) 0x3
  (v13) 0x0
  (v14) 0x0
  (v15) 0x0
  (v 0) 0x40
  (v 1) 0x3c
  (v 2) 0x40
  (v 3) 0xf8
  (v 4) 0x1f
  (v 5) 0x0
  (v 6) 0x5
  (v 7) 0x2
  (v 8) 0x0
  (v 9) 0x0
  (v10) 0x3
  (v11) 0xc
  (v12) 0x3
  (v13) 0x0
  (v14) 0x0
  (v15) 0x0
  (v 0) 0x40
  (v 1) 0x3c
  (v 2) 0x40
  (v 3) 0xf8
  (v 4) 0x1f
  (v 5) 0x0
  (v 6) 0x5
  (v 7) 0x2
  (v 8) 0x0
  (v 9) 0x0
  (v10) 0x3
  (v11) 0xc
  (v12) 0x3
  (v13) 0x0
  (v14) 0x0
  (v15) 0x0
  (v 0) 0x40
  (v 1) 0x3c
  (v 2) 0x40
  (v 3) 0xf8
  (v 4) 0x1f
  (v 5) 0x0
  (v 6) 0x5
  (v 7) 0x2
  (v 8) 0x0
  (v 9) 0x0
  (v10) 0x3
  (v11) 0xc
  (v12) 0x3
  (v13) 0x0
  (v14) 0x0
  (v15) 0x0
  (v 0) 0x40
  (v 1) 0x3c
  (v 2) 0x40
  (v 3) 0xf8
  (v 4) 0x1f
  (v 5) 0x0
  (v 6) 0x5
  (v 7) 0x2
  (v 8) 0x0
  (v 9) 0x0
  (v10) 0x3
  (v11) 0xc
  (v12) 0x3
  (v13) 0x0
  (v14) 0x0
  (v15) 0x0
  (v 0) 0x40
  (v 1) 0x3c
  (v 2) 0x40
  (v 3) 0xf8
  (v 4) 0x1f
  (v 5) 0x0
  (v 6) 0x5
  (v 7) 0x2
  (v 8) 0x0
  (v 9) 0x0
  (v10) 0x3
  (v11) 0xc
  (v12) 0x3
  (v13) 0x0
  (v14) 0x0
  (v15) 0x0
  (v 0) 0x40
  (v 1) 0x3c
  (v 2) 0x40
  (v 3) 0xf8
  (v 4) 0x1f
  (v 5) 0x0
  (v 6) 0x5
  (v 7) 0x2
  (v 8) 0x0
  (v 9) 0x0
  (v10) 0x3
  (v11) 0xc
  (v12) 0x3
  (v13) 0x0
  (v14) 0x0
  (v15) 0x0
  (v 0) 0x40
  (v 1) 0x3c
  (v 2) 0x40
  (v 3) 0xf8
  (v 4) 0x1f
  (v 5) 0x0
  (v 6) 0x5
  (v 7) 0x2
  (v 8) 0x0
  (v 9) 0x0
  (v10) 0x4
  (v11) 0xc
  (v12) 0x3
  (v13) 0x0
  (v14) 0x0
  (v15) 0x0
  (v 0) 0x40
  (v 1) 0x3c
  (v 2) 0x40
  (v 3) 0xf8
  (v 4) 0x1f
  (v 5) 0x0
  (v 6) 0x5
  (v 7) 0x2
  (v 8) 0x0
  (v 9) 0x0
  (v10) 0x4
  (v11) 0xc
  (v12) 0x3
  (v13) 0x0
  (v14) 0x0
  (v15) 0x0
  (v 0) 0x40
  (v 1) 0x3c
  (v 2) 0x40
  (v 3) 0xf8
  (v 4) 0x1f
  (v 5) 0x0
  (v 6) 0x5
  (v 7) 0x2
  (v 8) 0x0
  (v 9) 0x0
  (v10) 0x4
  (v11) 0xc
  (v12) 0x3
  (v13) 0x0
  (v14) 0x0
  (v15) 0x0
  (v 0) 0x20
  (v 1) 0x3c
  (v 2) 0x40
  (v 3) 0xf8
  (v 4) 0x1f
  (v 5) 0x0
  (v 6) 0x5
  (v 7) 0x2
  (v 8) 0x0
  (v 9) 0x0
  (v10) 0x4
  (v11) 0xc
  (v12) 0x3
  (v13) 0x0
  (v14) 0x0
  (v15) 0x0
  (v 0) 0x20
  (v 1) 0x1e
  (v 2) 0x40
  (v 3) 0xf8
  (v 4) 0x1f
  (v 5) 0x0
  (v 6) 0x5
  (v 7) 0x2
  (v 8) 0x0
  (v 9) 0x0
  (v10) 0x4
  (v11) 0xc
  (v12) 0x3
  (v13) 0x0
  (v14) 0x0
  (v15) 0x0
  (v 0) 0x40
  (v 1) 0x1e
  (v 2) 0x40
  (v 3) 0xf8
  (v 4) 0x1f
  (v 5) 0x0
  (v 6) 0x5
  (v 7) 0x2
  (v 8) 0x0
  (v 9) 0x0
  (v10) 0x4
  (v11) 0xc
  (v12) 0x3
  (v13) 0x0
  (v14) 0x0
  (v15) 0x0
  (v 0) 0x40
  (v 1) 0x3c
  (v 2) 0x40
  (v 3) 0xf8
  (v 4) 0x1f
  (v 5) 0x0
  (v 6) 0x5
  (v 7) 0x2
  (v 8) 0x0
  (v 9) 0x0
  (v10) 0x4
  (v11) 0xc
  (v12) 0x3
  (v13) 0x0
  (v14) 0x0
  (v15) 0x0
  (v 0) 0x40
  (v 1) 0x3c
  (v 2) 0x40
  (v 3) 0x1
  (v 4) 0x1f
  (v 5) 0x0
  (v 6) 0x5
  (v 7) 0x2
  (v 8) 0x0
  (v 9) 0x0
  (v10) 0x4
  (v11) 0xc
  (v12) 0x3
  (v13) 0x0
  (v14) 0x0
  (v15) 0x0
  (v 0) 0x40
  (v 1) 0x3c
  (v 2) 0x40
  (v 3) 0xf9
  (v 4) 0x1f
  (v 5) 0x0
  (v 6) 0x5
  (v 7) 0x2
  (v 8) 0x0
  (v 9) 0x0
  (v10) 0x4
  (v11) 0xc
  (v12) 0x3
  (v13) 0x0
  (v14) 0x0
  (v15) 0x0
  (v 0) 0x40
  (v 1) 0x3c
  (v 2) 0x40
  (v 3) 0xf9
  (v 4) 0x1f
  (v 5) 0x0
  (v 6) 0x5
  (v 7) 0x2
  (v 8) 0x0
  (v 9) 0x0
  (v10) 0x4
  (v11) 0xc
  (v12) 0x3
  (v13) 0x0
  (v14) 0x0
  (v15) 0x0
  (v 0) 0x40
  (v 1) 0x3c
  (v 2) 0x40
  (v 3) 0xf9
  (v 4) 0x1f
  (v 5) 0x0
  (v 6) 0x5
  (v 7) 0x2
  (v 8) 0x0
  (v 9) 0x0
  (v10) 0x4
  (v11) 0xc
  (v12) 0x3
  (v13) 0x0
  (v14) 0x0
  (v15) 0x0
  (v 0) 0x40
  (v 1) 0x3c
  (v 2) 0x40
  (v 3) 0xf9
  (v 4) 0x1f
  (v 5) 0x0
  (v 6) 0x5
  (v 7) 0x2
  (v 8) 0x0
  (v 9) 0x0
  (v10) 0x4
  (v11) 0xc
  (v12) 0x3
  (v13) 0x0
  (v14) 0x0
  (v15) 0x0
  (v 0) 0x40
  (v 1) 0x3c
  (v 2) 0x40
  (v 3) 0xf9
  (v 4) 0x1f
  (v 5) 0x0
  (v 6) 0x5
  (v 7) 0x2
  (v 8) 0x0
  (v 9) 0x0
  (v10) 0x4
  (v11) 0xc
  (v12) 0x3
  (v13) 0x0
  (v14) 0x0
  (v15) 0x0
  (v 0) 0x40
  (v 1) 0x3c
  (v 2) 0x40
  (v 3) 0xf9
  (v 4) 0x1f
  (v 5) 0x0
  (v 6) 0x5
  (v 7) 0x2
  (v 8) 0x0
  (v 9) 0x0
  (v10) 0x4
  (v11) 0x10
  (v12) 0x3
  (v13) 0x0
  (v14) 0x0
  (v15) 0x0
  (v 0) 0x40
  (v 1) 0x3c
  (v 2) 0x40
  (v 3) 0xf9
  (v 4) 0x1f
  (v 5) 0x0
  (v 6) 0x5
  (v 7) 0x2
  (v 8) 0x0
  (v 9) 0x0
  (v10) 0x4
  (v11) 0x10
  (v12) 0x4
  (v13) 0x0
  (v14) 0x0
  (v15) 0x0
  (v 0) 0x40
  (v 1) 0x3c
  (v 2) 0x40
  (v 3) 0xf9
  (v 4) 0x1f
  (v 5) 0x0
  (v 6) 0x5
  (v 7) 0x2
  (v 8) 0x0
  (v 9) 0x0
  (v10) 0x4
  (v11) 0x10
  (v12) 0x4
  (v13) 0x0
  (v14) 0x0
  (v15) 0x0
  (v 0) 0x40
  (v 1) 0x3c
  (v 2) 0x40
  (v 3) 0xf9
  (v 4) 0x1f
  (v 5) 0x0
  (v 6) 0x5
  (v 7) 0x2
  (v 8) 0x0
  (v 9) 0x0
  (v10) 0x4
  (v11) 0x10
  (v12) 0x4
  (v13) 0x0
  (v14) 0x0
  (v15) 0x0
  (v 0) 0x40
  (v 1) 0x3c
  (v 2) 0x40
  (v 3) 0xf9
  (v 4) 0x1f
  (v 5) 0x0
  (v 6) 0x5
  (v 7) 0x2
  (v 8) 0x0
  (v 9) 0x0
  (v10) 0x4
  (v11) 0x10
  (v12) 0x4
  (v13) 0x0
  (v14) 0x0
  (v15) 0x0
  (v 0) 0x40
  (v 1) 0x3c
  (v 2) 0x40
  (v 3) 0xf9
  (v 4) 0x1f
  (v 5) 0x0
  (v 6) 0x5
  (v 7) 0x2
  (v 8) 0x0
  (v 9) 0x0
  (v10) 0x4
  (v11) 0x10
  (v12) 0x4
  (v13) 0x0
  (v14) 0x0
  (v15) 0x0
  (v 0) 0x40
  (v 1) 0x3c
  (v 2) 0x40
  (v 3) 0xf9
  (v 4) 0x1f
  (v 5) 0x0
  (v 6) 0x5
  (v 7) 0x2
  (v 8) 0x0
  (v 9) 0x0
  (v10) 0x4
  (v11) 0x10
  (v12) 0x4
  (v13) 0x0
  (v14) 0x0
  (v15) 0x0
  (v 0) 0x40
  (v 1) 0x3c
  (v 2) 0x40
  (v 3) 0xf9
  (v 4) 0x1f
  (v 5) 0x0
  (v 6) 0x5
  (v 7) 0x2
  (v 8) 0x0
  (v 9) 0x0
  (v10) 0x4
  (v11) 0x10
  (v12) 0x4
  (v13) 0x0
  (v14) 0x0
  (v15) 0x0
  (v 0) 0x40
  (v 1) 0x3c
  (v 2) 0x40
  (v 3) 0xf9
  (v 4) 0x1f
  (v 5) 0x0
  (v 6) 0x5
  (v 7) 0x2
  (v 8) 0x0
  (v 9) 0x0
  (v10) 0x4
  (v11) 0x10
  (v12) 0x4
  (v13) 0x0
  (v14) 0x0
  (v15) 0x0
  (v 0) 0x40
  (v 1) 0x3c
  (v 2) 0x40
  (v 3) 0xf9
  (v 4) 0x1f
  (v 5) 0x0
  (v 6) 0x5
  (v 7) 0x2
  (v 8) 0x0
  (v 9) 0x0
  (v10) 0x5
  (v11) 0x10
  (v12) 0x4
  (v13) 0x0
  (v14) 0x0
  (v15) 0x0
  (v 0) 0x40
  (v 1) 0x3c
  (v 2) 0x40
  (v 3) 0xf9
  (v 4) 0x1f
  (v 5) 0x0
  (v 6) 0x5
  (v 7) 0x2
  (v 8) 0x0
  (v 9) 0x0
  (v10) 0x5
  (v11) 0x10
  (v12) 0x4
  (v13) 0x0
  (v14) 0x0
  (v15) 0x0
  (v 0) 0x40
  (v 1) 0x3c
  (v 2) 0x40
  (v 3) 0xf9
  (v 4) 0x1f
  (v 5) 0x0
  (v 6) 0x5
  (v 7) 0x2
  (v 8) 0x0
  (v 9) 0x0
  (v10) 0x5
  (v11) 0x10
  (v12) 0x4
  (v13) 0x0
  (v14) 0x0
  (v15) 0x0
  (v 0) 0x20
  (v 1) 0x3c
  (v 2) 0x40
  (v 3) 0xf9
  (v 4) 0x1f
  (v 5) 0x0
  (v 6) 0x5
  (v 7) 0x2
  (v 8) 0x0
  (v 9) 0x0
  (v10) 0x5
  (v11) 0x10
  (v12) 0x4
  (v13) 0x0
  (v14) 0x0
  (v15) 0x0
  (v 0) 0x20
  (v 1) 0x1e
  (v 2) 0x40
  (v 3) 0xf9
  (v 4) 0x1f
  (v 5) 0x0
  (v 6) 0x5
  (v 7) 0x2
  (v 8) 0x0
  (v 9) 0x0
  (v10) 0x5
  (v11) 0x10
  (v12) 0x4
  (v13) 0x0
  (v14) 0x0
  (v15) 0x0
  (v 0) 0x40
  (v 1) 0x1e
  (v 2) 0x40
  (v 3) 0xf9
  (v 4) 0x1f
  (v 5) 0x0
  (v 6) 0x5
  (v 7) 0x2
  (v 8) 0x0
  (v 9) 0x0
  (v10) 0x5
  (v11) 0x10
  (v12) 0x4
  (v13) 0x0
  (v14) 0x0
  (v15) 0x0
  (v 0) 0x40
  (v 1) 0x3c
  (v 2) 0x40
  (v 3) 0xf9
  (v 4) 0x1f
  (v 5) 0x0
  (v 6) 0x5
  (v 7) 0x2
  (v 8) 0x0
  (v 9) 0x0
  (v10) 0x5
  (v11) 0x10
  (v12) 0x4
  (v13) 0x0
  (v14) 0x0
  (v15) 0x0
  (v 0) 0x40
  (v 1) 0x3c
  (v 2) 0x40
  (v 3) 0x2
  (v 4) 0x1f
  (v 5) 0x0
  (v 6) 0x5
  (v 7) 0x2
  (v 8) 0x0
  (v 9) 0x0
  (v10) 0x5
  (v11) 0x10
  (v12) 0x4
  (v13) 0x0
  (v14) 0x0
  (v15) 0x0
  (v 0) 0x40
  (v 1) 0x3c
  (v 2) 0x40
  (v 3) 0xfa
  (v 4) 0x1f
  (v 5) 0x0
  (v 6) 0x5
  (v 7) 0x2
  (v 8) 0x0
  (v 9) 0x0
  (v10) 0x5
  (v11) 0x10
  (v12) 0x4
  (v13) 0x0
  (v14) 0x0
  (v15) 0x0
  (v 0) 0x40
  (v 1) 0x3c
  (v 2) 0x40
  (v 3) 0xfa
  (v 4) 0x1f
  (v 5) 0x0
  (v 6) 0x5
  (v 7) 0x2
  (v 8) 0x0
  (v 9) 0x0
  (v10) 0x5
  (v11) 0x10
  (v12) 0x4
  (v13) 0x0
  (v14) 0x0
  (v15) 0x0
  (v 0) 0x40
  (v 1) 0x3c
  (v 2) 0x40
  (v 3) 0xfa
  (v 4) 0x1f
  (v 5) 0x0
  (v 6) 0x5
  (v 7) 0x2
  (v 8) 0x0
  (v 9) 0x0
  (v10) 0x5
  (v11) 0x10
  (v12) 0x4
  (v13) 0x0
  (v14) 0x0
  (v15) 0x0
  (v 0) 0x40
  (v 1) 0x3c
  (v 2) 0x40
  (v 3) 0xfa
  (v 4) 0x1f
  (v 5) 0x0
  (v 6) 0x5
  (v 7) 0x2
  (v 8) 0x0
  (v 9) 0x0
  (v10) 0x5
  (v11) 0x10
  (v12) 0x4
  (v13) 0x0
  (v14) 0x0
  (v15) 0x0
  (v 0) 0x40
  (v 1) 0x3c
  (v 2) 0x40
  (v 3) 0xfa
  (v 4) 0x1f
  (v 5) 0x0
  (v 6) 0x5
  (v 7) 0x2
  (v 8) 0x0
  (v 9) 0x0
  (v10) 0x5
  (v11) 0x10
  (v12) 0x4
  (v13) 0x0
  (v14) 0x0
  (v15) 0x0
  (v 0) 0x40
  (v 1) 0x3c
  (v 2) 0x40
  (v 3) 0xfa
  (v 4) 0x1f
  (v 5) 0x0
  (v 6) 0x5
  (v 7) 0x2
  (v 8) 0x0
  (v 9) 0x0
  (v10) 0x5
  (v11) 0x14
  (v12) 0x4
  (v13) 0x0
  (v14) 0x0
  (v15) 0x0
  (v 0) 0x40
  (v 1) 0x3c
  (v 2) 0x40
  (v 3) 0xfa
  (v 4) 0x1f
  (v 5) 0x0
  (v 6) 0x5
  (v 7) 0x2
  (v 8) 0x0
  (v 9) 0x0
  (v10) 0x5
  (v11) 0x14
  (v12) 0x5
  (v13) 0x0
  (v14) 0x0
  (v15) 0x0
  (v 0) 0x40
  (v 1) 0x3c
  (v 2) 0x40
  (v 3) 0xfa
  (v 4) 0x1f
  (v 5) 0x0
  (v 6) 0x5
  (v 7) 0x2
  (v 8) 0x0
  (v 9) 0x0
  (v10) 0x5
  (v11) 0x14
  (v12) 0x5
  (v13) 0x0
  (v14) 0x0
  (v15) 0x0
  (v 0) 0x40
  (v 1) 0x3c
  (v 2) 0x40
  (v 3) 0xfa
  (v 4) 0x1f
  (v 5) 0x0
  (v 6) 0x5
  (v 7) 0x2
  (v 8) 0x0
  (v 9) 0x0
  (v10) 0x5
  (v11) 0x14
  (v12) 0x5
  (v13) 0x0
  (v14) 0x0
  (v15) 0x0
  (v 0) 0x40
  (v 1) 0x3c
  (v 2) 0x40
  (v 3) 0xfa
  (v 4) 0x1f
  (v 5) 0x0
  (v 6) 0x5
  (v 7) 0x2
  (v 8) 0x0
  (v 9) 0x0
  (v10) 0x5
  (v11) 0x0
  (v12) 0x5
  (v13) 0x0
  (v14) 0x0
  (v15) 0x0
  (v 0) 0x40
  (v 1) 0x3c
  (v 2) 0x40
  (v 3) 0xfa
  (v 4) 0x1f
  (v 5) 0x0
  (v 6) 0x5
  (v 7) 0x2
  (v 8) 0x0
  (v 9) 0x0
  (v10) 0x5
  (v11) 0x0
  (v12) 0x0
  (v13) 0x0
  (v14) 0x0
  (v15) 0x0
  (v 0) 0x40
  (v 1) 0x3c
  (v 2) 0x40
  (v 3) 0xfa
  (v 4) 0x1f
  (v 5) 0x0
  (v 6) 0x5
  (v 7) 0x2
  (v 8) 0x0
  (v 9) 0x0
  (v10) 0x5
  (v11) 0x0
  (v12) 0x0
  (v13) 0x0
  (v14) 0x0
  (v15) 0x0
  (v 0) 0x40
  (v 1) 0x3c
  (v 2) 0x40
  (v 3) 0xfa
  (v 4) 0x1f
  (v 5) 0x0
  (v 6) 0x5
  (v 7) 0x2
  (v 8) 0x0
  (v 9) 0x0
  (v10) 0x5
  (v11) 0x0
  (v12) 0x0
  (v13) 0x0
  (v14) 0x0
  (v15) 0x0
  (v 0) 0x40
  (v 1) 0x3c
  (v 2) 0x38
  (v 3) 0xfa
  (v 4) 0x1f
  (v 5) 0x0
  (v 6) 0x5
  (v 7) 0x2
  (v 8) 0x0
  (v 9) 0x0
  (v10) 0x5
  (v11) 0x0
  (v12) 0x0
  (v13) 0x0
  (v14) 0x0
  (v15) 0x0
  (v 0) 0x40
  (v 1) 0x3c
  (v 2) 0x38
  (v 3) 0xfa
  (v 4) 0x1f
  (v 5) 0x0
  (v 6) 0x5
  (v 7) 0x2
  (v 8) 0x0
  (v 9) 0x0
  (v10) 0x5
  (v11) 0x0
  (v12) 0x0
  (v13) 0x0
  (v14) 0x0
  (v15) 0x0
  (v 0) 0x40
  (v 1) 0x3c
  (v 2) 0x38
  (v 3) 0xfa
  (v 4) 0x1f
  (v 5) 0x0
  (v 6) 0x5
  (v 7) 0x2
  (v 8) 0x0
  (v 9) 0x0
  (v10) 0x5
  (v11) 0x0
  (v12) 0x0
  (v13) 0x0
  (v14) 0x40
  (v15) 0x0
  (v 0) 0x40
  (v 1) 0x3c
  (v 2) 0x38
  (v 3) 0xfa
  (v 4) 0x1f
  (v 5) 0x0
  (v 6) 0x5
  (v 7) 0x2
  (v 8) 0x0
  (v 9) 0x0
  (v10) 0x5
  (v11) 0x0
  (v12) 0x0
  (v13) 0x3c
  (v14) 0x40
  (v15) 0x0
  (v 0) 0x40
  (v 1) 0x3c
  (v 2) 0x38
  (v 3) 0xfa
  (v 4) 0x1f
  (v 5) 0x0
  (v 6) 0x5
  (v 7) 0x2
  (v 8) 0x0
  (v 9) 0x0
  (v10) 0x5
  (v11) 0x0
  (v12) 0x0
  (v13) 0x3c
  (v14) 0x20
  (v15) 0x0
  (v 0) 0x40
  (v 1) 0x3c
  (v 2) 0x38
  (v 3) 0xfa
  (v 4) 0x1f
  (v 5) 0x0
  (v 6) 0x5
  (v 7) 0x2
  (v 8) 0x0
  (v 9) 0x0
  (v10) 0x5
  (v11) 0x0
  (v12) 0x0
  (v13) 0x1e
  (v14) 0x20
  (v15) 0x0
  (v 0) 0x40
  (v 1) 0x3c
  (v 2) 0x38
  (v 3) 0xfa
  (v 4) 0x1f
  (v 5) 0x0
  (v 6) 0x5
  (v 7) 0x2
  (v 8) 0x0
  (v 9) 0x0
  (v10) 0x5
  (v11) 0x0
  (v12) 0x0
  (v13) 0x1e
  (v14) 0x20
  (v15) 0x0
  (v 0) 0x40
  (v 1) 0x3c
  (v 2) 0x38
  (v 3) 0xfa
  (v 4) 0x1f
  (v 5) 0x0
  (v 6) 0x5
  (v 7) 0x2
  (v 8) 0x0
  (v 9) 0x0
  (v10) 0x5
  (v11) 0x0
  (v12) 0x0
  (v13) 0x1e
  (v14) 0x20
  (v15) 0x0
  (v 0) 0x40
  (v 1) 0x3c
  (v 2) 0x38
  (v 3) 0xfa
  (v 4) 0x1f
  (v 5) 0x0
  (v 6) 0x5
  (v 7) 0x2
  (v 8) 0x0
  (v 9) 0x0
  (v10) 0x5
  (v11) 0x0
  (v12) 0x0
  (v13) 0x1e
  (v14) 0x20
  (v15) 0x0
  (v 0) 0x40
  (v 1) 0x3c
  (v 2) 0x38
  (v 3) 0xfa
  (v 4) 0x1f
  (v 5) 0x0
  (v 6) 0x5
  (v 7) 0x2
  (v 8) 0x0
  (v 9) 0x0
  (v10) 0x5
  (v11) 0x0
  (v12) 0x0
  (v13) 0x1e
  (v14) 0x20
  (v15) 0x1
  (v 0) 0x40
  (v 1) 0x3c
  (v 2) 0x38
  (v 3) 0xfa
  (v 4) 0x1f
  (v 5) 0x0
  (v 6) 0x5
  (v 7) 0x2
  (v 8) 0x0
  (v 9) 0x0
  (v10) 0x5
  (v11) 0x0
  (v12) 0x0
  (v13) 0x1e
  (v14) 0x20
  (v15) 0x1
  (v 0) 0x40
  (v 1) 0x3c
  (v 2) 0x38
  (v 3) 0xfa
  (v 4) 0x1f
  (v 5) 0x0
  (v 6) 0x5
  (v 7) 0x2
  (v 8) 0x0
  (v 9) 0x0
  (v10) 0x5
  (v11) 0x0
  (v12) 0x0
  (v13) 0x1e
  (v14) 0x20
  (v15) 0x1
  (v 0) 0x40
  (v 1) 0x3c
  (v 2) 0x38
  (v 3) 0xfa
  (v 4) 0x1f
  (v 5) 0x0
  (v 6) 0x5
  (v 7) 0x2
  (v 8) 0x0
  (v 9) 0x0
  (v10) 0x5
  (v11) 0x0
  (v12) 0x0
  (v13) 0x1e
  (v14) 0x20
  (v15) 0x1
  (v 0) 0x40
  (v 1) 0x3c
  (v 2) 0x38
  (v 3) 0xfa
  (v 4) 0x1f
  (v 5) 0x0
  (v 6) 0x5
  (v 7) 0x2
  (v 8) 0x0
  (v 9) 0x0
  (v10) 0x5
  (v11) 0x0
  (v12) 0x0
  (v13) 0x1e
  (v14) 0x20
  (v15) 0x1
  (v 0) 0x40
  (v 1) 0x3c
  (v 2) 0x38
  (v 3) 0xfa
  (v 4) 0x1f
  (v 5) 0x0
  (v 6) 0x5
  (v 7) 0x2
  (v 8) 0x0
  (v 9) 0x0
  (v10) 0x5
  (v11) 0x0
  (v12) 0x0
  (v13) 0x1e
  (v14) 0x20
  (v15) 0x1
  (v 0) 0x78
  (v 1) 0x3c
  (v 2) 0x38
  (v 3) 0xfa
  (v 4) 0x1f
  (v 5) 0x0
  (v 6) 0x5
  (v 7) 0x2
  (v 8) 0x0
  (v 9) 0x0
  (v10) 0x5
  (v11) 0x0
  (v12) 0x0
  (v13) 0x1e
  (v14) 0x20
  (v15) 0x1
  (v 0) 0x78
  (v 1) 0x36
  (v 2) 0x38
  (v 3) 0xfa
  (v 4) 0x1f
  (v 5) 0x0
  (v 6) 0x5
  (v 7) 0x2
  (v 8) 0x0
  (v 9) 0x0
  (v10) 0x5
  (v11) 0x0
  (v12) 0x0
  (v13) 0x1e
  (v14) 0x20
  (v15) 0x1
  (v 0) 0x78
  (v 1) 0x36
  (v 2) 0x38
  (v 3) 0xfa
  (v 4) 0x1f
  (v 5) 0x0
  (v 6) 0x5
  (v 7) 0x2
  (v 8) 0x0
  (v 9) 0x0
  (v10) 0x5
  (v11) 0x0
  (v12) 0x0
  (v13) 0x1e
  (v14) 0x78
  (v15) 0x1
  (v 0) 0x78
  (v 1) 0x36
  (v 2) 0x38
  (v 3) 0xfa
  (v 4) 0x1f
  (v 5) 0x0
  (v 6) 0x5
  (v 7) 0x2
  (v 8) 0x0
  (v 9) 0x0
  (v10) 0x5
  (v11) 0x0
  (v12) 0x0
  (v13) 0x36
  (v14) 0x78
  (v15) 0x1
  (v 0) 0x78
  (v 1) 0x36
  (v 2) 0x38
  (v 3) 0xfa
  (v 4) 0x1f
  (v 5) 0x0
  (v 6) 0x5
  (v 7) 0x2
  (v 8) 0x0
  (v 9) 0x0
  (v10) 0x5
  (v11) 0x0
  (v12) 0x0
  (v13) 0x36
  (v14) 0x3c
  (v15) 0x0
  (v 0) 0x78
  (v 1) 0x36
  (v 2) 0x38
  (v 3) 0xfa
  (v 4) 0x1f
  (v 5) 0x0
  (v 6) 0x5
  (v 7) 0x2
  (v 8) 0x0
  (v 9) 0x0
  (v10) 0x5
  (v11) 0x0
  (v12) 0x0
  (v13) 0x1b
  (v14) 0x3c
  (v15) 0x0
  (v 0) 0x78
  (v 1) 0x36
  (v 2) 0x38
  (v 3) 0xfa
  (v 4) 0x3c
  (v 5) 0x0
  (v 6) 0x5
  (v 7) 0x2
  (v 8) 0x0
  (v 9) 0x0
  (v10) 0x5
  (v11) 0x0
  (v12) 0x0
  (v13) 0x1b
  (v14) 0x3c
  (v15) 0x0
  (v 0) 0x78
  (v 1) 0x36
  (v 2) 0x38
  (v 3) 0xfa
  (v 4) 0x3c
  (v 5) 0xc2
  (v 6) 0x5
  (v 7) 0x2
  (v 8) 0x0
  (v 9) 0x0
  (v10) 0x5
  (v11) 0x0
  (v12) 0x0
  (v13) 0x1b
  (v14) 0x3c
  (v15) 0x0
  (v 0) 0x78
  (v 1) 0x36
  (v 2) 0x38
  (v 3) 0xfa
  (v 4) 0xfe
  (v 5) 0xc2
  (v 6) 0x5
  (v 7) 0x2
  (v 8) 0x0
  (v 9) 0x0
  (v10) 0x5
  (v11) 0x0
  (v12) 0x0
  (v13) 0x1b
  (v14) 0x3c
  (v15) 0x0
  (v 0) 0x78
  (v 1) 0x36
  (v 2) 0x38
  (v 3) 0xfa
  (v 4) 0xfe
  (v 5) 0xc2
  (v 6) 0x5
  (v 7) 0x2
  (v 8) 0x0
  (v 9) 0x0
  (v10) 0x5
  (v11) 0x0
  (v12) 0x0
  (v13) 0x1b
  (v14) 0x3c
  (v15) 0x0
  (v 0) 0x78
  (v 1) 0x36
  (v 2) 0x38
  (v 3) 0xfa
  (v 4) 0xfe
  (v 5) 0xc2
  (v 6) 0x5
  (v 7) 0x2
  (v 8) 0x0
  (v 9) 0x0
  (v10) 0x5
  (v11) 0x0
  (v12) 0x0
  (v13) 0x1b
  (v14) 0x3c
  (v15) 0x0
  (v 0) 0x78
  (v 1) 0x36
  (v 2) 0x38
  (v 3) 0xfa
  (v 4) 0x1b
  (v 5) 0xc2
  (v 6) 0x5
  (v 7) 0x2
  (v 8) 0x0
  (v 9) 0x0
  (v10) 0x5
  (v11) 0x0
  (v12) 0x0
  (v13) 0x1b
  (v14) 0x3c
  (v15) 0x0
  (v 0) 0x78
  (v 1) 0x36
  (v 2) 0x38
  (v 3) 0xfa
  (v 4) 0x1b
  (v 5) 0xe1
  (v 6) 0x5
  (v 7) 0x2
  (v 8) 0x0
  (v 9) 0x0
  (v10) 0x5
  (v11) 0x0
  (v12) 0x0
  (v13) 0x1b
  (v14) 0x3c
  (v15) 0x0
  (v 0) 0x78
  (v 1) 0x36
  (v 2) 0x38
  (v 3) 0xfa
  (v 4) 0xfc
  (v 5) 0xe1
  (v 6) 0x5
  (v 7) 0x2
  (v 8) 0x0
  (v 9) 0x0
  (v10) 0x5
  (v11) 0x0
  (v12) 0x0
  (v13) 0x1b
  (v14) 0x3c
  (v15) 0x0
  (v 0) 0x78
  (v 1) 0x36
  (v 2) 0x38
  (v 3) 0xfa
  (v 4) 0xfc
  (v 5) 0xe1
  (v 6) 0x5
  (v 7) 0x2
  (v 8) 0x0
  (v 9) 0x0
  (v10) 0x5
  (v11) 0x0
  (v12) 0x0
  (v13) 0x1b
  (v14) 0x3c
  (v15) 0x0
  (v 0) 0x78
  (v 1) 0x36
  (v 2) 0x38
  (v 3) 0xfa
  (v 4) 0xfc
  (v 5) 0xe1
  (v 6) 0x5
  (v 7) 0x2
  (v 8) 0x0
  (v 9) 0x0
  (v10) 0x5
  (v11) 0x0
  (v12) 0x0
  (v13) 0x1b
  (v14) 0x3c
  (v15) 0x0
  (v 0) 0x78
  (v 1) 0x36
  (v 2) 0x38
  (v 3) 0xfb
  (v 4) 0xfc
  (v 5) 0xe1
  (v 6) 0x5
  (v 7) 0x2
  (v 8) 0x0
  (v 9) 0x0
  (v10) 0x5
  (v11) 0x0
  (v12) 0x0
  (v13) 0x1b
  (v14) 0x3c
  (v15) 0x0
  (v 0) 0x78
  (v 1) 0x36
  (v 2) 0x38
  (v 3) 0xfb
  (v 4) 0xfc
  (v 5) 0xe1
  (v 6) 0x5
  (v 7) 0x2
  (v 8) 0x0
  (v 9) 0x0
  (v10) 0x5
  (v11) 0x0
  (v12) 0x0
  (v13) 0x1b
  (v14) 0x3c
  (v15) 0x0
  (v 0) 0x78
  (v 1) 0x36
  (v 2) 0x38
  (v 3) 0xfb
  (v 4) 0xfc
  (v 5) 0xe1
  (v 6) 0x5
  (v 7) 0x2
  (v 8) 0x0
  (v 9) 0x0
  (v10) 0x5
  (v11) 0x0
  (v12) 0x0
  (v13) 0x1b
  (v14) 0x3c
  (v15) 0x0
  (v 0) 0x78
  (v 1) 0x36
  (v 2) 0x38
  (v 3) 0xfb
  (v 4) 0xfc
  (v 5) 0xe1
  (v 6) 0x5
  (v 7) 0x2
  (v 8) 0x0
  (v 9) 0x0
  (v10) 0x5
  (v11) 0x0
  (v12) 0x0
  (v13) 0x1b
  (v14) 0x3c
  (v15) 0x0
  (v 0) 0x78
  (v 1) 0x36
  (v 2) 0x38
  (v 3) 0xfb
  (v 4) 0xfc
  (v 5) 0xe1
  (v 6) 0x5
  (v 7) 0x2
  (v 8) 0x0
  (v 9) 0x0
  (v10) 0x5
  (v11) 0x0
  (v12) 0x0
  (v13) 0x1b
  (v14) 0x3c
  (v15) 0x0
  (v 0) 0x78
  (v 1) 0x36
  (v 2) 0x38
  (v 3) 0xfb
  (v 4) 0xfc
  (v 5) 0xe1
  (v 6) 0x5
  (v 7) 0x2
  (v 8) 0x0
  (v 9) 0x0
  (v10) 0x5
  (v11) 0x0
  (v12) 0x0
  (v13) 0x1b
  (v14) 0x3c
  (v15) 0x0
  (v 0) 0x78
  (v 1) 0x36
  (v 2) 0x38
  (v 3) 0xfb
  (v 4) 0xfc
  (v 5) 0xe1
  (v 6) 0x5
  (v 7) 0x2
  (v 8) 0x0
  (v 9) 0x0
  (v10) 0x5
  (v11) 0x0
  (v12) 0x0
  (v13) 0x1b
  (v14) 0x3c
  (v15) 0x0
  (v 0) 0x78
  (v 1) 0x36
  (v 2) 0x38
  (v 3) 0xfb
  (v 4) 0xfc
  (v 5) 0xe1
  (v 6) 0x5
  (v 7) 0x2
  (v 8) 0x0
  (v 9) 0x0
  (v10) 0x5
  (v11) 0x0
  (v12) 0x0
  (v13) 0x1b
  (v14) 0x78
  (v15) 0x0
  (v 0) 0x78
  (v 1) 0x36
  (v 2) 0x38
  (v 3) 0xfb
  (v 4) 0xfc
  (v 5) 0xe1
  (v 6) 0x5
  (v 7) 0x2
  (v 8) 0x0
  (v 9) 0x0
  (v10) 0x5
  (v11) 0x0
  (v12) 0x0
  (v13) 0x36
  (v14) 0x78
  (v15) 0x0
  (v 0) 0x78
  (v 1) 0x36
  (v 2) 0x38
  (v 3) 0xfb
  (v 4) 0xfc
  (v 5) 0xe1
  (v 6) 0x5
  (v 7) 0x2
  (v 8) 0x0
  (v 9) 0x0
  (v10) 0x5
  (v11) 0x0
  (v12) 0x0
  (v13) 0x36
  (v14) 0x3c
  (v15) 0x0
  (v 0) 0x78
  (v 1) 0x36
  (v 2) 0x38
  (v 3) 0xfb
  (v 4) 0xfc
  (v 5) 0xe1
  (v 6) 0x5
  (v 7) 0x2
  (v 8) 0x0
  (v 9) 0x0
  (v10) 0x5
  (v11) 0x0
  (v12) 0x0
  (v13) 0x1b
  (v14) 0x3c
  (v15) 0x0
  (v 0) 0x78
  (v 1) 0x36
  (v 2) 0x38
  (v 3) 0xfb
  (v 4) 0xfc
  (v 5) 0xe1
  (v 6) 0x5
  (v 7) 0x2
  (v 8) 0x0
  (v 9) 0x0
  (v10) 0x5
  (v11) 0x0
  (v12) 0x0
  (v13) 0x1b
  (v14) 0x3c
  (v15) 0x0
  (v 0) 0x78
  (v 1) 0x36
  (v 2) 0x38
  (v 3) 0xfb
  (v 4) 0xfc
  (v 5) 0xe1
  (v 6) 0x5
  (v 7) 0x2
  (v 8) 0x0
  (v 9) 0x0
  (v10) 0x5
  (v11) 0x0
  (v12) 0x0
  (v13) 0x1b
  (v14) 0x3c
  (v15) 0x0
  (v 0) 0x78
  (v 1) 0x36
  (v 2) 0x38
  (v 3) 0xfb
  (v 4) 0xfc
  (v 5) 0xe1
  (v 6) 0x5
  (v 7) 0x2
  (v 8) 0x0
  (v 9) 0x0
  (v10) 0x5
  (v11) 0x0
  (v12) 0x0
  (v13) 0x1b
  (v14) 0x3c
  (v15) 0x0
  (v 0) 0x78
  (v 1) 0x36
  (v 2) 0x38
  (v 3) 0xfb
  (v 4) 0xfc
  (v 5) 0xe1
  (v 6) 0x5
  (v 7) 0x2
  (v 8) 0x0
  (v 9) 0x0
  (v10) 0x5
  (v11) 0x0
  (v12) 0x0
  (v13) 0x1b
  (v14) 0x3c
  (v15) 0x1
  (v 0) 0x78
  (v 1) 0x36
  (v 2) 0x38
  (v 3) 0xfb
  (v 4) 0xfc
  (v 5) 0xe1
  (v 6) 0x5
  (v 7) 0x2
  (v 8) 0x0
  (v 9) 0x0
  (v10) 0x5
  (v11) 0x0
  (v12) 0x0
  (v13) 0x1b
  (v14) 0x3c
  (v15) 0x1
  (v 0) 0x78
  (v 1) 0x36
  (v 2) 0x38
  (v 3) 0xfb
  (v 4) 0xfc
  (v 5) 0xe1
  (v 6) 0x5
  (v 7) 0x2
  (v 8) 0x0
  (v 9) 0x0
  (v10) 0x5
  (v11) 0x4
  (v12) 0x0
  (v13) 0x1b
  (v14) 0x3c
  (v15) 0x1
  (v 0) 0x78
  (v 1) 0x36
  (v 2) 0x38
  (v 3) 0xfb
  (v 4) 0xfc
  (v 5) 0xe1
  (v 6) 0x5
  (v 7) 0x2
  (v 8) 0x0
  (v 9) 0x0
  (v10) 0x5
  (v11) 0x4
  (v12) 0x1
  (v13) 0x1b
  (v14) 0x3c
  (v15) 0x1
  (v 0) 0x78
  (v 1) 0x36
  (v 2) 0x38
  (v 3) 0xfb
  (v 4) 0xfc
  (v 5) 0xe1
  (v 6) 0x5
  (v 7) 0x2
  (v 8) 0x0
  (v 9) 0x0
  (v10) 0x5
  (v11) 0x4
  (v12) 0x1
  (v13) 0x1b
  (v14) 0x3c
  (v15) 0x1
  (v 0) 0x78
  (v 1) 0x36
  (v 2) 0x38
  (v 3) 0xfb
  (v 4) 0xfc
  (v 5) 0xe1
  (v 6) 0x5
  (v 7) 0x2
  (v 8) 0x0
  (v 9) 0x0
  (v10) 0x5
  (v11) 0x4
  (v12) 0x1
  (v13) 0x1b
  (v14) 0x3c
  (v15) 0x1
  (v 0) 0x78
  (v 1) 0x36
  (v 2) 0x38
  (v 3) 0xfb
  (v 4) 0xfc
  (v 5) 0xe1
  (v 6) 0x5
  (v 7) 0x2
  (v 8) 0x0
  (v 9) 0x0
  (v10) 0x5
  (v11) 0x4
  (v12) 0x1
  (v13) 0x1b
  (v14) 0x3c
  (v15) 0x1
  (v 0) 0x78
  (v 1) 0x36
  (v 2) 0x38
  (v 3) 0xfb
  (v 4) 0xfc
  (v 5) 0xe1
  (v 6) 0x5
  (v 7) 0x2
  (v 8) 0x0
  (v 9) 0x0
  (v10) 0x5
  (v11) 0x4
  (v12) 0x1
  (v13) 0x1b
  (v14) 0x3c
  (v15) 0x1
  (v 0) 0x40
  (v 1) 0x3c
  (v 2) 0x40
  (v 3) 0xfb
  (v 4) 0xfc
  (v 5) 0xe1
  (v 6) 0x5
  (v 7) 0x2
  (v 8) 0x0
  (v 9) 0x0
  (v10) 0x5
  (v11) 0x4
  (v12) 0x1
  (v13) 0x1b
  (v14) 0x3c
  (v15) 0x1
