  (v 0) 0xa
  (v 1) 0x0
  (v 2) 0x0
  (v 3) 0x0
  (v 4) 0x0
  (v 5) 0x0
  (v 6) 0x0
  (v 7) 0x0
  (v 8) 0x0
  (v 9) 0x0
  (v10) 0x0
  (v11) 0x0
  (v12) 0x0
  (v13) 0x0
  (v14) 0x0
  (v15) 0x0
  (v 0) 0xa
  (v 1) 0x0
  (v 2) 0x0
  (v 3) 0x0
  (v 4) 0x0
  (v 5) 0x5
  (v 6) 0x0
  (v 7) 0x0
  (v 8) 0x0
  (v 9) 0x0
  (v10) 0x0
  (v11) 0x0
  (v12) 0x0
  (v13) 0x0
  (v14) 0x0
  (v15) 0x0
  (v 0) 0xa
  (v 1) 0x0
  (v 2) 0x0
  (v 3) 0x0
  (v 4) 0x0
  (v 5) 0x5
  (v 6) 0xa
  (v 7) 0x0
  (v 8) 0x0
  (v 9) 0x0
  (v10) 0x0
  (v11) 0x0
  (v12) 0x0
  (v13) 0x0
  (v14) 0x0
  (v15) 0x0
  (v 0) 0xa
  (v 1) 0x0
  (v 2) 0x0
  (v 3) 0x0
  (v 4) 0x0
  (v 5) 0x5
  (v 6) 0xa
  (v 7) 0xf
  (v 8) 0x0
  (v 9) 0x0
  (v10) 0x0
  (v11) 0x0
  (v12) 0x0
  (v13) 0x0
  (v14) 0x0
  (v15) 0x0
  (v 0) 0xa
  (v 1) 0x0
  (v 2) 0x0
  (v 3) 0x0
  (v 4) 0x0
  (v 5) 0x5
  (v 6) 0xa
  (v 7) 0xf
  (v 8) 0x14
  (v 9) 0x0
  (v10) 0x0
  (v11) 0x0
  (v12) 0x0
  (v13) 0x0
  (v14) 0x0
  (v15) 0x0
  (v 0) 0xa
  (v 1) 0x1
  (v 2) 0x0
  (v 3) 0x0
  (v 4) 0x0
  (v 5) 0x5
  (v 6) 0xa
  (v 7) 0xf
  (v 8) 0x14
  (v 9) 0x0
  (v10) 0x0
  (v11) 0x0
  (v12) 0x0
  (v13) 0x0
  (v14) 0x0
  (v15) 0x0
  (v 0) 0xa
  (v 1) 0x1
  (v 2) 0x1
  (v 3) 0x0
  (v 4) 0x0
  (v 5) 0x5
  (v 6) 0xa
  (v 7) 0xf
  (v 8) 0x14
  (v 9) 0x0
  (v10) 0x0
  (v11) 0x0
  (v12) 0x0
  (v13) 0x0
  (v14) 0x0
  (v15) 0x0
  (v 0) 0xa
  (v 1) 0x1
  (v 2) 0x1
  (v 3) 0x1
  (v 4) 0x0
  (v 5) 0x5
  (v 6) 0xa
  (v 7) 0xf
  (v 8) 0x14
  (v 9) 0x0
  (v10) 0x0
  (v11) 0x0
  (v12) 0x0
  (v13) 0x0
  (v14) 0x0
  (v15) 0x0
  (v 0) 0xa
  (v 1) 0x1
  (v 2) 0x1
  (v 3) 0x1
  (v 4) 0x1
  (v 5) 0x5
  (v 6) 0xa
  (v 7) 0xf
  (v 8) 0x14
  (v 9) 0x0
  (v10) 0x0
  (v11) 0x0
  (v12) 0x0
  (v13) 0x0
  (v14) 0x0
  (v15) 0x0
  (v 0) 0xa
  (v 1) 0x1
  (v 2) 0x1
  (v 3) 0x1
  (v 4) 0x1
  (v 5) 0x5
  (v 6) 0xa
  (v 7) 0xf
  (v 8) 0x14
  (v 9) 0x0
  (v10) 0x0
  (v11) 0x0
  (v12) 0x0
  (v13) 0x0
  (v14) 0x0
  (v15) 0x0
  (v 0) 0xa
  (v 1) 0x1
  (v 2) 0x1
  (v 3) 0x1
  (v 4) 0x1
  (v 5) 0x5
  (v 6) 0xa
  (v 7) 0xf
  (v 8) 0x14
  (v 9) 0x0
  (v10) 0x0
  (v11) 0x0
  (v12) 0x0
  (v13) 0x0
  (v14) 0x0
  (v15) 0x0
  (v 0) 0xa
  (v 1) 0x1
  (v 2) 0x1
  (v 3) 0x1
  (v 4) 0x1
  (v 5) 0x5
  (v 6) 0xa
  (v 7) 0xf
  (v 8) 0x14
  (v 9) 0x0
  (v10) 0x0
  (v11) 0x0
  (v12) 0x0
  (v13) 0x0
  (v14) 0x0
  (v15) 0x1
  (v 0) 0x14
  (v 1) 0x1
  (v 2) 0x1
  (v 3) 0x1
  (v 4) 0x1
  (v 5) 0x5
  (v 6) 0xa
  (v 7) 0xf
  (v 8) 0x14
  (v 9) 0x0
  (v10) 0x0
  (v11) 0x0
  (v12) 0x0
  (v13) 0x0
  (v14) 0x0
  (v15) 0x1
  (v 0) 0x14
  (v 1) 0x1
  (v 2) 0x1
  (v 3) 0x1
  (v 4) 0x1
  (v 5) 0x5
  (v 6) 0xa
  (v 7) 0xf
  (v 8) 0x14
  (v 9) 0x0
  (v10) 0x0
  (v11) 0x0
  (v12) 0x0
  (v13) 0x0
  (v14) 0x0
  (v15) 0x1
  (v 0) 0x14
  (v 1) 0x1
  (v 2) 0x1
  (v 3) 0x1
  (v 4) 0x1
  (v 5) 0x5
  (v 6) 0xa
  (v 7) 0xf
  (v 8) 0x14
  (v 9) 0x0
  (v10) 0x0
  (v11) 0x0
  (v12) 0x0
  (v13) 0x0
  (v14) 0x0
  (v15) 0x1
  (v 0) 0x1e
  (v 1) 0x1
  (v 2) 0x1
  (v 3) 0x1
  (v 4) 0x1
  (v 5) 0x5
  (v 6) 0xa
  (v 7) 0xf
  (v 8) 0x14
  (v 9) 0x0
  (v10) 0x0
  (v11) 0x0
  (v12) 0x0
  (v13) 0x0
  (v14) 0x0
  (v15) 0x1
  (v 0) 0x1e
  (v 1) 0x1
  (v 2) 0x1
  (v 3) 0x1
  (v 4) 0x1
  (v 5) 0x5
  (v 6) 0xa
  (v 7) 0xf
  (v 8) 0x14
  (v 9) 0x0
  (v10) 0x0
  (v11) 0x0
  (v12) 0x0
  (v13) 0x0
  (v14) 0x0
  (v15) 0x1
  (v 0) 0x1e
  (v 1) 0x1
  (v 2) 0x1
  (v 3) 0x1
  (v 4) 0x1
  (v 5) 0x5
  (v 6) 0xa
  (v 7) 0xf
  (v 8) 0x14
  (v 9) 0x0
  (v10) 0x0
  (v11) 0x0
  (v12) 0x0
  (v13) 0x0
  (v14) 0x0
  (v15) 0x1
  (v 0) 0x28
  (v 1) 0x1
  (v 2) 0x1
  (v 3) 0x1
  (v 4) 0x1
  (v 5) 0x5
  (v 6) 0xa
  (v 7) 0xf
  (v 8) 0x14
  (v 9) 0x0
  (v10) 0x0
  (v11) 0x0
  (v12) 0x0
  (v13) 0x0
  (v14) 0x0
  (v15) 0x1
  (v 0) 0x28
  (v 1) 0x1
  (v 2) 0x1
  (v 3) 0x1
  (v 4) 0x1
  (v 5) 0x5
  (v 6) 0xa
  (v 7) 0xf
  (v 8) 0x14
  (v 9) 0x0
  (v10) 0x0
  (v11) 0x0
  (v12) 0x0
  (v13) 0x0
  (v14) 0x0
  (v15) 0x1
  (v 0) 0x28
  (v 1) 0x1
  (v 2) 0x1
  (v 3) 0x1
  (v 4) 0x1
  (v 5) 0x5
  (v 6) 0xa
  (v 7) 0xf
  (v 8) 0x14
  (v 9) 0x0
  (v10) 0x0
  (v11) 0x0
  (v12) 0x0
  (v13) 0x0
  (v14) 0x0
  (v15) 0x1
  (v 0) 0x28
  (v 1) 0x1
  (v 2) 0x1
  (v 3) 0x1
  (v 4) 0x1
  (v 5) 0x5
  (v 6) 0xa
  (v 7) 0xf
  (v 8) 0x14
  (v 9) 0x0
  (v10) 0x3
  (v11) 0x0
  (v12) 0x0
  (v13) 0x0
  (v14) 0x0
  (v15) 0x1
  (v 0) 0x28
  (v 1) 0x1
  (v 2) 0x1
  (v 3) 0x1
  (v 4) 0x1
  (v 5) 0x5
  (v 6) 0xa
  (v 7) 0xf
  (v 8) 0x14
  (v 9) 0x0
  (v10) 0x3
  (v11) 0x0
  (v12) 0x0
  (v13) 0x0
  (v14) 0x0
  (v15) 0x1
  (v 0) 0xa
  (v 1) 0x1
  (v 2) 0x1
  (v 3) 0x1
  (v 4) 0x1
  (v 5) 0x5
  (v 6) 0xa
  (v 7) 0xf
  (v 8) 0x14
  (v 9) 0x0
  (v10) 0x3
  (v11) 0x0
  (v12) 0x0
  (v13) 0x0
  (v14) 0x0
  (v15) 0x1
  (v 0) 0xa
  (v 1) 0x1
  (v 2) 0x1
  (v 3) 0x1
  (v 4) 0x1
  (v 5) 0x5
  (v 6) 0xa
  (v 7) 0xf
  (v 8) 0x14
  (v 9) 0x0
  (v10) 0x3
  (v11) 0x0
  (v12) 0x0
  (v13) 0x0
  (v14) 0x0
  (v15) 0x1
  (v 0) 0xa
  (v 1) 0x1
  (v 2) 0x1
  (v 3) 0x1
  (v 4) 0x1
  (v 5) 0x5
  (v 6) 0xa
  (v 7) 0xf
  (v 8) 0x14
  (v 9) 0x0
  (v10) 0x3
  (v11) 0x0
  (v12) 0x0
  (v13) 0x0
  (v14) 0x0
  (v15) 0x1
  (v 0) 0xa
  (v 1) 0x1
  (v 2) 0x1
  (v 3) 0x1
  (v 4) 0x1
  (v 5) 0x5
  (v 6) 0xa
  (v 7) 0xf
  (v 8) 0x14
  (v 9) 0x0
  (v10) 0x3
  (v11) 0x0
  (v12) 0x0
  (v13) 0x0
  (v14) 0x0
  (v15) 0x1
  (v 0) 0xa
  (v 1) 0x1
  (v 2) 0x1
  (v 3) 0x1
  (v 4) 0x1
  (v 5) 0x5
  (v 6) 0xa
  (v 7) 0xf
  (v 8) 0x14
  (v 9) 0x0
  (v10) 0x3
  (v11) 0x0
  (v12) 0x0
  (v13) 0x0
  (v14) 0x0
  (v15) 0x1
  (v 0) 0xa
  (v 1) 0x1
  (v 2) 0x1
  (v 3) 0x1
  (v 4) 0x1
  (v 5) 0x6
  (v 6) 0xa
  (v 7) 0xf
  (v 8) 0x14
  (v 9) 0x0
  (v10) 0x3
  (v11) 0x0
  (v12) 0x0
  (v13) 0x0
  (v14) 0x0
  (v15) 0x1
  (v 0) 0xa
  (v 1) 0x1
  (v 2) 0x1
  (v 3) 0x1
  (v 4) 0x1
  (v 5) 0x6
  (v 6) 0xa
  (v 7) 0xf
  (v 8) 0x14
  (v 9) 0x0
  (v10) 0x3
  (v11) 0x0
  (v12) 0x0
  (v13) 0x0
  (v14) 0x0
  (v15) 0x1
  (v 0) 0x14
  (v 1) 0x1
  (v 2) 0x1
  (v 3) 0x1
  (v 4) 0x1
  (v 5) 0x6
  (v 6) 0xa
  (v 7) 0xf
  (v 8) 0x14
  (v 9) 0x0
  (v10) 0x3
  (v11) 0x0
  (v12) 0x0
  (v13) 0x0
  (v14) 0x0
  (v15) 0x1
  (v 0) 0x14
  (v 1) 0x1
  (v 2) 0x1
  (v 3) 0x1
  (v 4) 0x1
  (v 5) 0x6
  (v 6) 0xa
  (v 7) 0xf
  (v 8) 0x14
  (v 9) 0x0
  (v10) 0x3
  (v11) 0x0
  (v12) 0x0
  (v13) 0x0
  (v14) 0x0
  (v15) 0x1
  (v 0) 0x14
  (v 1) 0x1
  (v 2) 0x1
  (v 3) 0x1
  (v 4) 0x1
  (v 5) 0x6
  (v 6) 0xa
  (v 7) 0xf
  (v 8) 0x14
  (v 9) 0x0
  (v10) 0x3
  (v11) 0x0
  (v12) 0x0
  (v13) 0x0
  (v14) 0x0
  (v15) 0x1
  (v 0) 0x14
  (v 1) 0x1
  (v 2) 0x1
  (v 3) 0x1
  (v 4) 0x1
  (v 5) 0x6
  (v 6) 0xa
  (v 7) 0xf
  (v 8) 0x14
  (v 9) 0x0
  (v10) 0x3
  (v11) 0x0
  (v12) 0x0
  (v13) 0x0
  (v14) 0x0
  (v15) 0x1
  (v 0) 0x14
  (v 1) 0x1
  (v 2) 0x1
  (v 3) 0x1
  (v 4) 0x1
  (v 5) 0x6
  (v 6) 0xa
  (v 7) 0xf
  (v 8) 0x14
  (v 9) 0x0
  (v10) 0x3
  (v11) 0x0
  (v12) 0x0
  (v13) 0x0
  (v14) 0x0
  (v15) 0x1
  (v 0) 0x14
  (v 1) 0x1
  (v 2) 0x1
  (v 3) 0x1
  (v 4) 0x1
  (v 5) 0x6
  (v 6) 0xb
  (v 7) 0xf
  (v 8) 0x14
  (v 9) 0x0
  (v10) 0x3
  (v11) 0x0
  (v12) 0x0
  (v13) 0x0
  (v14) 0x0
  (v15) 0x1
  (v 0) 0x14
  (v 1) 0x1
  (v 2) 0x1
  (v 3) 0x1
  (v 4) 0x1
  (v 5) 0x6
  (v 6) 0xb
  (v 7) 0xf
  (v 8) 0x14
  (v 9) 0x0
  (v10) 0x3
  (v11) 0x0
  (v12) 0x0
  (v13) 0x0
  (v14) 0x0
  (v15) 0x1
  (v 0) 0x1e
  (v 1) 0x1
  (v 2) 0x1
  (v 3) 0x1
  (v 4) 0x1
  (v 5) 0x6
  (v 6) 0xb
  (v 7) 0xf
  (v 8) 0x14
  (v 9) 0x0
  (v10) 0x3
  (v11) 0x0
  (v12) 0x0
  (v13) 0x0
  (v14) 0x0
  (v15) 0x1
  (v 0) 0x1e
  (v 1) 0x1
  (v 2) 0x1
  (v 3) 0x1
  (v 4) 0x1
  (v 5) 0x6
  (v 6) 0xb
  (v 7) 0xf
  (v 8) 0x14
  (v 9) 0x0
  (v10) 0x3
  (v11) 0x0
  (v12) 0x0
  (v13) 0x0
  (v14) 0x0
  (v15) 0x1
  (v 0) 0x1e
  (v 1) 0x1
  (v 2) 0x1
  (v 3) 0x1
  (v 4) 0x1
  (v 5) 0x6
  (v 6) 0xb
  (v 7) 0xf
  (v 8) 0x14
  (v 9) 0x0
  (v10) 0x3
  (v11) 0x0
  (v12) 0x0
  (v13) 0x0
  (v14) 0x0
  (v15) 0x1
  (v 0) 0x1e
  (v 1) 0x1
  (v 2) 0x1
  (v 3) 0x1
  (v 4) 0x1
  (v 5) 0x6
  (v 6) 0xb
  (v 7) 0xf
  (v 8) 0x14
  (v 9) 0x0
  (v10) 0x3
  (v11) 0x0
  (v12) 0x0
  (v13) 0x0
  (v14) 0x0
  (v15) 0x1
  (v 0) 0x1e
  (v 1) 0x1
  (v 2) 0x1
  (v 3) 0x1
  (v 4) 0x1
  (v 5) 0x6
  (v 6) 0xb
  (v 7) 0xf
  (v 8) 0x14
  (v 9) 0x0
  (v10) 0x3
  (v11) 0x0
  (v12) 0x0
  (v13) 0x0
  (v14) 0x0
  (v15) 0x1
  (v 0) 0x1e
  (v 1) 0x1
  (v 2) 0x1
  (v 3) 0x1
  (v 4) 0x1
  (v 5) 0x6
  (v 6) 0xb
  (v 7) 0x10
  (v 8) 0x14
  (v 9) 0x0
  (v10) 0x3
  (v11) 0x0
  (v12) 0x0
  (v13) 0x0
  (v14) 0x0
  (v15) 0x1
  (v 0) 0x1e
  (v 1) 0x1
  (v 2) 0x1
  (v 3) 0x1
  (v 4) 0x1
  (v 5) 0x6
  (v 6) 0xb
  (v 7) 0x10
  (v 8) 0x14
  (v 9) 0x0
  (v10) 0x3
  (v11) 0x0
  (v12) 0x0
  (v13) 0x0
  (v14) 0x0
  (v15) 0x1
  (v 0) 0x28
  (v 1) 0x1
  (v 2) 0x1
  (v 3) 0x1
  (v 4) 0x1
  (v 5) 0x6
  (v 6) 0xb
  (v 7) 0x10
  (v 8) 0x14
  (v 9) 0x0
  (v10) 0x3
  (v11) 0x0
  (v12) 0x0
  (v13) 0x0
  (v14) 0x0
  (v15) 0x1
  (v 0) 0x28
  (v 1) 0x1
  (v 2) 0x1
  (v 3) 0x1
  (v 4) 0x1
  (v 5) 0x6
  (v 6) 0xb
  (v 7) 0x10
  (v 8) 0x14
  (v 9) 0x0
  (v10) 0x3
  (v11) 0x0
  (v12) 0x0
  (v13) 0x0
  (v14) 0x0
  (v15) 0x1
  (v 0) 0x28
  (v 1) 0x1
  (v 2) 0x1
  (v 3) 0x1
  (v 4) 0x1
  (v 5) 0x6
  (v 6) 0xb
  (v 7) 0x10
  (v 8) 0x14
  (v 9) 0x0
  (v10) 0x3
  (v11) 0x0
  (v12) 0x0
  (v13) 0x0
  (v14) 0x0
  (v15) 0x1
  (v 0) 0x28
  (v 1) 0x1
  (v 2) 0x1
  (v 3) 0x1
  (v 4) 0x1
  (v 5) 0x6
  (v 6) 0xb
  (v 7) 0x10
  (v 8) 0x14
  (v 9) 0x0
  (v10) 0x3
  (v11) 0x0
  (v12) 0x0
  (v13) 0x0
  (v14) 0x0
  (v15) 0x1
  (v 0) 0x28
  (v 1) 0x1
  (v 2) 0x1
  (v 3) 0x1
  (v 4) 0xff
  (v 5) 0x6
  (v 6) 0xb
  (v 7) 0x10
  (v 8) 0x14
  (v 9) 0x0
  (v10) 0x3
  (v11) 0x0
  (v12) 0x0
  (v13) 0x0
  (v14) 0x0
  (v15) 0x1
  (v 0) 0x28
  (v 1) 0x1
  (v 2) 0x1
  (v 3) 0x1
  (v 4) 0xff
  (v 5) 0x6
  (v 6) 0xb
  (v 7) 0x10
  (v 8) 0x14
  (v 9) 0x0
  (v10) 0x3
  (v11) 0x0
  (v12) 0x0
  (v13) 0x0
  (v14) 0x0
  (v15) 0x1
  (v 0) 0x28
  (v 1) 0x1
  (v 2) 0x1
  (v 3) 0x1
  (v 4) 0xff
  (v 5) 0x6
  (v 6) 0xb
  (v 7) 0x10
  (v 8) 0x13
  (v 9) 0x0
  (v10) 0x3
  (v11) 0x0
  (v12) 0x0
  (v13) 0x0
  (v14) 0x0
  (v15) 0x1
  (v 0) 0x28
  (v 1) 0x1
  (v 2) 0x1
  (v 3) 0x1
  (v 4) 0xff
  (v 5) 0x6
  (v 6) 0xb
  (v 7) 0x10
  (v 8) 0x13
  (v 9) 0x0
  (v10) 0x3
  (v11) 0x0
  (v12) 0x0
  (v13) 0x0
  (v14) 0x0
  (v15) 0x1
  (v 0) 0x28
  (v 1) 0x1
  (v 2) 0x1
  (v 3) 0x1
  (v 4) 0xff
  (v 5) 0x6
  (v 6) 0xb
  (v 7) 0x10
  (v 8) 0x13
  (v 9) 0x0
  (v10) 0x3
  (v11) 0x0
  (v12) 0x0
  (v13) 0x0
  (v14) 0x0
  (v15) 0x1
  (v 0) 0x28
  (v 1) 0x1
  (v 2) 0x1
  (v 3) 0x1
  (v 4) 0xff
  (v 5) 0x6
  (v 6) 0xb
  (v 7) 0x10
  (v 8) 0x13
  (v 9) 0x0
  (v10) 0x3
  (v11) 0x0
  (v12) 0x0
  (v13) 0x0
  (v14) 0x0
  (v15) 0x1
  (v 0) 0x28
  (v 1) 0x1
  (v 2) 0x1
  (v 3) 0x1
  (v 4) 0xff
  (v 5) 0x6
  (v 6) 0xb
  (v 7) 0x10
  (v 8) 0x13
  (v 9) 0x0
  (v10) 0x3
  (v11) 0x0
  (v12) 0x0
  (v13) 0x0
  (v14) 0x0
  (v15) 0x1
  (v 0) 0xa
  (v 1) 0x1
  (v 2) 0x1
  (v 3) 0x1
  (v 4) 0xff
  (v 5) 0x6
  (v 6) 0xb
  (v 7) 0x10
  (v 8) 0x13
  (v 9) 0x0
  (v10) 0x3
  (v11) 0x0
  (v12) 0x0
  (v13) 0x0
  (v14) 0x0
  (v15) 0x1
  (v 0) 0xa
  (v 1) 0x1
  (v 2) 0x1
  (v 3) 0x1
  (v 4) 0xff
  (v 5) 0x6
  (v 6) 0xb
  (v 7) 0x10
  (v 8) 0x13
  (v 9) 0x0
  (v10) 0x3
  (v11) 0x0
  (v12) 0x0
  (v13) 0x0
  (v14) 0x0
  (v15) 0x1
  (v 0) 0xa
  (v 1) 0x1
  (v 2) 0x1
  (v 3) 0x1
  (v 4) 0xff
  (v 5) 0x6
  (v 6) 0xb
  (v 7) 0x10
  (v 8) 0x13
  (v 9) 0x0
  (v10) 0x3
  (v11) 0x0
  (v12) 0x0
  (v13) 0x0
  (v14) 0x0
  (v15) 0x1
  (v 0) 0xa
  (v 1) 0x1
  (v 2) 0x1
  (v 3) 0x1
  (v 4) 0xff
  (v 5) 0x6
  (v 6) 0xb
  (v 7) 0x10
  (v 8) 0x13
  (v 9) 0x0
  (v10) 0x3
  (v11) 0x0
  (v12) 0x0
  (v13) 0x0
  (v14) 0x0
  (v15) 0x1
  (v 0) 0xa
  (v 1) 0x1
  (v 2) 0x1
  (v 3) 0x1
  (v 4) 0xff
  (v 5) 0x6
  (v 6) 0xb
  (v 7) 0x10
  (v 8) 0x13
  (v 9) 0x0
  (v10) 0x3
  (v11) 0x0
  (v12) 0x0
  (v13) 0x0
  (v14) 0x0
  (v15) 0x1
  (v 0) 0xa
  (v 1) 0x1
  (v 2) 0x1
  (v 3) 0x1
  (v 4) 0xff
  (v 5) 0x7
  (v 6) 0xb
  (v 7) 0x10
  (v 8) 0x13
  (v 9) 0x0
  (v10) 0x3
  (v11) 0x0
  (v12) 0x0
  (v13) 0x0
  (v14) 0x0
  (v15) 0x1
  (v 0) 0xa
  (v 1) 0x1
  (v 2) 0x1
  (v 3) 0x1
  (v 4) 0xff
  (v 5) 0x7
  (v 6) 0xb
  (v 7) 0x10
  (v 8) 0x13
  (v 9) 0x0
  (v10) 0x3
  (v11) 0x0
  (v12) 0x0
  (v13) 0x0
  (v14) 0x0
  (v15) 0x1
  (v 0) 0x14
  (v 1) 0x1
  (v 2) 0x1
  (v 3) 0x1
  (v 4) 0xff
  (v 5) 0x7
  (v 6) 0xb
  (v 7) 0x10
  (v 8) 0x13
  (v 9) 0x0
  (v10) 0x3
  (v11) 0x0
  (v12) 0x0
  (v13) 0x0
  (v14) 0x0
  (v15) 0x1
  (v 0) 0x14
  (v 1) 0x1
  (v 2) 0x1
  (v 3) 0x1
  (v 4) 0xff
  (v 5) 0x7
  (v 6) 0xb
  (v 7) 0x10
  (v 8) 0x13
  (v 9) 0x0
  (v10) 0x3
  (v11) 0x0
  (v12) 0x0
  (v13) 0x0
  (v14) 0x0
  (v15) 0x1
  (v 0) 0x14
  (v 1) 0x1
  (v 2) 0x1
  (v 3) 0x1
  (v 4) 0xff
  (v 5) 0x7
  (v 6) 0xb
  (v 7) 0x10
  (v 8) 0x13
  (v 9) 0x0
  (v10) 0x3
  (v11) 0x0
  (v12) 0x0
  (v13) 0x0
  (v14) 0x0
  (v15) 0x1
  (v 0) 0x14
  (v 1) 0x1
  (v 2) 0x1
  (v 3) 0x1
  (v 4) 0xff
  (v 5) 0x7
  (v 6) 0xb
  (v 7) 0x10
  (v 8) 0x13
  (v 9) 0x0
  (v10) 0x3
  (v11) 0x0
  (v12) 0x0
  (v13) 0x0
  (v14) 0x0
  (v15) 0x1
  (v 0) 0x14
  (v 1) 0x1
  (v 2) 0x1
  (v 3) 0x1
  (v 4) 0xff
  (v 5) 0x7
  (v 6) 0xb
  (v 7) 0x10
  (v 8) 0x13
  (v 9) 0x0
  (v10) 0x3
  (v11) 0x0
  (v12) 0x0
  (v13) 0x0
  (v14) 0x0
  (v15) 0x1
  (v 0) 0x14
  (v 1) 0x1
  (v 2) 0x1
  (v 3) 0x1
  (v 4) 0xff
  (v 5) 0x7
  (v 6) 0xc
  (v 7) 0x10
  (v 8) 0x13
  (v 9) 0x0
  (v10) 0x3
  (v11) 0x0
  (v12) 0x0
  (v13) 0x0
  (v14) 0x0
  (v15) 0x1
  (v 0) 0x14
  (v 1) 0x1
  (v 2) 0x1
  (v 3) 0x1
  (v 4) 0xff
  (v 5) 0x7
  (v 6) 0xc
  (v 7) 0x10
  (v 8) 0x13
  (v 9) 0x0
  (v10) 0x3
  (v11) 0x0
  (v12) 0x0
  (v13) 0x0
  (v14) 0x0
  (v15) 0x1
  (v 0) 0x1e
  (v 1) 0x1
  (v 2) 0x1
  (v 3) 0x1
  (v 4) 0xff
  (v 5) 0x7
  (v 6) 0xc
  (v 7) 0x10
  (v 8) 0x13
  (v 9) 0x0
  (v10) 0x3
  (v11) 0x0
  (v12) 0x0
  (v13) 0x0
  (v14) 0x0
  (v15) 0x1
  (v 0) 0x1e
  (v 1) 0x1
  (v 2) 0x1
  (v 3) 0x1
  (v 4) 0xff
  (v 5) 0x7
  (v 6) 0xc
  (v 7) 0x10
  (v 8) 0x13
  (v 9) 0x0
  (v10) 0x3
  (v11) 0x0
  (v12) 0x0
  (v13) 0x0
  (v14) 0x0
  (v15) 0x1
  (v 0) 0x1e
  (v 1) 0x1
  (v 2) 0x1
  (v 3) 0x1
  (v 4) 0xff
  (v 5) 0x7
  (v 6) 0xc
  (v 7) 0x10
  (v 8) 0x13
  (v 9) 0x0
  (v10) 0x3
  (v11) 0x0
  (v12) 0x0
  (v13) 0x0
  (v14) 0x0
  (v15) 0x1
  (v 0) 0x1e
  (v 1) 0x1
  (v 2) 0x1
  (v 3) 0x1
  (v 4) 0xff
  (v 5) 0x7
  (v 6) 0xc
  (v 7) 0x10
  (v 8) 0x13
  (v 9) 0x0
  (v10) 0x3
  (v11) 0x0
  (v12) 0x0
  (v13) 0x0
  (v14) 0x0
  (v15) 0x1
  (v 0) 0x1e
  (v 1) 0x1
  (v 2) 0x1
  (v 3) 0x1
  (v 4) 0xff
  (v 5) 0x7
  (v 6) 0xc
  (v 7) 0x10
  (v 8) 0x13
  (v 9) 0x0
  (v10) 0x3
  (v11) 0x0
  (v12) 0x0
  (v13) 0x0
  (v14) 0x0
  (v15) 0x1
  (v 0) 0x1e
  (v 1) 0x1
  (v 2) 0x1
  (v 3) 0x1
  (v 4) 0xff
  (v 5) 0x7
  (v 6) 0xc
  (v 7) 0x11
  (v 8) 0x13
  (v 9) 0x0
  (v10) 0x3
  (v11) 0x0
  (v12) 0x0
  (v13) 0x0
  (v14) 0x0
  (v15) 0x1
  (v 0) 0x1e
  (v 1) 0x1
  (v 2) 0x1
  (v 3) 0x1
  (v 4) 0xff
  (v 5) 0x7
  (v 6) 0xc
  (v 7) 0x11
  (v 8) 0x13
  (v 9) 0x0
  (v10) 0x3
  (v11) 0x0
  (v12) 0x0
  (v13) 0x0
  (v14) 0x0
  (v15) 0x1
  (v 0) 0x28
  (v 1) 0x1
  (v 2) 0x1
  (v 3) 0x1
  (v 4) 0xff
  (v 5) 0x7
  (v 6) 0xc
  (v 7) 0x11
  (v 8) 0x13
  (v 9) 0x0
  (v10) 0x3
  (v11) 0x0
  (v12) 0x0
  (v13) 0x0
  (v14) 0x0
  (v15) 0x1
  (v 0) 0x28
  (v 1) 0x1
  (v 2) 0x1
  (v 3) 0x1
  (v 4) 0xff
  (v 5) 0x7
  (v 6) 0xc
  (v 7) 0x11
  (v 8) 0x13
  (v 9) 0x0
  (v10) 0x3
  (v11) 0x0
  (v12) 0x0
  (v13) 0x0
  (v14) 0x0
  (v15) 0x1
  (v 0) 0x28
  (v 1) 0x1
  (v 2) 0x1
  (v 3) 0x1
  (v 4) 0xff
  (v 5) 0x7
  (v 6) 0xc
  (v 7) 0x11
  (v 8) 0x13
  (v 9) 0x0
  (v10) 0x3
  (v11) 0x0
  (v12) 0x0
  (v13) 0x0
  (v14) 0x0
  (v15) 0x1
  (v 0) 0x28
  (v 1) 0x1
  (v 2) 0x1
  (v 3) 0x1
  (v 4) 0xff
  (v 5) 0x7
  (v 6) 0xc
  (v 7) 0x11
  (v 8) 0x13
  (v 9) 0x0
  (v10) 0x3
  (v11) 0x0
  (v12) 0x0
  (v13) 0x0
  (v14) 0x0
  (v15) 0x1
  (v 0) 0x28
  (v 1) 0x1
  (v 2) 0x1
  (v 3) 0x1
  (v 4) 0xff
  (v 5) 0x7
  (v 6) 0xc
  (v 7) 0x11
  (v 8) 0x13
  (v 9) 0x0
  (v10) 0x3
  (v11) 0x0
  (v12) 0x0
  (v13) 0x0
  (v14) 0x0
  (v15) 0x1
  (v 0) 0x28
  (v 1) 0x1
  (v 2) 0x1
  (v 3) 0x1
  (v 4) 0xff
  (v 5) 0x7
  (v 6) 0xc
  (v 7) 0x11
  (v 8) 0x12
  (v 9) 0x0
  (v10) 0x3
  (v11) 0x0
  (v12) 0x0
  (v13) 0x0
  (v14) 0x0
  (v15) 0x1
  (v 0) 0x28
  (v 1) 0x1
  (v 2) 0x1
  (v 3) 0x1
  (v 4) 0xff
  (v 5) 0x7
  (v 6) 0xc
  (v 7) 0x11
  (v 8) 0x12
  (v 9) 0x0
  (v10) 0x3
  (v11) 0x0
  (v12) 0x0
  (v13) 0x0
  (v14) 0x0
  (v15) 0x1
  (v 0) 0x28
  (v 1) 0x1
  (v 2) 0x1
  (v 3) 0x1
  (v 4) 0xff
  (v 5) 0x7
  (v 6) 0xc
  (v 7) 0x11
  (v 8) 0x12
  (v 9) 0x0
  (v10) 0x3
  (v11) 0x0
  (v12) 0x0
  (v13) 0x0
  (v14) 0x0
  (v15) 0x1
  (v 0) 0x28
  (v 1) 0x1
  (v 2) 0x1
  (v 3) 0x1
  (v 4) 0xff
  (v 5) 0x7
  (v 6) 0xc
  (v 7) 0x11
  (v 8) 0x12
  (v 9) 0x0
  (v10) 0x3
  (v11) 0x0
  (v12) 0x0
  (v13) 0x0
  (v14) 0x0
  (v15) 0x1
  (v 0) 0x28
  (v 1) 0x1
  (v 2) 0x1
  (v 3) 0x1
  (v 4) 0xff
  (v 5) 0x7
  (v 6) 0xc
  (v 7) 0x11
  (v 8) 0x12
  (v 9) 0x0
  (v10) 0x3
  (v11) 0x0
  (v12) 0x0
  (v13) 0x0
  (v14) 0x0
  (v15) 0x1
  (v 0) 0xa
  (v 1) 0x1
  (v 2) 0x1
  (v 3) 0x1
  (v 4) 0xff
  (v 5) 0x7
  (v 6) 0xc
  (v 7) 0x11
  (v 8) 0x12
  (v 9) 0x0
  (v10) 0x3
  (v11) 0x0
  (v12) 0x0
  (v13) 0x0
  (v14) 0x0
  (v15) 0x1
  (v 0) 0xa
  (v 1) 0x1
  (v 2) 0x1
  (v 3) 0x1
  (v 4) 0xff
  (v 5) 0x7
  (v 6) 0xc
  (v 7) 0x11
  (v 8) 0x12
  (v 9) 0x0
  (v10) 0x3
  (v11) 0x0
  (v12) 0x0
  (v13) 0x0
  (v14) 0x0
  (v15) 0x1
  (v 0) 0xa
  (v 1) 0x1
  (v 2) 0x1
  (v 3) 0x1
  (v 4) 0xff
  (v 5) 0x7
  (v 6) 0xc
  (v 7) 0x11
  (v 8) 0x12
  (v 9) 0x0
  (v10) 0x3
  (v11) 0x0
  (v12) 0x0
  (v13) 0x0
  (v14) 0x0
  (v15) 0x1
  (v 0) 0xa
  (v 1) 0x1
  (v 2) 0x1
  (v 3) 0x1
  (v 4) 0xff
  (v 5) 0x7
  (v 6) 0xc
  (v 7) 0x11
  (v 8) 0x12
  (v 9) 0x0
  (v10) 0x3
  (v11) 0x0
  (v12) 0x0
  (v13) 0x0
  (v14) 0x0
  (v15) 0x1
  (v 0) 0xa
  (v 1) 0x1
  (v 2) 0x1
  (v 3) 0x1
  (v 4) 0xff
  (v 5) 0x7
  (v 6) 0xc
  (v 7) 0x11
  (v 8) 0x12
  (v 9) 0x0
  (v10) 0x3
  (v11) 0x0
  (v12) 0x0
  (v13) 0x0
  (v14) 0x0
  (v15) 0x1
  (v 0) 0xa
  (v 1) 0x1
  (v 2) 0x1
  (v 3) 0x1
  (v 4) 0xff
  (v 5) 0x8
  (v 6) 0xc
  (v 7) 0x11
  (v 8) 0x12
  (v 9) 0x0
  (v10) 0x3
  (v11) 0x0
  (v12) 0x0
  (v13) 0x0
  (v14) 0x0
  (v15) 0x1
  (v 0) 0xa
  (v 1) 0x1
  (v 2) 0x1
  (v 3) 0x1
  (v 4) 0xff
  (v 5) 0x8
  (v 6) 0xc
  (v 7) 0x11
  (v 8) 0x12
  (v 9) 0x0
  (v10) 0x3
  (v11) 0x0
  (v12) 0x0
  (v13) 0x0
  (v14) 0x0
  (v15) 0x1
  (v 0) 0x14
  (v 1) 0x1
  (v 2) 0x1
  (v 3) 0x1
  (v 4) 0xff
  (v 5) 0x8
  (v 6) 0xc
  (v 7) 0x11
  (v 8) 0x12
  (v 9) 0x0
  (v10) 0x3
  (v11) 0x0
  (v12) 0x0
  (v13) 0x0
  (v14) 0x0
  (v15) 0x1
  (v 0) 0x14
  (v 1) 0x1
  (v 2) 0x1
  (v 3) 0x1
  (v 4) 0xff
  (v 5) 0x8
  (v 6) 0xc
  (v 7) 0x11
  (v 8) 0x12
  (v 9) 0x0
  (v10) 0x3
  (v11) 0x0
  (v12) 0x0
  (v13) 0x0
  (v14) 0x0
  (v15) 0x1
  (v 0) 0x14
  (v 1) 0x1
  (v 2) 0x1
  (v 3) 0x1
  (v 4) 0xff
  (v 5) 0x8
  (v 6) 0xc
  (v 7) 0x11
  (v 8) 0x12
  (v 9) 0x0
  (v10) 0x3
  (v11) 0x0
  (v12) 0x0
  (v13) 0x0
  (v14) 0x0
  (v15) 0x1
  (v 0) 0x14
  (v 1) 0x1
  (v 2) 0x1
  (v 3) 0x1
  (v 4) 0xff
  (v 5) 0x8
  (v 6) 0xc
  (v 7) 0x11
  (v 8) 0x12
  (v 9) 0x0
  (v10) 0x3
  (v11) 0x0
  (v12) 0x0
  (v13) 0x0
  (v14) 0x0
  (v15) 0x1
  (v 0) 0x14
  (v 1) 0x1
  (v 2) 0x1
  (v 3) 0x1
  (v 4) 0xff
  (v 5) 0x8
  (v 6) 0xc
  (v 7) 0x11
  (v 8) 0x12
  (v 9) 0x0
  (v10) 0x3
  (v11) 0x0
  (v12) 0x0
  (v13) 0x0
  (v14) 0x0
  (v15) 0x1
  (v 0) 0x14
  (v 1) 0x1
  (v 2) 0x1
  (v 3) 0x1
  (v 4) 0xff
  (v 5) 0x8
  (v 6) 0xd
  (v 7) 0x11
  (v 8) 0x12
  (v 9) 0x0
  (v10) 0x3
  (v11) 0x0
  (v12) 0x0
  (v13) 0x0
  (v14) 0x0
  (v15) 0x1
  (v 0) 0x14
  (v 1) 0x1
  (v 2) 0x1
  (v 3) 0x1
  (v 4) 0xff
  (v 5) 0x8
  (v 6) 0xd
  (v 7) 0x11
  (v 8) 0x12
  (v 9) 0x0
  (v10) 0x3
  (v11) 0x0
  (v12) 0x0
  (v13) 0x0
  (v14) 0x0
  (v15) 0x1
  (v 0) 0x1e
  (v 1) 0x1
  (v 2) 0x1
  (v 3) 0x1
  (v 4) 0xff
  (v 5) 0x8
  (v 6) 0xd
  (v 7) 0x11
  (v 8) 0x12
  (v 9) 0x0
  (v10) 0x3
  (v11) 0x0
  (v12) 0x0
  (v13) 0x0
  (v14) 0x0
  (v15) 0x1
  (v 0) 0x1e
  (v 1) 0x1
  (v 2) 0x1
  (v 3) 0x1
  (v 4) 0xff
  (v 5) 0x8
  (v 6) 0xd
  (v 7) 0x11
  (v 8) 0x12
  (v 9) 0x0
  (v10) 0x3
  (v11) 0x0
  (v12) 0x0
  (v13) 0x0
  (v14) 0x0
  (v15) 0x1
  (v 0) 0x1e
  (v 1) 0x1
  (v 2) 0x1
  (v 3) 0x1
  (v 4) 0xff
  (v 5) 0x8
  (v 6) 0xd
  (v 7) 0x11
  (v 8) 0x12
  (v 9) 0x0
  (v10) 0x3
  (v11) 0x0
  (v12) 0x0
  (v13) 0x0
  (v14) 0x0
  (v15) 0x1
  (v 0) 0x1e
  (v 1) 0x1
  (v 2) 0x1
  (v 3) 0x1
  (v 4) 0xff
  (v 5) 0x8
  (v 6) 0xd
  (v 7) 0x11
  (v 8) 0x12
  (v 9) 0x0
  (v10) 0x3
  (v11) 0x0
  (v12) 0x0
  (v13) 0x0
  (v14) 0x0
  (v15) 0x1
  (v 0) 0x1e
  (v 1) 0x1
  (v 2) 0x1
  (v 3) 0x1
  (v 4) 0xff
  (v 5) 0x8
  (v 6) 0xd
  (v 7) 0x11
  (v 8) 0x12
  (v 9) 0x0
  (v10) 0x3
  (v11) 0x0
  (v12) 0x0
  (v13) 0x0
  (v14) 0x0
  (v15) 0x1
  (v 0) 0x1e
  (v 1) 0x1
  (v 2) 0x1
  (v 3) 0x1
  (v 4) 0xff
  (v 5) 0x8
  (v 6) 0xd
  (v 7) 0x12
  (v 8) 0x12
  (v 9) 0x0
  (v10) 0x3
  (v11) 0x0
  (v12) 0x0
  (v13) 0x0
  (v14) 0x0
  (v15) 0x1
  (v 0) 0x1e
  (v 1) 0x1
  (v 2) 0x1
  (v 3) 0x1
  (v 4) 0xff
  (v 5) 0x8
  (v 6) 0xd
  (v 7) 0x12
  (v 8) 0x12
  (v 9) 0x0
  (v10) 0x3
  (v11) 0x0
  (v12) 0x0
  (v13) 0x0
  (v14) 0x0
  (v15) 0x1
  (v 0) 0x28
  (v 1) 0x1
  (v 2) 0x1
  (v 3) 0x1
  (v 4) 0xff
  (v 5) 0x8
  (v 6) 0xd
  (v 7) 0x12
  (v 8) 0x12
  (v 9) 0x0
  (v10) 0x3
  (v11) 0x0
  (v12) 0x0
  (v13) 0x0
  (v14) 0x0
  (v15) 0x1
  (v 0) 0x28
  (v 1) 0x1
  (v 2) 0x1
  (v 3) 0x1
  (v 4) 0xff
  (v 5) 0x8
  (v 6) 0xd
  (v 7) 0x12
  (v 8) 0x12
  (v 9) 0x0
  (v10) 0x3
  (v11) 0x0
  (v12) 0x0
  (v13) 0x0
  (v14) 0x0
  (v15) 0x1
  (v 0) 0x28
  (v 1) 0x1
  (v 2) 0x1
  (v 3) 0x1
  (v 4) 0xff
  (v 5) 0x8
  (v 6) 0xd
  (v 7) 0x12
  (v 8) 0x12
  (v 9) 0x0
  (v10) 0x3
  (v11) 0x0
  (v12) 0x0
  (v13) 0x0
  (v14) 0x0
  (v15) 0x1
  (v 0) 0x28
  (v 1) 0x1
  (v 2) 0x1
  (v 3) 0x1
  (v 4) 0xff
  (v 5) 0x8
  (v 6) 0xd
  (v 7) 0x12
  (v 8) 0x12
  (v 9) 0x0
  (v10) 0x3
  (v11) 0x0
  (v12) 0x0
  (v13) 0x0
  (v14) 0x0
  (v15) 0x1
  (v 0) 0x28
  (v 1) 0x1
  (v 2) 0x1
  (v 3) 0x1
  (v 4) 0xff
  (v 5) 0x8
  (v 6) 0xd
  (v 7) 0x12
  (v 8) 0x12
  (v 9) 0x0
  (v10) 0x3
  (v11) 0x0
  (v12) 0x0
  (v13) 0x0
  (v14) 0x0
  (v15) 0x1
  (v 0) 0x28
  (v 1) 0x1
  (v 2) 0x1
  (v 3) 0x1
  (v 4) 0xff
  (v 5) 0x8
  (v 6) 0xd
  (v 7) 0x12
  (v 8) 0x11
  (v 9) 0x0
  (v10) 0x3
  (v11) 0x0
  (v12) 0x0
  (v13) 0x0
  (v14) 0x0
  (v15) 0x1
  (v 0) 0x28
  (v 1) 0x1
  (v 2) 0x1
  (v 3) 0x1
  (v 4) 0xff
  (v 5) 0x8
  (v 6) 0xd
  (v 7) 0x12
  (v 8) 0x11
  (v 9) 0x0
  (v10) 0x3
  (v11) 0x0
  (v12) 0x0
  (v13) 0x0
  (v14) 0x0
  (v15) 0x1
  (v 0) 0x28
  (v 1) 0x1
  (v 2) 0x1
  (v 3) 0x1
  (v 4) 0xff
  (v 5) 0x8
  (v 6) 0xd
  (v 7) 0x12
  (v 8) 0x11
  (v 9) 0x0
  (v10) 0x3
  (v11) 0x0
  (v12) 0x0
  (v13) 0x0
  (v14) 0x0
  (v15) 0x1
  (v 0) 0x28
  (v 1) 0x1
  (v 2) 0x1
  (v 3) 0x1
  (v 4) 0xff
  (v 5) 0x8
  (v 6) 0xd
  (v 7) 0x12
  (v 8) 0x11
  (v 9) 0x0
  (v10) 0x3
  (v11) 0x0
  (v12) 0x0
  (v13) 0x0
  (v14) 0x0
  (v15) 0x1
  (v 0) 0x28
  (v 1) 0x1
  (v 2) 0x1
  (v 3) 0x1
  (v 4) 0xff
  (v 5) 0x8
  (v 6) 0xd
  (v 7) 0x12
  (v 8) 0x11
  (v 9) 0x0
  (v10) 0x3
  (v11) 0x0
  (v12) 0x0
  (v13) 0x0
  (v14) 0x0
  (v15) 0x1
  (v 0) 0xa
  (v 1) 0x1
  (v 2) 0x1
  (v 3) 0x1
  (v 4) 0xff
  (v 5) 0x8
  (v 6) 0xd
  (v 7) 0x12
  (v 8) 0x11
  (v 9) 0x0
  (v10) 0x3
  (v11) 0x0
  (v12) 0x0
  (v13) 0x0
  (v14) 0x0
  (v15) 0x1
  (v 0) 0xa
  (v 1) 0x1
  (v 2) 0x1
  (v 3) 0x1
  (v 4) 0xff
  (v 5) 0x8
  (v 6) 0xd
  (v 7) 0x12
  (v 8) 0x11
  (v 9) 0x0
  (v10) 0x3
  (v11) 0x0
  (v12) 0x0
  (v13) 0x0
  (v14) 0x0
  (v15) 0x1
  (v 0) 0xa
  (v 1) 0x1
  (v 2) 0x1
  (v 3) 0x1
  (v 4) 0xff
  (v 5) 0x8
  (v 6) 0xd
  (v 7) 0x12
  (v 8) 0x11
  (v 9) 0x0
  (v10) 0x3
  (v11) 0x0
  (v12) 0x0
  (v13) 0x0
  (v14) 0x0
  (v15) 0x1
  (v 0) 0xa
  (v 1) 0x1
  (v 2) 0x1
  (v 3) 0x1
  (v 4) 0xff
  (v 5) 0x8
  (v 6) 0xd
  (v 7) 0x12
  (v 8) 0x11
  (v 9) 0x0
  (v10) 0x3
  (v11) 0x0
  (v12) 0x0
  (v13) 0x0
  (v14) 0x0
  (v15) 0x1
  (v 0) 0xa
  (v 1) 0x1
  (v 2) 0x1
  (v 3) 0x1
  (v 4) 0xff
  (v 5) 0x8
  (v 6) 0xd
  (v 7) 0x12
  (v 8) 0x11
  (v 9) 0x0
  (v10) 0x3
  (v11) 0x0
  (v12) 0x0
  (v13) 0x0
  (v14) 0x0
  (v15) 0x1
  (v 0) 0xa
  (v 1) 0x1
  (v 2) 0x1
  (v 3) 0x1
  (v 4) 0xff
  (v 5) 0x9
  (v 6) 0xd
  (v 7) 0x12
  (v 8) 0x11
  (v 9) 0x0
  (v10) 0x3
  (v11) 0x0
  (v12) 0x0
  (v13) 0x0
  (v14) 0x0
  (v15) 0x1
  (v 0) 0xa
  (v 1) 0x1
  (v 2) 0x1
  (v 3) 0x1
  (v 4) 0xff
  (v 5) 0x9
  (v 6) 0xd
  (v 7) 0x12
  (v 8) 0x11
  (v 9) 0x0
  (v10) 0x3
  (v11) 0x0
  (v12) 0x0
  (v13) 0x0
  (v14) 0x0
  (v15) 0x1
  (v 0) 0x14
  (v 1) 0x1
  (v 2) 0x1
  (v 3) 0x1
  (v 4) 0xff
  (v 5) 0x9
  (v 6) 0xd
  (v 7) 0x12
  (v 8) 0x11
  (v 9) 0x0
  (v10) 0x3
  (v11) 0x0
  (v12) 0x0
  (v13) 0x0
  (v14) 0x0
  (v15) 0x1
  (v 0) 0x14
  (v 1) 0x1
  (v 2) 0x1
  (v 3) 0x1
  (v 4) 0xff
  (v 5) 0x9
  (v 6) 0xd
  (v 7) 0x12
  (v 8) 0x11
  (v 9) 0x0
  (v10) 0x3
  (v11) 0x0
  (v12) 0x0
  (v13) 0x0
  (v14) 0x0
  (v15) 0x1
  (v 0) 0x14
  (v 1) 0x1
  (v 2) 0x1
  (v 3) 0x1
  (v 4) 0xff
  (v 5) 0x9
  (v 6) 0xd
  (v 7) 0x12
  (v 8) 0x11
  (v 9) 0x0
  (v10) 0x3
  (v11) 0x0
  (v12) 0x0
  (v13) 0x0
  (v14) 0x0
  (v15) 0x1
  (v 0) 0x14
  (v 1) 0x1
  (v 2) 0x1
  (v 3) 0x1
  (v 4) 0xff
  (v 5) 0x9
  (v 6) 0xd
  (v 7) 0x12
  (v 8) 0x11
  (v 9) 0x0
  (v10) 0x3
  (v11) 0x0
  (v12) 0x0
  (v13) 0x0
  (v14) 0x0
  (v15) 0x1
  (v 0) 0x14
  (v 1) 0x1
  (v 2) 0x1
  (v 3) 0x1
  (v 4) 0xff
  (v 5) 0x9
  (v 6) 0xd
  (v 7) 0x12
  (v 8) 0x11
  (v 9) 0x0
  (v10) 0x3
  (v11) 0x0
  (v12) 0x0
  (v13) 0x0
  (v14) 0x0
  (v15) 0x1
  (v 0) 0x14
  (v 1) 0x1
  (v 2) 0x1
  (v 3) 0x1
  (v 4) 0xff
  (v 5) 0x9
  (v 6) 0xe
  (v 7) 0x12
  (v 8) 0x11
  (v 9) 0x0
  (v10) 0x3
  (v11) 0x0
  (v12) 0x0
  (v13) 0x0
  (v14) 0x0
  (v15) 0x1
  (v 0) 0x14
  (v 1) 0x1
  (v 2) 0x1
  (v 3) 0x1
  (v 4) 0xff
  (v 5) 0x9
  (v 6) 0xe
  (v 7) 0x12
  (v 8) 0x11
  (v 9) 0x0
  (v10) 0x3
  (v11) 0x0
  (v12) 0x0
  (v13) 0x0
  (v14) 0x0
  (v15) 0x1
  (v 0) 0x1e
  (v 1) 0x1
  (v 2) 0x1
  (v 3) 0x1
  (v 4) 0xff
  (v 5) 0x9
  (v 6) 0xe
  (v 7) 0x12
  (v 8) 0x11
  (v 9) 0x0
  (v10) 0x3
  (v11) 0x0
  (v12) 0x0
  (v13) 0x0
  (v14) 0x0
  (v15) 0x1
  (v 0) 0x1e
  (v 1) 0x1
  (v 2) 0x1
  (v 3) 0x1
  (v 4) 0xff
  (v 5) 0x9
  (v 6) 0xe
  (v 7) 0x12
  (v 8) 0x11
  (v 9) 0x0
  (v10) 0x3
  (v11) 0x0
  (v12) 0x0
  (v13) 0x0
  (v14) 0x0
  (v15) 0x1
  (v 0) 0x1e
  (v 1) 0x1
  (v 2) 0x1
  (v 3) 0x1
  (v 4) 0xff
  (v 5) 0x9
  (v 6) 0xe
  (v 7) 0x12
  (v 8) 0x11
  (v 9) 0x0
  (v10) 0x3
  (v11) 0x0
  (v12) 0x0
  (v13) 0x0
  (v14) 0x0
  (v15) 0x1
  (v 0) 0x1e
  (v 1) 0x1
  (v 2) 0x1
  (v 3) 0x1
  (v 4) 0xff
  (v 5) 0x9
  (v 6) 0xe
  (v 7) 0x12
  (v 8) 0x11
  (v 9) 0x0
  (v10) 0x3
  (v11) 0x0
  (v12) 0x0
  (v13) 0x0
  (v14) 0x0
  (v15) 0x1
  (v 0) 0x1e
  (v 1) 0x1
  (v 2) 0x1
  (v 3) 0x1
  (v 4) 0xff
  (v 5) 0x9
  (v 6) 0xe
  (v 7) 0x12
  (v 8) 0x11
  (v 9) 0x0
  (v10) 0x3
  (v11) 0x0
  (v12) 0x0
  (v13) 0x0
  (v14) 0x0
  (v15) 0x1
  (v 0) 0x1e
  (v 1) 0x1
  (v 2) 0x1
  (v 3) 0x1
  (v 4) 0xff
  (v 5) 0x9
  (v 6) 0xe
  (v 7) 0x13
  (v 8) 0x11
  (v 9) 0x0
  (v10) 0x3
  (v11) 0x0
  (v12) 0x0
  (v13) 0x0
  (v14) 0x0
  (v15) 0x1
  (v 0) 0x1e
  (v 1) 0x1
  (v 2) 0x1
  (v 3) 0x1
  (v 4) 0xff
  (v 5) 0x9
  (v 6) 0xe
  (v 7) 0x13
  (v 8) 0x11
  (v 9) 0x0
  (v10) 0x3
  (v11) 0x0
  (v12) 0x0
  (v13) 0x0
  (v14) 0x0
  (v15) 0x1
  (v 0) 0x28
  (v 1) 0x1
  (v 2) 0x1
  (v 3) 0x1
  (v 4) 0xff
  (v 5) 0x9
  (v 6) 0xe
  (v 7) 0x13
  (v 8) 0x11
  (v 9) 0x0
  (v10) 0x3
  (v11) 0x0
  (v12) 0x0
  (v13) 0x0
  (v14) 0x0
  (v15) 0x1
  (v 0) 0x28
  (v 1) 0x1
  (v 2) 0x1
  (v 3) 0x1
  (v 4) 0xff
  (v 5) 0x9
  (v 6) 0xe
  (v 7) 0x13
  (v 8) 0x11
  (v 9) 0x0
  (v10) 0x3
  (v11) 0x0
  (v12) 0x0
  (v13) 0x0
  (v14) 0x0
  (v15) 0x1
  (v 0) 0x28
  (v 1) 0x1
  (v 2) 0x1
  (v 3) 0x1
  (v 4) 0xff
  (v 5) 0x9
  (v 6) 0xe
  (v 7) 0x13
  (v 8) 0x11
  (v 9) 0x0
  (v10) 0x3
  (v11) 0x0
  (v12) 0x0
  (v13) 0x0
  (v14) 0x0
  (v15) 0x1
  (v 0) 0x28
  (v 1) 0x1
  (v 2) 0x1
  (v 3) 0x1
  (v 4) 0xff
  (v 5) 0x9
  (v 6) 0xe
  (v 7) 0x13
  (v 8) 0x11
  (v 9) 0x0
  (v10) 0x3
  (v11) 0x0
  (v12) 0x0
  (v13) 0x0
  (v14) 0x0
  (v15) 0x1
  (v 0) 0x28
  (v 1) 0x1
  (v 2) 0x1
  (v 3) 0x1
  (v 4) 0xff
  (v 5) 0x9
  (v 6) 0xe
  (v 7) 0x13
  (v 8) 0x11
  (v 9) 0x0
  (v10) 0x3
  (v11) 0x0
  (v12) 0x0
  (v13) 0x0
  (v14) 0x0
  (v15) 0x1
  (v 0) 0x28
  (v 1) 0x1
  (v 2) 0x1
  (v 3) 0x1
  (v 4) 0xff
  (v 5) 0x9
  (v 6) 0xe
  (v 7) 0x13
  (v 8) 0x10
  (v 9) 0x0
  (v10) 0x3
  (v11) 0x0
  (v12) 0x0
  (v13) 0x0
  (v14) 0x0
  (v15) 0x1
  (v 0) 0x28
  (v 1) 0x1
  (v 2) 0x1
  (v 3) 0x1
  (v 4) 0xff
  (v 5) 0x9
  (v 6) 0xe
  (v 7) 0x13
  (v 8) 0x10
  (v 9) 0x0
  (v10) 0x3
  (v11) 0x0
  (v12) 0x0
  (v13) 0x0
  (v14) 0x0
  (v15) 0x1
  (v 0) 0x28
  (v 1) 0x1
  (v 2) 0x1
  (v 3) 0x1
  (v 4) 0xff
  (v 5) 0x9
  (v 6) 0xe
  (v 7) 0x13
  (v 8) 0x10
  (v 9) 0x0
  (v10) 0x3
  (v11) 0x0
  (v12) 0x0
  (v13) 0x0
  (v14) 0x0
  (v15) 0x1
  (v 0) 0x28
  (v 1) 0x1
  (v 2) 0x1
  (v 3) 0x1
  (v 4) 0xff
  (v 5) 0x9
  (v 6) 0xe
  (v 7) 0x13
  (v 8) 0x10
  (v 9) 0x0
  (v10) 0x3
  (v11) 0x0
  (v12) 0x0
  (v13) 0x0
  (v14) 0x0
  (v15) 0x1
  (v 0) 0x28
  (v 1) 0x1
  (v 2) 0x1
  (v 3) 0x1
  (v 4) 0xff
  (v 5) 0x9
  (v 6) 0xe
  (v 7) 0x13
  (v 8) 0x10
  (v 9) 0x0
  (v10) 0x3
  (v11) 0x0
  (v12) 0x0
  (v13) 0x0
  (v14) 0x0
  (v15) 0x1
  (v 0) 0xa
  (v 1) 0x1
  (v 2) 0x1
  (v 3) 0x1
  (v 4) 0xff
  (v 5) 0x9
  (v 6) 0xe
  (v 7) 0x13
  (v 8) 0x10
  (v 9) 0x0
  (v10) 0x3
  (v11) 0x0
  (v12) 0x0
  (v13) 0x0
  (v14) 0x0
  (v15) 0x1
  (v 0) 0xa
  (v 1) 0x1
  (v 2) 0x1
  (v 3) 0x1
  (v 4) 0xff
  (v 5) 0x9
  (v 6) 0xe
  (v 7) 0x13
  (v 8) 0x10
  (v 9) 0x0
  (v10) 0x3
  (v11) 0x0
  (v12) 0x0
  (v13) 0x0
  (v14) 0x0
  (v15) 0x1
  (v 0) 0xa
  (v 1) 0x1
  (v 2) 0x1
  (v 3) 0x1
  (v 4) 0xff
  (v 5) 0x9
  (v 6) 0xe
  (v 7) 0x13
  (v 8) 0x10
  (v 9) 0x0
  (v10) 0x3
  (v11) 0x0
  (v12) 0x0
  (v13) 0x0
  (v14) 0x0
  (v15) 0x1
  (v 0) 0xa
  (v 1) 0x1
  (v 2) 0x1
  (v 3) 0x1
  (v 4) 0xff
  (v 5) 0x9
  (v 6) 0xe
  (v 7) 0x13
  (v 8) 0x10
  (v 9) 0x0
  (v10) 0x3
  (v11) 0x0
  (v12) 0x0
  (v13) 0x0
  (v14) 0x0
  (v15) 0x1
  (v 0) 0xa
  (v 1) 0x1
  (v 2) 0x1
  (v 3) 0x1
  (v 4) 0xff
  (v 5) 0x9
  (v 6) 0xe
  (v 7) 0x13
  (v 8) 0x10
  (v 9) 0x0
  (v10) 0x3
  (v11) 0x0
  (v12) 0x0
  (v13) 0x0
  (v14) 0x0
  (v15) 0x1
  (v 0) 0xa
  (v 1) 0x1
  (v 2) 0x1
  (v 3) 0x1
  (v 4) 0xff
  (v 5) 0xa
  (v 6) 0xe
  (v 7) 0x13
  (v 8) 0x10
  (v 9) 0x0
  (v10) 0x3
  (v11) 0x0
  (v12) 0x0
  (v13) 0x0
  (v14) 0x0
  (v15) 0x1
  (v 0) 0xa
  (v 1) 0x1
  (v 2) 0x1
  (v 3) 0x1
  (v 4) 0xff
  (v 5) 0xa
  (v 6) 0xe
  (v 7) 0x13
  (v 8) 0x10
  (v 9) 0x0
  (v10) 0x3
  (v11) 0x0
  (v12) 0x0
  (v13) 0x0
  (v14) 0x0
  (v15) 0x1
  (v 0) 0x14
  (v 1) 0x1
  (v 2) 0x1
  (v 3) 0x1
  (v 4) 0xff
  (v 5) 0xa
  (v 6) 0xe
  (v 7) 0x13
  (v 8) 0x10
  (v 9) 0x0
  (v10) 0x3
  (v11) 0x0
  (v12) 0x0
  (v13) 0x0
  (v14) 0x0
  (v15) 0x1
  (v 0) 0x14
  (v 1) 0x1
  (v 2) 0x1
  (v 3) 0x1
  (v 4) 0xff
  (v 5) 0xa
  (v 6) 0xe
  (v 7) 0x13
  (v 8) 0x10
  (v 9) 0x0
  (v10) 0x3
  (v11) 0x0
  (v12) 0x0
  (v13) 0x0
  (v14) 0x0
  (v15) 0x1
  (v 0) 0x14
  (v 1) 0x1
  (v 2) 0x1
  (v 3) 0x1
  (v 4) 0xff
  (v 5) 0xa
  (v 6) 0xe
  (v 7) 0x13
  (v 8) 0x10
  (v 9) 0x0
  (v10) 0x3
  (v11) 0x0
  (v12) 0x0
  (v13) 0x0
  (v14) 0x0
  (v15) 0x1
  (v 0) 0x14
  (v 1) 0x1
  (v 2) 0x1
  (v 3) 0x1
  (v 4) 0xff
  (v 5) 0xa
  (v 6) 0xe
  (v 7) 0x13
  (v 8) 0x10
  (v 9) 0x0
  (v10) 0x3
  (v11) 0x0
  (v12) 0x0
  (v13) 0x0
  (v14) 0x0
  (v15) 0x1
  (v 0) 0x14
  (v 1) 0x1
  (v 2) 0x1
  (v 3) 0x1
  (v 4) 0xff
  (v 5) 0xa
  (v 6) 0xe
  (v 7) 0x13
  (v 8) 0x10
  (v 9) 0x0
  (v10) 0x3
  (v11) 0x0
  (v12) 0x0
  (v13) 0x0
  (v14) 0x0
  (v15) 0x1
  (v 0) 0x14
  (v 1) 0x1
  (v 2) 0x1
  (v 3) 0x1
  (v 4) 0xff
  (v 5) 0xa
  (v 6) 0xf
  (v 7) 0x13
  (v 8) 0x10
  (v 9) 0x0
  (v10) 0x3
  (v11) 0x0
  (v12) 0x0
  (v13) 0x0
  (v14) 0x0
  (v15) 0x1
  (v 0) 0x14
  (v 1) 0x1
  (v 2) 0x1
  (v 3) 0x1
  (v 4) 0xff
  (v 5) 0xa
  (v 6) 0xf
  (v 7) 0x13
  (v 8) 0x10
  (v 9) 0x0
  (v10) 0x3
  (v11) 0x0
  (v12) 0x0
  (v13) 0x0
  (v14) 0x0
  (v15) 0x1
  (v 0) 0x1e
  (v 1) 0x1
  (v 2) 0x1
  (v 3) 0x1
  (v 4) 0xff
  (v 5) 0xa
  (v 6) 0xf
  (v 7) 0x13
  (v 8) 0x10
  (v 9) 0x0
  (v10) 0x3
  (v11) 0x0
  (v12) 0x0
  (v13) 0x0
  (v14) 0x0
  (v15) 0x1
  (v 0) 0x1e
  (v 1) 0x1
  (v 2) 0x1
  (v 3) 0x1
  (v 4) 0xff
  (v 5) 0xa
  (v 6) 0xf
  (v 7) 0x13
  (v 8) 0x10
  (v 9) 0x0
  (v10) 0x3
  (v11) 0x0
  (v12) 0x0
  (v13) 0x0
  (v14) 0x0
  (v15) 0x1
  (v 0) 0x1e
  (v 1) 0x1
  (v 2) 0x1
  (v 3) 0x1
  (v 4) 0xff
  (v 5) 0xa
  (v 6) 0xf
  (v 7) 0x13
  (v 8) 0x10
  (v 9) 0x0
  (v10) 0x3
  (v11) 0x0
  (v12) 0x0
  (v13) 0x0
  (v14) 0x0
  (v15) 0x1
  (v 0) 0x1e
  (v 1) 0x1
  (v 2) 0x1
  (v 3) 0x1
  (v 4) 0xff
  (v 5) 0xa
  (v 6) 0xf
  (v 7) 0x13
  (v 8) 0x10
  (v 9) 0x0
  (v10) 0x3
  (v11) 0x0
  (v12) 0x0
  (v13) 0x0
  (v14) 0x0
  (v15) 0x1
  (v 0) 0x1e
  (v 1) 0x1
  (v 2) 0x1
  (v 3) 0x1
  (v 4) 0xff
  (v 5) 0xa
  (v 6) 0xf
  (v 7) 0x13
  (v 8) 0x10
  (v 9) 0x0
  (v10) 0x3
  (v11) 0x0
  (v12) 0x0
  (v13) 0x0
  (v14) 0x0
  (v15) 0x1
  (v 0) 0x1e
  (v 1) 0x1
  (v 2) 0x1
  (v 3) 0x1
  (v 4) 0xff
  (v 5) 0xa
  (v 6) 0xf
  (v 7) 0x14
  (v 8) 0x10
  (v 9) 0x0
  (v10) 0x3
  (v11) 0x0
  (v12) 0x0
  (v13) 0x0
  (v14) 0x0
  (v15) 0x1
  (v 0) 0x1e
  (v 1) 0x1
  (v 2) 0x1
  (v 3) 0x1
  (v 4) 0xff
  (v 5) 0xa
  (v 6) 0xf
  (v 7) 0x14
  (v 8) 0x10
  (v 9) 0x0
  (v10) 0x3
  (v11) 0x0
  (v12) 0x0
  (v13) 0x0
  (v14) 0x0
  (v15) 0x1
  (v 0) 0x28
  (v 1) 0x1
  (v 2) 0x1
  (v 3) 0x1
  (v 4) 0xff
  (v 5) 0xa
  (v 6) 0xf
  (v 7) 0x14
  (v 8) 0x10
  (v 9) 0x0
  (v10) 0x3
  (v11) 0x0
  (v12) 0x0
  (v13) 0x0
  (v14) 0x0
  (v15) 0x1
  (v 0) 0x28
  (v 1) 0x1
  (v 2) 0x1
  (v 3) 0x1
  (v 4) 0xff
  (v 5) 0xa
  (v 6) 0xf
  (v 7) 0x14
  (v 8) 0x10
  (v 9) 0x0
  (v10) 0x3
  (v11) 0x0
  (v12) 0x0
  (v13) 0x0
  (v14) 0x0
  (v15) 0x1
  (v 0) 0x28
  (v 1) 0x1
  (v 2) 0x1
  (v 3) 0x1
  (v 4) 0xff
  (v 5) 0xa
  (v 6) 0xf
  (v 7) 0x14
  (v 8) 0x10
  (v 9) 0x0
  (v10) 0x3
  (v11) 0x0
  (v12) 0x0
  (v13) 0x0
  (v14) 0x0
  (v15) 0x1
  (v 0) 0x28
  (v 1) 0x1
  (v 2) 0x1
  (v 3) 0x1
  (v 4) 0xff
  (v 5) 0xa
  (v 6) 0xf
  (v 7) 0x14
  (v 8) 0x10
  (v 9) 0x0
  (v10) 0x3
  (v11) 0x0
  (v12) 0x0
  (v13) 0x0
  (v14) 0x0
  (v15) 0x1
  (v 0) 0x28
  (v 1) 0x1
  (v 2) 0x1
  (v 3) 0x1
  (v 4) 0xff
  (v 5) 0xa
  (v 6) 0xf
  (v 7) 0x14
  (v 8) 0x10
  (v 9) 0x0
  (v10) 0x3
  (v11) 0x0
  (v12) 0x0
  (v13) 0x0
  (v14) 0x0
  (v15) 0x1
  (v 0) 0x28
  (v 1) 0x1
  (v 2) 0x1
  (v 3) 0x1
  (v 4) 0xff
  (v 5) 0xa
  (v 6) 0xf
  (v 7) 0x14
  (v 8) 0xf
  (v 9) 0x0
  (v10) 0x3
  (v11) 0x0
  (v12) 0x0
  (v13) 0x0
  (v14) 0x0
  (v15) 0x1
  (v 0) 0x28
  (v 1) 0x1
  (v 2) 0x1
  (v 3) 0x1
  (v 4) 0xff
  (v 5) 0xa
  (v 6) 0xf
  (v 7) 0x14
  (v 8) 0xf
  (v 9) 0x0
  (v10) 0x3
  (v11) 0x0
  (v12) 0x0
  (v13) 0x0
  (v14) 0x0
  (v15) 0x1
  (v 0) 0x28
  (v 1) 0x1
  (v 2) 0x1
  (v 3) 0x1
  (v 4) 0xff
  (v 5) 0xa
  (v 6) 0xf
  (v 7) 0x14
  (v 8) 0xf
  (v 9) 0x0
  (v10) 0x3
  (v11) 0x0
  (v12) 0x0
  (v13) 0x0
  (v14) 0x0
  (v15) 0x1
  (v 0) 0x28
  (v 1) 0x1
  (v 2) 0x1
  (v 3) 0x1
  (v 4) 0xff
  (v 5) 0xa
  (v 6) 0xf
  (v 7) 0x14
  (v 8) 0xf
  (v 9) 0x0
  (v10) 0x3
  (v11) 0x0
  (v12) 0x0
  (v13) 0x0
  (v14) 0x0
  (v15) 0x1
  (v 0) 0x28
  (v 1) 0x1
  (v 2) 0x1
  (v 3) 0x1
  (v 4) 0xff
  (v 5) 0xa
  (v 6) 0xf
  (v 7) 0x14
  (v 8) 0xf
  (v 9) 0x0
  (v10) 0x3
  (v11) 0x0
  (v12) 0x0
  (v13) 0x0
  (v14) 0x0
  (v15) 0x1
  (v 0) 0xa
  (v 1) 0x1
  (v 2) 0x1
  (v 3) 0x1
  (v 4) 0xff
  (v 5) 0xa
  (v 6) 0xf
  (v 7) 0x14
  (v 8) 0xf
  (v 9) 0x0
  (v10) 0x3
  (v11) 0x0
  (v12) 0x0
  (v13) 0x0
  (v14) 0x0
  (v15) 0x1
  (v 0) 0xa
  (v 1) 0x1
  (v 2) 0x1
  (v 3) 0x1
  (v 4) 0xff
  (v 5) 0xa
  (v 6) 0xf
  (v 7) 0x14
  (v 8) 0xf
  (v 9) 0x0
  (v10) 0x3
  (v11) 0x0
  (v12) 0x0
  (v13) 0x0
  (v14) 0x0
  (v15) 0x1
  (v 0) 0xa
  (v 1) 0x1
  (v 2) 0x1
  (v 3) 0x1
  (v 4) 0xff
  (v 5) 0xa
  (v 6) 0xf
  (v 7) 0x14
  (v 8) 0xf
  (v 9) 0x0
  (v10) 0x3
  (v11) 0x0
  (v12) 0x0
  (v13) 0x0
  (v14) 0x0
  (v15) 0x1
  (v 0) 0xa
  (v 1) 0x1
  (v 2) 0x1
  (v 3) 0x1
  (v 4) 0xff
  (v 5) 0xa
  (v 6) 0xf
  (v 7) 0x14
  (v 8) 0xf
  (v 9) 0x0
  (v10) 0x3
  (v11) 0x0
  (v12) 0x0
  (v13) 0x0
  (v14) 0x0
  (v15) 0x1
  (v 0) 0xa
  (v 1) 0x1
  (v 2) 0x1
  (v 3) 0x1
  (v 4) 0xff
  (v 5) 0xa
  (v 6) 0xf
  (v 7) 0x14
  (v 8) 0xf
  (v 9) 0x0
  (v10) 0x3
  (v11) 0x0
  (v12) 0x0
  (v13) 0x0
  (v14) 0x0
  (v15) 0x1
  (v 0) 0xa
  (v 1) 0x1
  (v 2) 0x1
  (v 3) 0x1
  (v 4) 0xff
  (v 5) 0xb
  (v 6) 0xf
  (v 7) 0x14
  (v 8) 0xf
  (v 9) 0x0
  (v10) 0x3
  (v11) 0x0
  (v12) 0x0
  (v13) 0x0
  (v14) 0x0
  (v15) 0x1
  (v 0) 0xa
  (v 1) 0x1
  (v 2) 0x1
  (v 3) 0x1
  (v 4) 0xff
  (v 5) 0xb
  (v 6) 0xf
  (v 7) 0x14
  (v 8) 0xf
  (v 9) 0x0
  (v10) 0x3
  (v11) 0x0
  (v12) 0x0
  (v13) 0x0
  (v14) 0x0
  (v15) 0x1
  (v 0) 0x14
  (v 1) 0x1
  (v 2) 0x1
  (v 3) 0x1
  (v 4) 0xff
  (v 5) 0xb
  (v 6) 0xf
  (v 7) 0x14
  (v 8) 0xf
  (v 9) 0x0
  (v10) 0x3
  (v11) 0x0
  (v12) 0x0
  (v13) 0x0
  (v14) 0x0
  (v15) 0x1
  (v 0) 0x14
  (v 1) 0x1
  (v 2) 0x1
  (v 3) 0x1
  (v 4) 0xff
  (v 5) 0xb
  (v 6) 0xf
  (v 7) 0x14
  (v 8) 0xf
  (v 9) 0x0
  (v10) 0x3
  (v11) 0x0
  (v12) 0x0
  (v13) 0x0
  (v14) 0x0
  (v15) 0x1
  (v 0) 0x14
  (v 1) 0x1
  (v 2) 0x1
  (v 3) 0x1
  (v 4) 0xff
  (v 5) 0xb
  (v 6) 0xf
  (v 7) 0x14
  (v 8) 0xf
  (v 9) 0x0
  (v10) 0x3
  (v11) 0x0
  (v12) 0x0
  (v13) 0x0
  (v14) 0x0
  (v15) 0x1
  (v 0) 0x14
  (v 1) 0x1
  (v 2) 0x1
  (v 3) 0x1
  (v 4) 0xff
  (v 5) 0xb
  (v 6) 0xf
  (v 7) 0x14
  (v 8) 0xf
  (v 9) 0x0
  (v10) 0x3
  (v11) 0x0
  (v12) 0x0
  (v13) 0x0
  (v14) 0x0
  (v15) 0x1
  (v 0) 0x14
  (v 1) 0x1
  (v 2) 0x1
  (v 3) 0x1
  (v 4) 0xff
  (v 5) 0xb
  (v 6) 0xf
  (v 7) 0x14
  (v 8) 0xf
  (v 9) 0x0
  (v10) 0x3
  (v11) 0x0
  (v12) 0x0
  (v13) 0x0
  (v14) 0x0
  (v15) 0x1
  (v 0) 0x14
  (v 1) 0x1
  (v 2) 0x1
  (v 3) 0x1
  (v 4) 0xff
  (v 5) 0xb
  (v 6) 0x10
  (v 7) 0x14
  (v 8) 0xf
  (v 9) 0x0
  (v10) 0x3
  (v11) 0x0
  (v12) 0x0
  (v13) 0x0
  (v14) 0x0
  (v15) 0x1
  (v 0) 0x14
  (v 1) 0x1
  (v 2) 0x1
  (v 3) 0x1
  (v 4) 0xff
  (v 5) 0xb
  (v 6) 0x10
  (v 7) 0x14
  (v 8) 0xf
  (v 9) 0x0
  (v10) 0x3
  (v11) 0x0
  (v12) 0x0
  (v13) 0x0
  (v14) 0x0
  (v15) 0x1
  (v 0) 0x1e
  (v 1) 0x1
  (v 2) 0x1
  (v 3) 0x1
  (v 4) 0xff
  (v 5) 0xb
  (v 6) 0x10
  (v 7) 0x14
  (v 8) 0xf
  (v 9) 0x0
  (v10) 0x3
  (v11) 0x0
  (v12) 0x0
  (v13) 0x0
  (v14) 0x0
  (v15) 0x1
  (v 0) 0x1e
  (v 1) 0x1
  (v 2) 0x1
  (v 3) 0x1
  (v 4) 0xff
  (v 5) 0xb
  (v 6) 0x10
  (v 7) 0x14
  (v 8) 0xf
  (v 9) 0x0
  (v10) 0x3
  (v11) 0x0
  (v12) 0x0
  (v13) 0x0
  (v14) 0x0
  (v15) 0x1
  (v 0) 0x1e
  (v 1) 0x1
  (v 2) 0x1
  (v 3) 0x1
  (v 4) 0xff
  (v 5) 0xb
  (v 6) 0x10
  (v 7) 0x14
  (v 8) 0xf
  (v 9) 0x0
  (v10) 0x3
  (v11) 0x0
  (v12) 0x0
  (v13) 0x0
  (v14) 0x0
  (v15) 0x1
  (v 0) 0x1e
  (v 1) 0x1
  (v 2) 0x1
  (v 3) 0x1
  (v 4) 0xff
  (v 5) 0xb
  (v 6) 0x10
  (v 7) 0x14
  (v 8) 0xf
  (v 9) 0x0
  (v10) 0x3
  (v11) 0x0
  (v12) 0x0
  (v13) 0x0
  (v14) 0x0
  (v15) 0x1
  (v 0) 0x1e
  (v 1) 0x1
  (v 2) 0x1
  (v 3) 0xff
  (v 4) 0xff
  (v 5) 0xb
  (v 6) 0x10
  (v 7) 0x14
  (v 8) 0xf
  (v 9) 0x0
  (v10) 0x3
  (v11) 0x0
  (v12) 0x0
  (v13) 0x0
  (v14) 0x0
  (v15) 0x1
  (v 0) 0x1e
  (v 1) 0x1
  (v 2) 0x1
  (v 3) 0xff
  (v 4) 0xff
  (v 5) 0xb
  (v 6) 0x10
  (v 7) 0x14
  (v 8) 0xf
  (v 9) 0x0
  (v10) 0x3
  (v11) 0x0
  (v12) 0x0
  (v13) 0x0
  (v14) 0x0
  (v15) 0x1
  (v 0) 0x1e
  (v 1) 0x1
  (v 2) 0x1
  (v 3) 0xff
  (v 4) 0xff
  (v 5) 0xb
  (v 6) 0x10
  (v 7) 0x13
  (v 8) 0xf
  (v 9) 0x0
  (v10) 0x3
  (v11) 0x0
  (v12) 0x0
  (v13) 0x0
  (v14) 0x0
  (v15) 0x1
